Archive member included to satisfy reference by file (symbol)

/Applications/STM32CubeIDE.app/Contents/Eclipse/plugins/com.st.stm32cube.ide.mcu.externaltools.gnu-tools-for-stm32.14.3.rel1.macosaarch64_1.0.0.202602081740/tools/bin/../lib/gcc/arm-none-eabi/14.3.1/../../../../arm-none-eabi/lib/thumb/v7e-m+fp/hard/libc_nano.a(libc_a-atof.o)
                              ./Core/Src/app_neo6m.o (atof)
/Applications/STM32CubeIDE.app/Contents/Eclipse/plugins/com.st.stm32cube.ide.mcu.externaltools.gnu-tools-for-stm32.14.3.rel1.macosaarch64_1.0.0.202602081740/tools/bin/../lib/gcc/arm-none-eabi/14.3.1/../../../../arm-none-eabi/lib/thumb/v7e-m+fp/hard/libc_nano.a(libc_a-atoi.o)
                              ./Core/Src/app_neo6m.o (atoi)
/Applications/STM32CubeIDE.app/Contents/Eclipse/plugins/com.st.stm32cube.ide.mcu.externaltools.gnu-tools-for-stm32.14.3.rel1.macosaarch64_1.0.0.202602081740/tools/bin/../lib/gcc/arm-none-eabi/14.3.1/../../../../arm-none-eabi/lib/thumb/v7e-m+fp/hard/libc_nano.a(libc_a-exit.o)
                              /Applications/STM32CubeIDE.app/Contents/Eclipse/plugins/com.st.stm32cube.ide.mcu.externaltools.gnu-tools-for-stm32.14.3.rel1.macosaarch64_1.0.0.202602081740/tools/bin/../lib/gcc/arm-none-eabi/14.3.1/../../../../arm-none-eabi/lib/thumb/v7e-m+fp/hard/crt0.o (exit)
/Applications/STM32CubeIDE.app/Contents/Eclipse/plugins/com.st.stm32cube.ide.mcu.externaltools.gnu-tools-for-stm32.14.3.rel1.macosaarch64_1.0.0.202602081740/tools/bin/../lib/gcc/arm-none-eabi/14.3.1/../../../../arm-none-eabi/lib/thumb/v7e-m+fp/hard/libc_nano.a(libc_a-findfp.o)
                              /Applications/STM32CubeIDE.app/Contents/Eclipse/plugins/com.st.stm32cube.ide.mcu.externaltools.gnu-tools-for-stm32.14.3.rel1.macosaarch64_1.0.0.202602081740/tools/bin/../lib/gcc/arm-none-eabi/14.3.1/../../../../arm-none-eabi/lib/thumb/v7e-m+fp/hard/libc_nano.a(libc_a-exit.o) (__stdio_exit_handler)
/Applications/STM32CubeIDE.app/Contents/Eclipse/plugins/com.st.stm32cube.ide.mcu.externaltools.gnu-tools-for-stm32.14.3.rel1.macosaarch64_1.0.0.202602081740/tools/bin/../lib/gcc/arm-none-eabi/14.3.1/../../../../arm-none-eabi/lib/thumb/v7e-m+fp/hard/libc_nano.a(libc_a-strtod.o)
                              /Applications/STM32CubeIDE.app/Contents/Eclipse/plugins/com.st.stm32cube.ide.mcu.externaltools.gnu-tools-for-stm32.14.3.rel1.macosaarch64_1.0.0.202602081740/tools/bin/../lib/gcc/arm-none-eabi/14.3.1/../../../../arm-none-eabi/lib/thumb/v7e-m+fp/hard/libc_nano.a(libc_a-atof.o) (strtod)
/Applications/STM32CubeIDE.app/Contents/Eclipse/plugins/com.st.stm32cube.ide.mcu.externaltools.gnu-tools-for-stm32.14.3.rel1.macosaarch64_1.0.0.202602081740/tools/bin/../lib/gcc/arm-none-eabi/14.3.1/../../../../arm-none-eabi/lib/thumb/v7e-m+fp/hard/libc_nano.a(libc_a-strtol.o)
                              /Applications/STM32CubeIDE.app/Contents/Eclipse/plugins/com.st.stm32cube.ide.mcu.externaltools.gnu-tools-for-stm32.14.3.rel1.macosaarch64_1.0.0.202602081740/tools/bin/../lib/gcc/arm-none-eabi/14.3.1/../../../../arm-none-eabi/lib/thumb/v7e-m+fp/hard/libc_nano.a(libc_a-atoi.o) (_strtol_r)
/Applications/STM32CubeIDE.app/Contents/Eclipse/plugins/com.st.stm32cube.ide.mcu.externaltools.gnu-tools-for-stm32.14.3.rel1.macosaarch64_1.0.0.202602081740/tools/bin/../lib/gcc/arm-none-eabi/14.3.1/../../../../arm-none-eabi/lib/thumb/v7e-m+fp/hard/libc_nano.a(libc_a-fwalk.o)
                              /Applications/STM32CubeIDE.app/Contents/Eclipse/plugins/com.st.stm32cube.ide.mcu.externaltools.gnu-tools-for-stm32.14.3.rel1.macosaarch64_1.0.0.202602081740/tools/bin/../lib/gcc/arm-none-eabi/14.3.1/../../../../arm-none-eabi/lib/thumb/v7e-m+fp/hard/libc_nano.a(libc_a-findfp.o) (_fwalk_sglue)
/Applications/STM32CubeIDE.app/Contents/Eclipse/plugins/com.st.stm32cube.ide.mcu.externaltools.gnu-tools-for-stm32.14.3.rel1.macosaarch64_1.0.0.202602081740/tools/bin/../lib/gcc/arm-none-eabi/14.3.1/../../../../arm-none-eabi/lib/thumb/v7e-m+fp/hard/libc_nano.a(libc_a-memset.o)
                              /Applications/STM32CubeIDE.app/Contents/Eclipse/plugins/com.st.stm32cube.ide.mcu.externaltools.gnu-tools-for-stm32.14.3.rel1.macosaarch64_1.0.0.202602081740/tools/bin/../lib/gcc/arm-none-eabi/14.3.1/../../../../arm-none-eabi/lib/thumb/v7e-m+fp/hard/crt0.o (memset)
/Applications/STM32CubeIDE.app/Contents/Eclipse/plugins/com.st.stm32cube.ide.mcu.externaltools.gnu-tools-for-stm32.14.3.rel1.macosaarch64_1.0.0.202602081740/tools/bin/../lib/gcc/arm-none-eabi/14.3.1/../../../../arm-none-eabi/lib/thumb/v7e-m+fp/hard/libc_nano.a(libc_a-strchr.o)
                              ./Core/Src/app_neo6m.o (strchr)
/Applications/STM32CubeIDE.app/Contents/Eclipse/plugins/com.st.stm32cube.ide.mcu.externaltools.gnu-tools-for-stm32.14.3.rel1.macosaarch64_1.0.0.202602081740/tools/bin/../lib/gcc/arm-none-eabi/14.3.1/../../../../arm-none-eabi/lib/thumb/v7e-m+fp/hard/libc_nano.a(libc_a-strncmp.o)
                              ./Core/Src/app_neo6m.o (strncmp)
[...]
Memory Configuration

Name             Origin             Length             Attributes
RAM              0x20000000         0x00020000         xrw
FLASH            0x08000000         0x00020000         xr
*default*        0x00000000         0xffffffff

Linker script and memory map

LOAD /Applications/STM32CubeIDE.app/Contents/Eclipse/plugins/com.st.stm32cube.ide.mcu.externaltools.gnu-tools-for-stm32.14.3.rel1.macosaarch64_1.0.0.202602081740/tools/bin/../lib/gcc/arm-none-eabi/14.3.1/thumb/v7e-m+fp/hard/crti.o
LOAD /Applications/STM32CubeIDE.app/Contents/Eclipse/plugins/com.st.stm32cube.ide.mcu.externaltools.gnu-tools-for-stm32.14.3.rel1.macosaarch64_1.0.0.202602081740/tools/bin/../lib/gcc/arm-none-eabi/14.3.1/thumb/v7e-m+fp/hard/crtbegin.o
LOAD /Applications/STM32CubeIDE.app/Contents/Eclipse/plugins/com.st.stm32cube.ide.mcu.externaltools.gnu-tools-for-stm32.14.3.rel1.macosaarch64_1.0.0.202602081740/tools/bin/../lib/gcc/arm-none-eabi/14.3.1/../../../../arm-none-eabi/lib/thumb/v7e-m+fp/hard/crt0.o
LOAD ./Core/Src/app_bmi330.o
LOAD ./Core/Src/app_bmp384.o
LOAD ./Core/Src/app_can_GPS16.o
LOAD ./Core/Src/app_can_IMU_BARO.o
LOAD ./Core/Src/app_neo6m.o
LOAD ./Core/Src/bmi3.o
LOAD ./Core/Src/bmi330.o
LOAD ./Core/Src/bmp3.o
LOAD ./Core/Src/bmp3_port.o
LOAD ./Core/Src/fdcan.o
LOAD ./Core/Src/gpio.o
LOAD ./Core/Src/main.o
LOAD ./Core/Src/spi.o
LOAD ./Core/Src/stm32g4xx_hal_msp.o
LOAD ./Core/Src/stm32g4xx_it.o
LOAD ./Core/Src/syscalls.o
LOAD ./Core/Src/sysmem.o
LOAD ./Core/Src/system_stm32g4xx.o
LOAD ./Core/Src/usart.o
LOAD ./Core/Startup/startup_stm32g474cbtx.o
LOAD ./Drivers/STM32G4xx_HAL_Driver/Src/stm32g4xx_hal.o
LOAD ./Drivers/STM32G4xx_HAL_Driver/Src/stm32g4xx_hal_cortex.o
LOAD ./Drivers/STM32G4xx_HAL_Driver/Src/stm32g4xx_hal_dma.o
LOAD ./Drivers/STM32G4xx_HAL_Driver/Src/stm32g4xx_hal_dma_ex.o
LOAD ./Drivers/STM32G4xx_HAL_Driver/Src/stm32g4xx_hal_exti.o
LOAD ./Drivers/STM32G4xx_HAL_Driver/Src/stm32g4xx_hal_fdcan.o
LOAD ./Drivers/STM32G4xx_HAL_Driver/Src/stm32g4xx_hal_flash.o
LOAD ./Drivers/STM32G4xx_HAL_Driver/Src/stm32g4xx_hal_flash_ex.o
LOAD ./Drivers/STM32G4xx_HAL_Driver/Src/stm32g4xx_hal_flash_ramfunc.o
LOAD ./Drivers/STM32G4xx_HAL_Driver/Src/stm32g4xx_hal_gpio.o
LOAD ./Drivers/STM32G4xx_HAL_Driver/Src/stm32g4xx_hal_pwr.o
LOAD ./Drivers/STM32G4xx_HAL_Driver/Src/stm32g4xx_hal_pwr_ex.o
LOAD ./Drivers/STM32G4xx_HAL_Driver/Src/stm32g4xx_hal_rcc.o
LOAD ./Drivers/STM32G4xx_HAL_Driver/Src/stm32g4xx_hal_rcc_ex.o
LOAD ./Drivers/STM32G4xx_HAL_Driver/Src/stm32g4xx_hal_spi.o
LOAD ./Drivers/STM32G4xx_HAL_Driver/Src/stm32g4xx_hal_spi_ex.o
LOAD ./Drivers/STM32G4xx_HAL_Driver/Src/stm32g4xx_hal_uart.o
LOAD ./Drivers/STM32G4xx_HAL_Driver/Src/stm32g4xx_hal_uart_ex.o
START GROUP
LOAD /Applications/STM32CubeIDE.app/Contents/Eclipse/plugins/com.st.stm32cube.ide.mcu.externaltools.gnu-tools-for-stm32.14.3.rel1.macosaarch64_1.0.0.202602081740/tools/bin/../lib/gcc/arm-none-eabi/14.3.1/../../../../arm-none-eabi/lib/thumb/v7e-m+fp/hard/libc_nano.a
LOAD /Applications/STM32CubeIDE.app/Contents/Eclipse/plugins/com.st.stm32cube.ide.mcu.externaltools.gnu-tools-for-stm32.14.3.rel1.macosaarch64_1.0.0.202602081740/tools/bin/../lib/gcc/arm-none-eabi/14.3.1/../../../../arm-none-eabi/lib/thumb/v7e-m+fp/hard/libm.a
END GROUP
START GROUP
LOAD /Applications/STM32CubeIDE.app/Contents/Eclipse/plugins/com.st.stm32cube.ide.mcu.externaltools.gnu-tools-for-stm32.14.3.rel1.macosaarch64_1.0.0.202602081740/tools/bin/../lib/gcc/arm-none-eabi/14.3.1/thumb/v7e-m+fp/hard/libgcc.a
LOAD /Applications/STM32CubeIDE.app/Contents/Eclipse/plugins/com.st.stm32cube.ide.mcu.externaltools.gnu-tools-for-stm32.14.3.rel1.macosaarch64_1.0.0.202602081740/tools/bin/../lib/gcc/arm-none-eabi/14.3.1/../../../../arm-none-eabi/lib/thumb/v7e-m+fp/hard/libc_nano.a
END GROUP
START GROUP
LOAD /Applications/STM32CubeIDE.app/Contents/Eclipse/plugins/com.st.stm32cube.ide.mcu.externaltools.gnu-tools-for-stm32.14.3.rel1.macosaarch64_1.0.0.202602081740/tools/bin/../lib/gcc/arm-none-eabi/14.3.1/thumb/v7e-m+fp/hard/libgcc.a
LOAD /Applications/STM32CubeIDE.app/Contents/Eclipse/plugins/com.st.stm32cube.ide.mcu.externaltools.gnu-tools-for-stm32.14.3.rel1.macosaarch64_1.0.0.202602081740/tools/bin/../lib/gcc/arm-none-eabi/14.3.1/../../../../arm-none-eabi/lib/thumb/v7e-m+fp/hard/libc_nano.a
LOAD /Applications/STM32CubeIDE.app/Contents/Eclipse/plugins/com.st.stm32cube.ide.mcu.externaltools.gnu-tools-for-stm32.14.3.rel1.macosaarch64_1.0.0.202602081740/tools/bin/../lib/gcc/arm-none-eabi/14.3.1/../../../../arm-none-eabi/lib/thumb/v7e-m+fp/hard/libnosys.a
END GROUP
START GROUP
LOAD /Applications/STM32CubeIDE.app/Contents/Eclipse/plugins/com.st.stm32cube.ide.mcu.externaltools.gnu-tools-for-stm32.14.3.rel1.macosaarch64_1.0.0.202602081740/tools/bin/../lib/gcc/arm-none-eabi/14.3.1/thumb/v7e-m+fp/hard/libgcc.a
LOAD /Applications/STM32CubeIDE.app/Contents/Eclipse/plugins/com.st.stm32cube.ide.mcu.externaltools.gnu-tools-for-stm32.14.3.rel1.macosaarch64_1.0.0.202602081740/tools/bin/../lib/gcc/arm-none-eabi/14.3.1/../../../../arm-none-eabi/lib/thumb/v7e-m+fp/hard/libc_nano.a
LOAD /Applications/STM32CubeIDE.app/Contents/Eclipse/plugins/com.st.stm32cube.ide.mcu.externaltools.gnu-tools-for-stm32.14.3.rel1.macosaarch64_1.0.0.202602081740/tools/bin/../lib/gcc/arm-none-eabi/14.3.1/../../../../arm-none-eabi/lib/thumb/v7e-m+fp/hard/libnosys.a
END GROUP
LOAD /Applications/STM32CubeIDE.app/Contents/Eclipse/plugins/com.st.stm32cube.ide.mcu.externaltools.gnu-tools-for-stm32.14.3.rel1.macosaarch64_1.0.0.202602081740/tools/bin/../lib/gcc/arm-none-eabi/14.3.1/thumb/v7e-m+fp/hard/crtend.o
LOAD /Applications/STM32CubeIDE.app/Contents/Eclipse/plugins/com.st.stm32cube.ide.mcu.externaltools.gnu-tools-for-stm32.14.3.rel1.macosaarch64_1.0.0.202602081740/tools/bin/../lib/gcc/arm-none-eabi/14.3.1/thumb/v7e-m+fp/hard/crtn.o
                0x20020000                        _estack = (ORIGIN (RAM) + LENGTH (RAM))
                0x00000200                        _Min_Heap_Size = 0x200
                0x00000400                        _Min_Stack_Size = 0x400

.isr_vector     0x08000000      0x1d8
                0x08000000                        . = ALIGN (0x4)
 *(.isr_vector)
 .isr_vector    0x08000000      0x1d8 ./Core/Startup/startup_stm32g474cbtx.o
                0x08000000                g_pfnVectors
                0x080001d8                        . = ALIGN (0x4)

.text           0x080001e0    0x10324
                0x080001e0                        . = ALIGN (0x4)
 *(.text)
 .text          0x080001e0       0x40 /Applications/STM32CubeIDE.app/Contents/Eclipse/plugins/com.st.stm32cube.ide.mcu.externaltools.gnu-tools-for-stm32.14.3.rel1.macosaarch64_1.0.0.202602081740/tools/bin/../lib/gcc/arm-none-eabi/14.3.1/thumb/v7e-m+fp/hard/crtbegin.o
 .text          0x08000220       0x10 /Applications/STM32CubeIDE.app/Contents/Eclipse/plugins/com.st.stm32cube.ide.mcu.externaltools.gnu-tools-for-stm32.14.3.rel1.macosaarch64_1.0.0.202602081740/tools/bin/../lib/gcc/arm-none-eabi/14.3.1/../../../../arm-none-eabi/lib/thumb/v7e-m+fp/hard/libc_nano.a(libc_a-strlen.o)
                0x08000220                strlen
 .text          0x08000230       0xa0 /Applications/STM32CubeIDE.app/Contents/Eclipse/plugins/com.st.stm32cube.ide.mcu.externaltools.gnu-tools-for-stm32.14.3.rel1.macosaarch64_1.0.0.202602081740/tools/bin/../lib/gcc/arm-none-eabi/14.3.1/../../../../arm-none-eabi/lib/thumb/v7e-m+fp/hard/libc_nano.a(libc_a-memchr.o)
                0x08000230                memchr
 .text          0x080002d0      0x378 /Applications/STM32CubeIDE.app/Contents/Eclipse/plugins/com.st.stm32cube.ide.mcu.externaltools.gnu-tools-for-stm32.14.3.rel1.macosaarch64_1.0.0.202602081740/tools/bin/../lib/gcc/arm-none-eabi/14.3.1/thumb/v7e-m+fp/hard/libgcc.a(_arm_addsubdf3.o)
                0x080002d0                __aeabi_drsub
                0x080002d8                __subdf3
                0x080002d8                __aeabi_dsub
                0x080002dc                __aeabi_dadd
                0x080002dc                __adddf3
                0x08000554                __aeabi_ui2d
                0x08000554                __floatunsidf
                0x08000574                __floatsidf
                0x08000574                __aeabi_i2d
                0x08000598                __extendsfdf2
                0x08000598                __aeabi_f2d
                0x080005dc                __aeabi_ul2d
                0x080005dc                __floatundidf
                0x080005ec                __aeabi_l2d
                0x080005ec                __floatdidf
 .text          0x08000648      0x424 /Applications/STM32CubeIDE.app/Contents/Eclipse/plugins/com.st.stm32cube.ide.mcu.externaltools.gnu-tools-for-stm32.14.3.rel1.macosaarch64_1.0.0.202602081740/tools/bin/../lib/gcc/arm-none-eabi/14.3.1/thumb/v7e-m+fp/hard/libgcc.a(_arm_muldivdf3.o)
                0x08000648                __aeabi_dmul
                0x08000648                __muldf3
                0x0800089c                __aeabi_ddiv
                0x0800089c                __divdf3
 .text          0x08000a6c      0x110 /Applications/STM32CubeIDE.app/Contents/Eclipse/plugins/com.st.stm32cube.ide.mcu.externaltools.gnu-tools-for-stm32.14.3.rel1.macosaarch64_1.0.0.202602081740/tools/bin/../lib/gcc/arm-none-eabi/14.3.1/thumb/v7e-m+fp/hard/libgcc.a(_arm_cmpdf2.o)
                0x08000a6c                __gedf2
                0x08000a6c                __gtdf2
                0x08000a74                __ledf2
                0x08000a74                __ltdf2
                0x08000a7c                __cmpdf2
                0x08000a7c                __eqdf2
                0x08000a7c                __nedf2
                0x08000af8                __aeabi_cdrcmple
                0x08000b08                __aeabi_cdcmple
                0x08000b08                __aeabi_cdcmpeq
                0x08000b18                __aeabi_dcmpeq
                0x08000b2c                __aeabi_dcmplt
                0x08000b40                __aeabi_dcmple
                0x08000b54                __aeabi_dcmpge
                0x08000b68                __aeabi_dcmpgt
 .text          0x08000b7c       0x50 /Applications/STM32CubeIDE.app/Contents/Eclipse/plugins/com.st.stm32cube.ide.mcu.externaltools.gnu-tools-for-stm32.14.3.rel1.macosaarch64_1.0.0.202602081740/tools/bin/../lib/gcc/arm-none-eabi/14.3.1/thumb/v7e-m+fp/hard/libgcc.a(_arm_fixdfsi.o)
                0x08000b7c                __fixdfsi
                0x08000b7c                __aeabi_d2iz
 .text          0x08000bcc       0x40 /Applications/STM32CubeIDE.app/Contents/Eclipse/plugins/com.st.stm32cube.ide.mcu.externaltools.gnu-tools-for-stm32.14.3.rel1.macosaarch64_1.0.0.202602081740/tools/bin/../lib/gcc/arm-none-eabi/14.3.1/thumb/v7e-m+fp/hard/libgcc.a(_arm_fixunsdfsi.o)
                0x08000bcc                __fixunsdfsi
                0x08000bcc                __aeabi_d2uiz
 .text          0x08000c0c       0xa0 /Applications/STM32CubeIDE.app/Contents/Eclipse/plugins/com.st.stm32cube.ide.mcu.externaltools.gnu-tools-for-stm32.14.3.rel1.macosaarch64_1.0.0.202602081740/tools/bin/../lib/gcc/arm-none-eabi/14.3.1/thumb/v7e-m+fp/hard/libgcc.a(_arm_truncdfsf2.o)
                0x08000c0c                __aeabi_d2f
                0x08000c0c                __truncdfsf2
 .text          0x08000cac       0x30 /Applications/STM32CubeIDE.app/Contents/Eclipse/plugins/com.st.stm32cube.ide.mcu.externaltools.gnu-tools-for-stm32.14.3.rel1.macosaarch64_1.0.0.202602081740/tools/bin/../lib/gcc/arm-none-eabi/14.3.1/thumb/v7e-m+fp/hard/libgcc.a(_aeabi_uldivmod.o)
                0x08000cac                __aeabi_uldivmod
 .text          0x08000cdc       0x30 /Applications/STM32CubeIDE.app/Contents/Eclipse/plugins/com.st.stm32cube.ide.mcu.externaltools.gnu-tools-for-stm32.14.3.rel1.macosaarch64_1.0.0.202602081740/tools/bin/../lib/gcc/arm-none-eabi/14.3.1/thumb/v7e-m+fp/hard/libgcc.a(_fixdfdi.o)
                0x08000cdc                __aeabi_d2lz
                0x08000cdc                __fixdfdi
 .text          0x08000d0c       0x3c /Applications/STM32CubeIDE.app/Contents/Eclipse/plugins/com.st.stm32cube.ide.mcu.externaltools.gnu-tools-for-stm32.14.3.rel1.macosaarch64_1.0.0.202602081740/tools/bin/../lib/gcc/arm-none-eabi/14.3.1/thumb/v7e-m+fp/hard/libgcc.a(_fixunsdfdi.o)
                0x08000d0c                __aeabi_d2ulz
                0x08000d0c                __fixunsdfdi
 .text          0x08000d48      0x2f8 /Applications/STM32CubeIDE.app/Contents/Eclipse/plugins/com.st.stm32cube.ide.mcu.externaltools.gnu-tools-for-stm32.14.3.rel1.macosaarch64_1.0.0.202602081740/tools/bin/../lib/gcc/arm-none-eabi/14.3.1/thumb/v7e-m+fp/hard/libgcc.a(_udivmoddi4.o)
                0x08000d48                __udivmoddi4
 .text          0x08001040        0x4 /Applications/STM32CubeIDE.app/Contents/Eclipse/plugins/com.st.stm32cube.ide.mcu.externaltools.gnu-tools-for-stm32.14.3.rel1.macosaarch64_1.0.0.202602081740/tools/bin/../lib/gcc/arm-none-eabi/14.3.1/thumb/v7e-m+fp/hard/libgcc.a(_dvmd_tls.o)
                0x08001040                __aeabi_ldiv0
                0x08001040                __aeabi_idiv0
 *(.text*)
 .text.cs_low   0x08001044       0x18 ./Core/Src/app_bmi330.o
 .text.cs_high  0x0800105c       0x18 ./Core/Src/app_bmi330.o
 .text.BMI330_InitDelayTimer
                0x08001074       0x60 ./Core/Src/app_bmi330.o
 .text.spi_write
                0x080010d4      0x104 ./Core/Src/app_bmi330.o
 .text.spi_read
                0x080011d8      0x11c ./Core/Src/app_bmi330.o
 .text.delay_us
                0x080012f4       0x74 ./Core/Src/app_bmi330.o
 .text.BMI330_App_Init
                0x08001368       0xfc ./Core/Src/app_bmi330.o
                0x08001368                BMI330_App_Init
 .text.BMI330_App_ReadRaw
                0x08001464      0x14c ./Core/Src/app_bmi330.o
                0x08001464                BMI330_App_ReadRaw
 .text.BMP384_App_Init
                0x080015b0      0x118 ./Core/Src/app_bmp384.o
                0x080015b0                BMP384_App_Init
 .text.BMP384_App_ReadSample
                0x080016c8       0x64 ./Core/Src/app_bmp384.o
                0x080016c8                BMP384_App_ReadSample
 .text.BMP384_App_DataReadyIRQ
                0x0800172c       0x18 ./Core/Src/app_bmp384.o
                0x0800172c                BMP384_App_DataReadyIRQ
 .text.BMP384_App_HasNewData
                0x08001744       0x18 ./Core/Src/app_bmp384.o
                0x08001744                BMP384_App_HasNewData
 .text.BMP384_App_ClearNewData
                0x0800175c       0x18 ./Core/Src/app_bmp384.o
                0x0800175c                BMP384_App_ClearNewData
 .text.HAL_GPIO_EXTI_Callback
                0x08001774       0x1e ./Core/Src/app_bmp384.o
                0x08001774                HAL_GPIO_EXTI_Callback
 *fill*         0x08001792        0x2 
 .text.NEO6M_CAN_SendFrame
                0x08001794       0x64 ./Core/Src/app_can_GPS16.o
 .text.CAN_NEO6M_App_SendData
                0x080017f8      0x11c ./Core/Src/app_can_GPS16.o
                0x080017f8                CAN_NEO6M_App_SendData
 .text.CAN_NEO6M_App_Send
                0x08001914       0x2a ./Core/Src/app_can_GPS16.o
                0x08001914                CAN_NEO6M_App_Send
 *fill*         0x0800193e        0x2 
 .text.BMI330_CAN_SendFrame
                0x08001940       0x64 ./Core/Src/app_can_IMU_BARO.o
 .text.BMP384_PressureToDeciHpa
                0x080019a4       0x6c ./Core/Src/app_can_IMU_BARO.o
 .text.BMP384_TemperatureToCentiDeg
                0x08001a10       0xa4 ./Core/Src/app_can_IMU_BARO.o
 .text.CAN_SENSOR_App_SendCombined
                0x08001ab4      0x142 ./Core/Src/app_can_IMU_BARO.o
                0x08001ab4                CAN_SENSOR_App_SendCombined
 .text.hex_to_int
                0x08001bf6       0x50 ./Core/Src/app_neo6m.o
 .text.split_csv
                0x08001c46       0x5a ./Core/Src/app_neo6m.o
 .text.parse_latlon_to_e7
                0x08001ca0      0x14c ./Core/Src/app_neo6m.o
 *fill*         0x08001dec        0x4 
 .text.parse_u16_scaled_10
                0x08001df0       0xb0 ./Core/Src/app_neo6m.o
 .text.parse_i16_scaled_10
                0x08001ea0       0xe4 ./Core/Src/app_neo6m.o
 *fill*         0x08001f84        0x4 
 .text.knots_to_centi_kmh
                0x08001f88       0xd0 ./Core/Src/app_neo6m.o
 .text.degrees_to_cdeg
                0x08002058       0xb0 ./Core/Src/app_neo6m.o
 .text.NEO6M_RingAdvance
                0x08002108       0x2a ./Core/Src/app_neo6m.o
 *fill*         0x08002132        0x2 
 .text.NEO6M_RxPushByte
                0x08002134       0x58 ./Core/Src/app_neo6m.o
 .text.NEO6M_RxPopByte
                0x0800218c       0x80 ./Core/Src/app_neo6m.o
 .text.NEO6M_HandleRxOverflow
                0x0800220c       0x50 ./Core/Src/app_neo6m.o
 .text.NEO6M_ChecksumOk
                0x0800225c       0xc4 ./Core/Src/app_neo6m.o
 .text.NEO6M_ParseRMC
                0x08002320      0x1d8 ./Core/Src/app_neo6m.o
 .text.NEO6M_ParseGGA
                0x080024f8       0xa8 ./Core/Src/app_neo6m.o
 .text.NEO6M_ProcessLine
                0x080025a0       0xe8 ./Core/Src/app_neo6m.o
 .text.NEO6M_ProcessRxBuffer
                0x08002688       0xc8 ./Core/Src/app_neo6m.o
 .text.NEO6M_RestartRxIT
                0x08002750       0x1c ./Core/Src/app_neo6m.o
 .text.NEO6M_App_Init
                0x0800276c       0x90 ./Core/Src/app_neo6m.o
                0x0800276c                NEO6M_App_Init
 .text.NEO6M_App_ReadLatest
                0x080027fc       0x50 ./Core/Src/app_neo6m.o
                0x080027fc                NEO6M_App_ReadLatest
 .text.NEO6M_App_HasNewData
                0x0800284c       0x18 ./Core/Src/app_neo6m.o
                0x0800284c                NEO6M_App_HasNewData
 .text.NEO6M_App_ClearNewData
                0x08002864       0x18 ./Core/Src/app_neo6m.o
                0x08002864                NEO6M_App_ClearNewData
 .text.NEO6M_App_Process
                0x0800287c       0x44 ./Core/Src/app_neo6m.o
                0x0800287c                NEO6M_App_Process
 .text.HAL_UART_RxCpltCallback
                0x080028c0       0x44 ./Core/Src/app_neo6m.o
                0x080028c0                HAL_UART_RxCpltCallback
 .text.HAL_UART_ErrorCallback
                0x08002904       0x5c ./Core/Src/app_neo6m.o
                0x08002904                HAL_UART_ErrorCallback
 .text.bmi3_init
                0x08002960       0xa4 ./Core/Src/bmi3.o
                0x08002960                bmi3_init
 .text.bmi3_get_regs
                0x08002a04       0xca ./Core/Src/bmi3.o
                0x08002a04                bmi3_get_regs
 .text.bmi3_set_regs
                0x08002ace       0x80 ./Core/Src/bmi3.o
                0x08002ace                bmi3_set_regs
 *fill*         0x08002b4e        0x2 
 .text.bmi3_soft_reset
                0x08002b50      0x124 ./Core/Src/bmi3.o
                0x08002b50                bmi3_soft_reset
 .text.bmi3_set_command_register
                0x08002c74       0x3e ./Core/Src/bmi3.o
                0x08002c74                bmi3_set_command_register
 *fill*         0x08002cb2        0x2 
 .text.bmi3_set_sensor_config
                0x08002cb4      0x220 ./Core/Src/bmi3.o
                0x08002cb4                bmi3_set_sensor_config
 .text.bmi3_get_sensor_config
                0x08002ed4      0x224 ./Core/Src/bmi3.o
                0x08002ed4                bmi3_get_sensor_config
 .text.bmi3_read_reg_data
                0x080030f8       0x26 ./Core/Src/bmi3.o
                0x080030f8                bmi3_read_reg_data
 *fill*         0x0800311e        0x2 
 .text.bmi3_get_sensor_data
                0x08003120      0x224 ./Core/Src/bmi3.o
                0x08003120                bmi3_get_sensor_data
 .text.set_accel_config
                0x08003344      0x174 ./Core/Src/bmi3.o
 .text.get_accel_config
                0x080034b8       0x98 ./Core/Src/bmi3.o
 .text.validate_bw_avg_acc_mode
                0x08003550       0x76 ./Core/Src/bmi3.o
 .text.validate_acc_odr_range
                0x080035c6       0x52 ./Core/Src/bmi3.o
 .text.check_boundary_val
                0x08003618       0x78 ./Core/Src/bmi3.o
 .text.set_gyro_config
                0x08003690      0x150 ./Core/Src/bmi3.o
 .text.validate_bw_avg_gyr_mode
                0x080037e0       0x76 ./Core/Src/bmi3.o
 .text.validate_gyr_odr_range
                0x08003856       0x52 ./Core/Src/bmi3.o
 .text.get_accel_sensortime_sat_data
                0x080038a8      0x122 ./Core/Src/bmi3.o
 .text.get_gyro_sensortime_sat_data
                0x080039ca      0x126 ./Core/Src/bmi3.o
 .text.get_temp_sensortime_data
                0x08003af0       0x7a ./Core/Src/bmi3.o
 .text.get_step_counter_sensor_data
                0x08003b6a       0x76 ./Core/Src/bmi3.o
 .text.get_orient_output_data
                0x08003be0       0x60 ./Core/Src/bmi3.o
 .text.get_gyro_config
                0x08003c40       0x98 ./Core/Src/bmi3.o
 .text.null_ptr_check
                0x08003cd8       0x40 ./Core/Src/bmi3.o
 .text.get_any_motion_config
                0x08003d18      0x124 ./Core/Src/bmi3.o
 .text.set_any_motion_config
                0x08003e3c      0x142 ./Core/Src/bmi3.o
 .text.get_no_motion_config
                0x08003f7e      0x124 ./Core/Src/bmi3.o
 .text.set_no_motion_config
                0x080040a2      0x142 ./Core/Src/bmi3.o
 .text.get_flat_config
                0x080041e4       0xf0 ./Core/Src/bmi3.o
 .text.set_flat_config
                0x080042d4       0xd8 ./Core/Src/bmi3.o
 .text.get_sig_motion_config
                0x080043ac      0x112 ./Core/Src/bmi3.o
 .text.set_sig_motion_config
                0x080044be      0x180 ./Core/Src/bmi3.o
 .text.get_tilt_config
                0x0800463e       0xe0 ./Core/Src/bmi3.o
 .text.set_tilt_config
                0x0800471e       0x9a ./Core/Src/bmi3.o
 .text.get_orientation_config
                0x080047b8      0x114 ./Core/Src/bmi3.o
 .text.set_orientation_config
                0x080048cc      0x158 ./Core/Src/bmi3.o
 .text.get_step_config
                0x08004a24      0x416 ./Core/Src/bmi3.o
 .text.set_step_config
                0x08004e3a      0x3fc ./Core/Src/bmi3.o
 .text.get_tap_config
                0x08005236      0x17c ./Core/Src/bmi3.o
 .text.set_tap_config
                0x080053b2      0x23c ./Core/Src/bmi3.o
 .text.get_i3c_sync_accel_sensor_data
                0x080055ee       0xb8 ./Core/Src/bmi3.o
 .text.get_i3c_sync_gyro_sensor_data
                0x080056a6       0xbe ./Core/Src/bmi3.o
 .text.get_i3c_sync_temp_data
                0x08005764       0x8a ./Core/Src/bmi3.o
 .text.set_alternate_accel_config
                0x080057ee       0x9e ./Core/Src/bmi3.o
 .text.get_alternate_accel_config
                0x0800588c       0x78 ./Core/Src/bmi3.o
 .text.set_alternate_gyro_config
                0x08005904       0x9e ./Core/Src/bmi3.o
 .text.get_alternate_gyro_config
                0x080059a2       0x78 ./Core/Src/bmi3.o
 .text.set_alternate_auto_config
                0x08005a1a       0x96 ./Core/Src/bmi3.o
 .text.get_alternate_auto_config
                0x08005ab0       0x74 ./Core/Src/bmi3.o
 .text.validate_acc_odr_avg
                0x08005b24      0x13c ./Core/Src/bmi3.o
 .text.accel_skipped_samples_check
                0x08005c60       0x80 ./Core/Src/bmi3.o
 .text.validate_gyr_odr_avg
                0x08005ce0      0x13c ./Core/Src/bmi3.o
 .text.gyro_skipped_samples_check
                0x08005e1c       0x80 ./Core/Src/bmi3.o
 .text.bmi330_init
                0x08005e9c       0x5e ./Core/Src/bmi330.o
                0x08005e9c                bmi330_init
 .text.bmi330_set_sensor_config
                0x08005efa       0x2a ./Core/Src/bmi330.o
                0x08005efa                bmi330_set_sensor_config
 .text.bmi330_get_sensor_config
                0x08005f24       0x2a ./Core/Src/bmi330.o
                0x08005f24                bmi330_get_sensor_config
 .text.bmi330_get_sensor_data
                0x08005f4e       0x2a ./Core/Src/bmi330.o
                0x08005f4e                bmi330_get_sensor_data
 .text.bmi330_context_switch_selection
                0x08005f78      0x71c ./Core/Src/bmi330.o
                0x08005f78                bmi330_context_switch_selection
 .text.null_ptr_check
                0x08006694       0x40 ./Core/Src/bmi330.o
 .text.bmp3_init
                0x080066d4       0x8e ./Core/Src/bmp3.o
                0x080066d4                bmp3_init
 .text.bmp3_get_regs
                0x08006762      0x11e ./Core/Src/bmp3.o
                0x08006762                bmp3_get_regs
 .text.bmp3_set_regs
                0x08006880      0x128 ./Core/Src/bmp3.o
                0x08006880                bmp3_set_regs
 .text.bmp3_set_sensor_settings
                0x080069a8       0x9c ./Core/Src/bmp3.o
                0x080069a8                bmp3_set_sensor_settings
 .text.bmp3_soft_reset
                0x08006a44       0x94 ./Core/Src/bmp3.o
                0x08006a44                bmp3_soft_reset
 .text.bmp3_set_op_mode
                0x08006ad8       0xa4 ./Core/Src/bmp3.o
                0x08006ad8                bmp3_set_op_mode
 .text.bmp3_get_op_mode
                0x08006b7c       0x44 ./Core/Src/bmp3.o
                0x08006b7c                bmp3_get_op_mode
 .text.bmp3_get_sensor_data
                0x08006bc0       0x82 ./Core/Src/bmp3.o
                0x08006bc0                bmp3_get_sensor_data
 .text.set_normal_mode
                0x08006c42       0x66 ./Core/Src/bmp3.o
 .text.write_power_mode
                0x08006ca8       0x6e ./Core/Src/bmp3.o
 .text.put_device_to_sleep
                0x08006d16       0x50 ./Core/Src/bmp3.o
 .text.validate_normal_mode_settings
                0x08006d66       0x34 ./Core/Src/bmp3.o
 .text.get_calib_data
                0x08006d9a       0x48 ./Core/Src/bmp3.o
 .text.interleave_reg_addr
                0x08006de2       0x56 ./Core/Src/bmp3.o
 .text.parse_odr_filter_settings
                0x08006e38       0x76 ./Core/Src/bmp3.o
 .text.set_pwr_ctrl_settings
                0x08006eae       0x9e ./Core/Src/bmp3.o
 .text.set_odr_filter_settings
                0x08006f4c       0xda ./Core/Src/bmp3.o
 .text.set_int_ctrl_settings
                0x08007026       0xfa ./Core/Src/bmp3.o
 .text.set_advance_settings
                0x08007120       0xaa ./Core/Src/bmp3.o
 .text.get_odr_filter_settings
                0x080071ca       0x38 ./Core/Src/bmp3.o
 *fill*         0x08007202        0x2 
 .text.validate_osr_and_odr_settings
                0x08007204       0x80 ./Core/Src/bmp3.o
 .text.verify_meas_time_and_odr_duration
                0x08007284       0x2c ./Core/Src/bmp3.o
 .text.calculate_press_meas_time
                0x080072b0       0x60 ./Core/Src/bmp3.o
 .text.calculate_temp_meas_time
                0x08007310       0x60 ./Core/Src/bmp3.o
 .text.fill_osr_data
                0x08007370       0xb2 ./Core/Src/bmp3.o
 .text.fill_odr_data
                0x08007422       0x74 ./Core/Src/bmp3.o
 .text.fill_filter_data
                0x08007496       0x6e ./Core/Src/bmp3.o
 .text.parse_sensor_data
                0x08007504       0x76 ./Core/Src/bmp3.o
 .text.compensate_data
                0x0800757a       0xe4 ./Core/Src/bmp3.o
 *fill*         0x0800765e        0x2 
 .text.parse_calib_data
                0x08007660      0x3a0 ./Core/Src/bmp3.o
 .text.compensate_temperature
                0x08007a00       0xf4 ./Core/Src/bmp3.o
 *fill*         0x08007af4        0x4 
 .text.compensate_pressure
                0x08007af8      0x2f0 ./Core/Src/bmp3.o
 .text.pow_bmp3
                0x08007de8       0x4a ./Core/Src/bmp3.o
 .text.are_settings_changed
                0x08007e32       0x30 ./Core/Src/bmp3.o
 .text.null_ptr_check
                0x08007e62       0x48 ./Core/Src/bmp3.o
 .text.bmp3_cs_low
                0x08007eaa       0x20 ./Core/Src/bmp3_port.o
 .text.bmp3_cs_high
                0x08007eca       0x20 ./Core/Src/bmp3_port.o
 *fill*         0x08007eea        0x2 
 .text.BMP3_Port_InitDWT
                0x08007eec       0x34 ./Core/Src/bmp3_port.o
                0x08007eec                BMP3_Port_InitDWT
 .text.bmp3_hal_read
                0x08007f20       0x92 ./Core/Src/bmp3_port.o
                0x08007f20                bmp3_hal_read
 .text.bmp3_hal_write
                0x08007fb2       0x72 ./Core/Src/bmp3_port.o
                0x08007fb2                bmp3_hal_write
 .text.bmp3_hal_delay_us
                0x08008024       0x48 ./Core/Src/bmp3_port.o
                0x08008024                bmp3_hal_delay_us
 .text.MX_FDCAN1_Init
                0x0800806c       0x90 ./Core/Src/fdcan.o
                0x0800806c                MX_FDCAN1_Init
 .text.HAL_FDCAN_MspInit
                0x080080fc       0xb8 ./Core/Src/fdcan.o
                0x080080fc                HAL_FDCAN_MspInit
 .text.MX_GPIO_Init
                0x080081b4       0xd0 ./Core/Src/gpio.o
                0x080081b4                MX_GPIO_Init
 .text.APP_LED_On
                0x08008284       0x20 ./Core/Src/main.o
 .text.APP_LED_Off
                0x080082a4       0x20 ./Core/Src/main.o
 .text.APP_LED_Set
                0x080082c4       0x28 ./Core/Src/main.o
 .text.APP_LED_AllOff
                0x080082ec       0x1c ./Core/Src/main.o
 .text.Error_Handler_SetCode
                0x08008308       0x30 ./Core/Src/main.o
                0x08008308                Error_Handler_SetCode
 .text.APP_ErrorDelayMs
                0x08008338       0x38 ./Core/Src/main.o
 .text.APP_ErrorPatternLoop
                0x08008370       0x5c ./Core/Src/main.o
 .text.APP_Heartbeat_Update
                0x080083cc       0x68 ./Core/Src/main.o
 .text.CAN_App_Init
                0x08008434       0x2c ./Core/Src/main.o
 .text.APP_Init
                0x08008460       0xa4 ./Core/Src/main.o
 .text.APP_Run  0x08008504      0x10c ./Core/Src/main.o
 .text.main     0x08008610       0x2a ./Core/Src/main.o
                0x08008610                main
 .text.SystemClock_Config
                0x0800863a       0x84 ./Core/Src/main.o
                0x0800863a                SystemClock_Config
 *fill*         0x080086be        0x2 
 .text.Error_HandlerEx
                0x080086c0       0x34 ./Core/Src/main.o
                0x080086c0                Error_HandlerEx
 .text.MX_SPI1_Init
                0x080086f4       0x7c ./Core/Src/spi.o
                0x080086f4                MX_SPI1_Init
 .text.MX_SPI2_Init
                0x08008770       0x7c ./Core/Src/spi.o
                0x08008770                MX_SPI2_Init
 .text.HAL_SPI_MspInit
                0x080087ec       0xec ./Core/Src/spi.o
                0x080087ec                HAL_SPI_MspInit
 .text.HAL_MspInit
                0x080088d8       0x48 ./Core/Src/stm32g4xx_hal_msp.o
                0x080088d8                HAL_MspInit
 .text.NMI_Handler
                0x08008920        0x8 ./Core/Src/stm32g4xx_it.o
                0x08008920                NMI_Handler
 .text.HardFault_Handler
                0x08008928        0x8 ./Core/Src/stm32g4xx_it.o
                0x08008928                HardFault_Handler
 .text.MemManage_Handler
                0x08008930        0x8 ./Core/Src/stm32g4xx_it.o
                0x08008930                MemManage_Handler
 .text.BusFault_Handler
                0x08008938        0x8 ./Core/Src/stm32g4xx_it.o
                0x08008938                BusFault_Handler
 .text.UsageFault_Handler
                0x08008940        0x8 ./Core/Src/stm32g4xx_it.o
                0x08008940                UsageFault_Handler
 .text.SVC_Handler
                0x08008948        0xe ./Core/Src/stm32g4xx_it.o
                0x08008948                SVC_Handler
 .text.DebugMon_Handler
                0x08008956        0xe ./Core/Src/stm32g4xx_it.o
                0x08008956                DebugMon_Handler
 .text.PendSV_Handler
                0x08008964        0xe ./Core/Src/stm32g4xx_it.o
                0x08008964                PendSV_Handler
 .text.SysTick_Handler
                0x08008972        0xc ./Core/Src/stm32g4xx_it.o
                0x08008972                SysTick_Handler
 *fill*         0x0800897e        0x2 
 .text.USART2_IRQHandler
                0x08008980       0x14 ./Core/Src/stm32g4xx_it.o
                0x08008980                USART2_IRQHandler
 .text.EXTI15_10_IRQHandler
                0x08008994       0x10 ./Core/Src/stm32g4xx_it.o
                0x08008994                EXTI15_10_IRQHandler
 .text._getpid  0x080089a4       0x10 ./Core/Src/syscalls.o
                0x080089a4                _getpid
 .text._kill    0x080089b4       0x20 ./Core/Src/syscalls.o
                0x080089b4                _kill
 .text._exit    0x080089d4       0x16 ./Core/Src/syscalls.o
                0x080089d4                _exit
 .text._read    0x080089ea       0x3a ./Core/Src/syscalls.o
                0x080089ea                _read
 .text._write   0x08008a24       0x38 ./Core/Src/syscalls.o
                0x08008a24                _write
 .text._close   0x08008a5c       0x18 ./Core/Src/syscalls.o
                0x08008a5c                _close
 .text._fstat   0x08008a74       0x20 ./Core/Src/syscalls.o
                0x08008a74                _fstat
 .text._isatty  0x08008a94       0x16 ./Core/Src/syscalls.o
                0x08008a94                _isatty
 .text._lseek   0x08008aaa       0x1a ./Core/Src/syscalls.o
                0x08008aaa                _lseek
 .text._sbrk    0x08008ac4       0x6c ./Core/Src/sysmem.o
                0x08008ac4                _sbrk
 .text.SystemInit
                0x08008b30       0x24 ./Core/Src/system_stm32g4xx.o
                0x08008b30                SystemInit
 .text.MX_USART2_UART_Init
                0x08008b54       0xa0 ./Core/Src/usart.o
                0x08008b54                MX_USART2_UART_Init
 .text.HAL_UART_MspInit
                0x08008bf4       0xc0 ./Core/Src/usart.o
                0x08008bf4                HAL_UART_MspInit
 .text.Reset_Handler
                0x08008cb4       0x50 ./Core/Startup/startup_stm32g474cbtx.o
                0x08008cb4                Reset_Handler
 .text.Default_Handler
                0x08008d04        0x2 ./Core/Startup/startup_stm32g474cbtx.o
                0x08008d04                TIM1_BRK_TIM15_IRQHandler
                0x08008d04                EXTI2_IRQHandler
                0x08008d04                TIM8_TRG_COM_IRQHandler
                0x08008d04                TIM8_CC_IRQHandler
                0x08008d04                HRTIM1_Master_IRQHandler
                0x08008d04                SPI4_IRQHandler
                0x08008d04                FDCAN3_IT0_IRQHandler
                0x08008d04                TIM1_CC_IRQHandler
                0x08008d04                HRTIM1_FLT_IRQHandler
                0x08008d04                HRTIM1_TIMF_IRQHandler
                0x08008d04                USB_HP_IRQHandler
                0x08008d04                CORDIC_IRQHandler
                0x08008d04                HRTIM1_TIMD_IRQHandler
                0x08008d04                DMA2_Channel8_IRQHandler
                0x08008d04                EXTI3_IRQHandler
                0x08008d04                I2C3_ER_IRQHandler
                0x08008d04                EXTI0_IRQHandler
                0x08008d04                I2C2_EV_IRQHandler
                0x08008d04                FPU_IRQHandler
                0x08008d04                FDCAN1_IT1_IRQHandler
                0x08008d04                TIM1_UP_TIM16_IRQHandler
                0x08008d04                ADC1_2_IRQHandler
                0x08008d04                HRTIM1_TIME_IRQHandler
                0x08008d04                SPI1_IRQHandler
                0x08008d04                TIM6_DAC_IRQHandler
                0x08008d04                HRTIM1_TIMC_IRQHandler
                0x08008d04                TIM8_UP_IRQHandler
                0x08008d04                DMA2_Channel2_IRQHandler
                0x08008d04                DMA1_Channel4_IRQHandler
                0x08008d04                TIM20_TRG_COM_IRQHandler
                0x08008d04                USART3_IRQHandler
                0x08008d04                DMA1_Channel7_IRQHandler
                0x08008d04                UART5_IRQHandler
                0x08008d04                ADC3_IRQHandler
                0x08008d04                TIM4_IRQHandler
                0x08008d04                DMA2_Channel1_IRQHandler
                0x08008d04                QUADSPI_IRQHandler
                0x08008d04                I2C1_EV_IRQHandler
                0x08008d04                DMA1_Channel6_IRQHandler
                0x08008d04                UART4_IRQHandler
                0x08008d04                DMA2_Channel4_IRQHandler
                0x08008d04                TIM3_IRQHandler
                0x08008d04                RCC_IRQHandler
                0x08008d04                TIM20_UP_IRQHandler
                0x08008d04                DMA1_Channel1_IRQHandler
                0x08008d04                Default_Handler
                0x08008d04                DMA2_Channel7_IRQHandler
                0x08008d04                RTC_TAMP_LSECSS_IRQHandler
                0x08008d04                FMAC_IRQHandler
                0x08008d04                DMA1_Channel8_IRQHandler
                0x08008d04                HRTIM1_TIMA_IRQHandler
                0x08008d04                TIM7_DAC_IRQHandler
                0x08008d04                FDCAN3_IT1_IRQHandler
                0x08008d04                TIM5_IRQHandler
                0x08008d04                UCPD1_IRQHandler
                0x08008d04                I2C3_EV_IRQHandler
                0x08008d04                EXTI9_5_IRQHandler
                0x08008d04                RTC_WKUP_IRQHandler
                0x08008d04                PVD_PVM_IRQHandler
                0x08008d04                SPI2_IRQHandler
                0x08008d04                ADC5_IRQHandler
                0x08008d04                DMA2_Channel5_IRQHandler
                0x08008d04                CRS_IRQHandler
                0x08008d04                DMA1_Channel5_IRQHandler
                0x08008d04                USB_LP_IRQHandler
                0x08008d04                EXTI4_IRQHandler
                0x08008d04                RNG_IRQHandler
                0x08008d04                HRTIM1_TIMB_IRQHandler
                0x08008d04                TIM1_TRG_COM_TIM17_IRQHandler
                0x08008d04                FDCAN2_IT1_IRQHandler
                0x08008d04                DMA1_Channel3_IRQHandler
                0x08008d04                ADC4_IRQHandler
                0x08008d04                WWDG_IRQHandler
                0x08008d04                I2C4_EV_IRQHandler
                0x08008d04                FDCAN2_IT0_IRQHandler
                0x08008d04                LPUART1_IRQHandler
                0x08008d04                DMA2_Channel6_IRQHandler
                0x08008d04                FDCAN1_IT0_IRQHandler
                0x08008d04                TIM2_IRQHandler
                0x08008d04                COMP7_IRQHandler
                0x08008d04                COMP1_2_3_IRQHandler
                0x08008d04                EXTI1_IRQHandler
                0x08008d04                COMP4_5_6_IRQHandler
                0x08008d04                TIM20_BRK_IRQHandler
                0x08008d04                I2C2_ER_IRQHandler
                0x08008d04                DMA1_Channel2_IRQHandler
                0x08008d04                TIM8_BRK_IRQHandler
                0x08008d04                FLASH_IRQHandler
                0x08008d04                TIM20_CC_IRQHandler
                0x08008d04                USART1_IRQHandler
                0x08008d04                SPI3_IRQHandler
                0x08008d04                I2C1_ER_IRQHandler
                0x08008d04                FMC_IRQHandler
                0x08008d04                LPTIM1_IRQHandler
                0x08008d04                DMAMUX_OVR_IRQHandler
                0x08008d04                I2C4_ER_IRQHandler
                0x08008d04                USBWakeUp_IRQHandler
                0x08008d04                SAI1_IRQHandler
                0x08008d04                DMA2_Channel3_IRQHandler
                0x08008d04                RTC_Alarm_IRQHandler
 .text.HAL_Init
                0x08008d06       0x30 ./Drivers/STM32G4xx_HAL_Driver/Src/stm32g4xx_hal.o
                0x08008d06                HAL_Init
 *fill*         0x08008d36        0x2 
 .text.HAL_InitTick
                0x08008d38       0x74 ./Drivers/STM32G4xx_HAL_Driver/Src/stm32g4xx_hal.o
                0x08008d38                HAL_InitTick
 .text.HAL_IncTick
                0x08008dac       0x24 ./Drivers/STM32G4xx_HAL_Driver/Src/stm32g4xx_hal.o
                0x08008dac                HAL_IncTick
 .text.HAL_GetTick
                0x08008dd0       0x18 ./Drivers/STM32G4xx_HAL_Driver/Src/stm32g4xx_hal.o
                0x08008dd0                HAL_GetTick
 .text.HAL_Delay
                0x08008de8       0x44 ./Drivers/STM32G4xx_HAL_Driver/Src/stm32g4xx_hal.o
                0x08008de8                HAL_Delay
 .text.__NVIC_SetPriorityGrouping
                0x08008e2c       0x48 ./Drivers/STM32G4xx_HAL_Driver/Src/stm32g4xx_hal_cortex.o
 .text.__NVIC_GetPriorityGrouping
                0x08008e74       0x1c ./Drivers/STM32G4xx_HAL_Driver/Src/stm32g4xx_hal_cortex.o
 .text.__NVIC_EnableIRQ
                0x08008e90       0x3c ./Drivers/STM32G4xx_HAL_Driver/Src/stm32g4xx_hal_cortex.o
 .text.__NVIC_SetPriority
                0x08008ecc       0x54 ./Drivers/STM32G4xx_HAL_Driver/Src/stm32g4xx_hal_cortex.o
 .text.NVIC_EncodePriority
                0x08008f20       0x66 ./Drivers/STM32G4xx_HAL_Driver/Src/stm32g4xx_hal_cortex.o
 *fill*         0x08008f86        0x2 
 .text.SysTick_Config
                0x08008f88       0x44 ./Drivers/STM32G4xx_HAL_Driver/Src/stm32g4xx_hal_cortex.o
 .text.HAL_NVIC_SetPriorityGrouping
                0x08008fcc       0x16 ./Drivers/STM32G4xx_HAL_Driver/Src/stm32g4xx_hal_cortex.o
                0x08008fcc                HAL_NVIC_SetPriorityGrouping
 .text.HAL_NVIC_SetPriority
                0x08008fe2       0x34 ./Drivers/STM32G4xx_HAL_Driver/Src/stm32g4xx_hal_cortex.o
                0x08008fe2                HAL_NVIC_SetPriority
 .text.HAL_NVIC_EnableIRQ
                0x08009016       0x1c ./Drivers/STM32G4xx_HAL_Driver/Src/stm32g4xx_hal_cortex.o
                0x08009016                HAL_NVIC_EnableIRQ
 .text.HAL_SYSTICK_Config
                0x08009032       0x18 ./Drivers/STM32G4xx_HAL_Driver/Src/stm32g4xx_hal_cortex.o
                0x08009032                HAL_SYSTICK_Config
 .text.HAL_DMA_Abort
                0x0800904a       0xbc ./Drivers/STM32G4xx_HAL_Driver/Src/stm32g4xx_hal_dma.o
                0x0800904a                HAL_DMA_Abort
 .text.HAL_DMA_Abort_IT
                0x08009106       0xce ./Drivers/STM32G4xx_HAL_Driver/Src/stm32g4xx_hal_dma.o
                0x08009106                HAL_DMA_Abort_IT
 .text.HAL_FDCAN_Init
                0x080091d4      0x2b4 ./Drivers/STM32G4xx_HAL_Driver/Src/stm32g4xx_hal_fdcan.o
                0x080091d4                HAL_FDCAN_Init
 .text.HAL_FDCAN_Start
                0x08009488       0x50 ./Drivers/STM32G4xx_HAL_Driver/Src/stm32g4xx_hal_fdcan.o
                0x08009488                HAL_FDCAN_Start
 .text.HAL_FDCAN_AddMessageToTxFifoQ
                0x080094d8       0x88 ./Drivers/STM32G4xx_HAL_Driver/Src/stm32g4xx_hal_fdcan.o
                0x080094d8                HAL_FDCAN_AddMessageToTxFifoQ
 .text.FDCAN_CalcultateRamBlockAddresses
                0x08009560       0xd8 ./Drivers/STM32G4xx_HAL_Driver/Src/stm32g4xx_hal_fdcan.o
 .text.FDCAN_CopyMessageToRAM
                0x08009638       0xf8 ./Drivers/STM32G4xx_HAL_Driver/Src/stm32g4xx_hal_fdcan.o
 .text.HAL_GPIO_Init
                0x08009730      0x318 ./Drivers/STM32G4xx_HAL_Driver/Src/stm32g4xx_hal_gpio.o
                0x08009730                HAL_GPIO_Init
 .text.HAL_GPIO_WritePin
                0x08009a48       0x30 ./Drivers/STM32G4xx_HAL_Driver/Src/stm32g4xx_hal_gpio.o
                0x08009a48                HAL_GPIO_WritePin
 .text.HAL_GPIO_EXTI_IRQHandler
                0x08009a78       0x30 ./Drivers/STM32G4xx_HAL_Driver/Src/stm32g4xx_hal_gpio.o
                0x08009a78                HAL_GPIO_EXTI_IRQHandler
 .text.HAL_PWREx_ControlVoltageScaling
                0x08009aa8      0x148 ./Drivers/STM32G4xx_HAL_Driver/Src/stm32g4xx_hal_pwr_ex.o
                0x08009aa8                HAL_PWREx_ControlVoltageScaling
 .text.HAL_PWREx_DisableUCPDDeadBattery
                0x08009bf0       0x20 ./Drivers/STM32G4xx_HAL_Driver/Src/stm32g4xx_hal_pwr_ex.o
                0x08009bf0                HAL_PWREx_DisableUCPDDeadBattery
 .text.HAL_RCC_OscConfig
                0x08009c10      0x624 ./Drivers/STM32G4xx_HAL_Driver/Src/stm32g4xx_hal_rcc.o
                0x08009c10                HAL_RCC_OscConfig
 .text.HAL_RCC_ClockConfig
                0x0800a234      0x278 ./Drivers/STM32G4xx_HAL_Driver/Src/stm32g4xx_hal_rcc.o
                0x0800a234                HAL_RCC_ClockConfig
 .text.HAL_RCC_GetSysClockFreq
                0x0800a4ac       0xc4 ./Drivers/STM32G4xx_HAL_Driver/Src/stm32g4xx_hal_rcc.o
                0x0800a4ac                HAL_RCC_GetSysClockFreq
 .text.HAL_RCC_GetHCLKFreq
                0x0800a570       0x18 ./Drivers/STM32G4xx_HAL_Driver/Src/stm32g4xx_hal_rcc.o
                0x0800a570                HAL_RCC_GetHCLKFreq
 .text.HAL_RCC_GetPCLK1Freq
                0x0800a588       0x2c ./Drivers/STM32G4xx_HAL_Driver/Src/stm32g4xx_hal_rcc.o
                0x0800a588                HAL_RCC_GetPCLK1Freq
 .text.HAL_RCC_GetPCLK2Freq
                0x0800a5b4       0x2c ./Drivers/STM32G4xx_HAL_Driver/Src/stm32g4xx_hal_rcc.o
                0x0800a5b4                HAL_RCC_GetPCLK2Freq
 .text.RCC_GetSysClockFreqFromPLLSource
                0x0800a5e0       0x8c ./Drivers/STM32G4xx_HAL_Driver/Src/stm32g4xx_hal_rcc.o
 .text.HAL_RCCEx_PeriphCLKConfig
                0x0800a66c      0x49c ./Drivers/STM32G4xx_HAL_Driver/Src/stm32g4xx_hal_rcc_ex.o
                0x0800a66c                HAL_RCCEx_PeriphCLKConfig
 .text.HAL_SPI_Init
                0x0800ab08      0x156 ./Drivers/STM32G4xx_HAL_Driver/Src/stm32g4xx_hal_spi.o
                0x0800ab08                HAL_SPI_Init
 .text.HAL_SPI_Transmit
                0x0800ac5e      0x2ec ./Drivers/STM32G4xx_HAL_Driver/Src/stm32g4xx_hal_spi.o
                0x0800ac5e                HAL_SPI_Transmit
 .text.HAL_SPI_TransmitReceive
                0x0800af4a      0x43e ./Drivers/STM32G4xx_HAL_Driver/Src/stm32g4xx_hal_spi.o
                0x0800af4a                HAL_SPI_TransmitReceive
 .text.SPI_WaitFlagStateUntilTimeout
                0x0800b388      0x110 ./Drivers/STM32G4xx_HAL_Driver/Src/stm32g4xx_hal_spi.o
 .text.SPI_WaitFifoStateUntilTimeout
                0x0800b498      0x12c ./Drivers/STM32G4xx_HAL_Driver/Src/stm32g4xx_hal_spi.o
 .text.SPI_EndRxTxTransaction
                0x0800b5c4       0x8c ./Drivers/STM32G4xx_HAL_Driver/Src/stm32g4xx_hal_spi.o
 .text.HAL_UART_Init
                0x0800b650       0xa0 ./Drivers/STM32G4xx_HAL_Driver/Src/stm32g4xx_hal_uart.o
                0x0800b650                HAL_UART_Init
 .text.HAL_UART_Receive_IT
                0x0800b6f0       0x98 ./Drivers/STM32G4xx_HAL_Driver/Src/stm32g4xx_hal_uart.o
                0x0800b6f0                HAL_UART_Receive_IT
 .text.HAL_UART_IRQHandler
                0x0800b788      0x684 ./Drivers/STM32G4xx_HAL_Driver/Src/stm32g4xx_hal_uart.o
                0x0800b788                HAL_UART_IRQHandler
 .text.HAL_UART_TxCpltCallback
                0x0800be0c       0x14 ./Drivers/STM32G4xx_HAL_Driver/Src/stm32g4xx_hal_uart.o
                0x0800be0c                HAL_UART_TxCpltCallback
 .text.HAL_UARTEx_RxEventCallback
                0x0800be20       0x18 ./Drivers/STM32G4xx_HAL_Driver/Src/stm32g4xx_hal_uart.o
                0x0800be20                HAL_UARTEx_RxEventCallback
 .text.UART_SetConfig
                0x0800be38      0x5f8 ./Drivers/STM32G4xx_HAL_Driver/Src/stm32g4xx_hal_uart.o
                0x0800be38                UART_SetConfig
 .text.UART_AdvFeatureConfig
                0x0800c430      0x144 ./Drivers/STM32G4xx_HAL_Driver/Src/stm32g4xx_hal_uart.o
                0x0800c430                UART_AdvFeatureConfig
 .text.UART_CheckIdleState
                0x0800c574      0x154 ./Drivers/STM32G4xx_HAL_Driver/Src/stm32g4xx_hal_uart.o
                0x0800c574                UART_CheckIdleState
 .text.UART_WaitOnFlagUntilTimeout
                0x0800c6c8       0xda ./Drivers/STM32G4xx_HAL_Driver/Src/stm32g4xx_hal_uart.o
                0x0800c6c8                UART_WaitOnFlagUntilTimeout
 *fill*         0x0800c7a2        0x2 
 .text.UART_Start_Receive_IT
                0x0800c7a4      0x244 ./Drivers/STM32G4xx_HAL_Driver/Src/stm32g4xx_hal_uart.o
                0x0800c7a4                UART_Start_Receive_IT
 .text.UART_EndRxTransfer
                0x0800c9e8       0xcc ./Drivers/STM32G4xx_HAL_Driver/Src/stm32g4xx_hal_uart.o
 .text.UART_DMAAbortOnError
                0x0800cab4       0x1c ./Drivers/STM32G4xx_HAL_Driver/Src/stm32g4xx_hal_uart.o
 .text.UART_EndTransmit_IT
                0x0800cad0       0x56 ./Drivers/STM32G4xx_HAL_Driver/Src/stm32g4xx_hal_uart.o
 *fill*         0x0800cb26        0x2 
 .text.UART_RxISR_8BIT
                0x0800cb28      0x1b8 ./Drivers/STM32G4xx_HAL_Driver/Src/stm32g4xx_hal_uart.o
 .text.UART_RxISR_16BIT
                0x0800cce0      0x1b8 ./Drivers/STM32G4xx_HAL_Driver/Src/stm32g4xx_hal_uart.o
 .text.UART_RxISR_8BIT_FIFOEN
                0x0800ce98      0x364 ./Drivers/STM32G4xx_HAL_Driver/Src/stm32g4xx_hal_uart.o
 .text.UART_RxISR_16BIT_FIFOEN
                0x0800d1fc      0x36c ./Drivers/STM32G4xx_HAL_Driver/Src/stm32g4xx_hal_uart.o
 .text.HAL_UARTEx_WakeupCallback
                0x0800d568       0x14 ./Drivers/STM32G4xx_HAL_Driver/Src/stm32g4xx_hal_uart_ex.o
                0x0800d568                HAL_UARTEx_WakeupCallback
 .text.HAL_UARTEx_RxFifoFullCallback
                0x0800d57c       0x14 ./Drivers/STM32G4xx_HAL_Driver/Src/stm32g4xx_hal_uart_ex.o
                0x0800d57c                HAL_UARTEx_RxFifoFullCallback
 .text.HAL_UARTEx_TxFifoEmptyCallback
                0x0800d590       0x14 ./Drivers/STM32G4xx_HAL_Driver/Src/stm32g4xx_hal_uart_ex.o
                0x0800d590                HAL_UARTEx_TxFifoEmptyCallback
 .text.HAL_UARTEx_DisableFifoMode
                0x0800d5a4       0x72 ./Drivers/STM32G4xx_HAL_Driver/Src/stm32g4xx_hal_uart_ex.o
                0x0800d5a4                HAL_UARTEx_DisableFifoMode
 .text.HAL_UARTEx_SetTxFifoThreshold
                0x0800d616       0x7c ./Drivers/STM32G4xx_HAL_Driver/Src/stm32g4xx_hal_uart_ex.o
                0x0800d616                HAL_UARTEx_SetTxFifoThreshold
 .text.HAL_UARTEx_SetRxFifoThreshold
                0x0800d692       0x7c ./Drivers/STM32G4xx_HAL_Driver/Src/stm32g4xx_hal_uart_ex.o
                0x0800d692                HAL_UARTEx_SetRxFifoThreshold
 *fill*         0x0800d70e        0x2 
 .text.UARTEx_SetNbDataToProcess
                0x0800d710       0x9c ./Drivers/STM32G4xx_HAL_Driver/Src/stm32g4xx_hal_uart_ex.o
 .text.atof     0x0800d7ac        0x6 /Applications/STM32CubeIDE.app/Contents/Eclipse/plugins/com.st.stm32cube.ide.mcu.externaltools.gnu-tools-for-stm32.14.3.rel1.macosaarch64_1.0.0.202602081740/tools/bin/../lib/gcc/arm-none-eabi/14.3.1/../../../../arm-none-eabi/lib/thumb/v7e-m+fp/hard/libc_nano.a(libc_a-atof.o)
                0x0800d7ac                atof
 .text.atoi     0x0800d7b2        0x8 /Applications/STM32CubeIDE.app/Contents/Eclipse/plugins/com.st.stm32cube.ide.mcu.externaltools.gnu-tools-for-stm32.14.3.rel1.macosaarch64_1.0.0.202602081740/tools/bin/../lib/gcc/arm-none-eabi/14.3.1/../../../../arm-none-eabi/lib/thumb/v7e-m+fp/hard/libc_nano.a(libc_a-atoi.o)
                0x0800d7b2                atoi
 *fill*         0x0800d7ba        0x2 
 .text.std      0x0800d7bc       0x6c /Applications/STM32CubeIDE.app/Contents/Eclipse/plugins/com.st.stm32cube.ide.mcu.externaltools.gnu-tools-for-stm32.14.3.rel1.macosaarch64_1.0.0.202602081740/tools/bin/../lib/gcc/arm-none-eabi/14.3.1/../../../../arm-none-eabi/lib/thumb/v7e-m+fp/hard/libc_nano.a(libc_a-findfp.o)
 .text.stdio_exit_handler
                0x0800d828       0x18 /Applications/STM32CubeIDE.app/Contents/Eclipse/plugins/com.st.stm32cube.ide.mcu.externaltools.gnu-tools-for-stm32.14.3.rel1.macosaarch64_1.0.0.202602081740/tools/bin/../lib/gcc/arm-none-eabi/14.3.1/../../../../arm-none-eabi/lib/thumb/v7e-m+fp/hard/libc_nano.a(libc_a-findfp.o)
 .text.cleanup_stdio
                0x0800d840       0x40 /Applications/STM32CubeIDE.app/Contents/Eclipse/plugins/com.st.stm32cube.ide.mcu.externaltools.gnu-tools-for-stm32.14.3.rel1.macosaarch64_1.0.0.202602081740/tools/bin/../lib/gcc/arm-none-eabi/14.3.1/../../../../arm-none-eabi/lib/thumb/v7e-m+fp/hard/libc_nano.a(libc_a-findfp.o)
 .text.global_stdio_init.part.0
                0x0800d880       0x40 /Applications/STM32CubeIDE.app/Contents/Eclipse/plugins/com.st.stm32cube.ide.mcu.externaltools.gnu-tools-for-stm32.14.3.rel1.macosaarch64_1.0.0.202602081740/tools/bin/../lib/gcc/arm-none-eabi/14.3.1/../../../../arm-none-eabi/lib/thumb/v7e-m+fp/hard/libc_nano.a(libc_a-findfp.o)
 .text.__sfp_lock_acquire
                0x0800d8c0        0xc /Applications/STM32CubeIDE.app/Contents/Eclipse/plugins/com.st.stm32cube.ide.mcu.externaltools.gnu-tools-for-stm32.14.3.rel1.macosaarch64_1.0.0.202602081740/tools/bin/../lib/gcc/arm-none-eabi/14.3.1/../../../../arm-none-eabi/lib/thumb/v7e-m+fp/hard/libc_nano.a(libc_a-findfp.o)
                0x0800d8c0                __sfp_lock_acquire
 .text.__sfp_lock_release
                0x0800d8cc        0xc /Applications/STM32CubeIDE.app/Contents/Eclipse/plugins/com.st.stm32cube.ide.mcu.externaltools.gnu-tools-for-stm32.14.3.rel1.macosaarch64_1.0.0.202602081740/tools/bin/../lib/gcc/arm-none-eabi/14.3.1/../../../../arm-none-eabi/lib/thumb/v7e-m+fp/hard/libc_nano.a(libc_a-findfp.o)
                0x0800d8cc                __sfp_lock_release
 .text.__sinit  0x0800d8d8       0x30 /Applications/STM32CubeIDE.app/Contents/Eclipse/plugins/com.st.stm32cube.ide.mcu.externaltools.gnu-tools-for-stm32.14.3.rel1.macosaarch64_1.0.0.202602081740/tools/bin/../lib/gcc/arm-none-eabi/14.3.1/../../../../arm-none-eabi/lib/thumb/v7e-m+fp/hard/libc_nano.a(libc_a-findfp.o)
                0x0800d8d8                __sinit
 .text.sulp     0x0800d908       0x3c /Applications/STM32CubeIDE.app/Contents/Eclipse/plugins/com.st.stm32cube.ide.mcu.externaltools.gnu-tools-for-stm32.14.3.rel1.macosaarch64_1.0.0.202602081740/tools/bin/../lib/gcc/arm-none-eabi/14.3.1/../../../../arm-none-eabi/lib/thumb/v7e-m+fp/hard/libc_nano.a(libc_a-strtod.o)
 *fill*         0x0800d944        0x4 
 .text._strtod_l
                0x0800d948      0xbb8 /Applications/STM32CubeIDE.app/Contents/Eclipse/plugins/com.st.stm32cube.ide.mcu.externaltools.gnu-tools-for-stm32.14.3.rel1.macosaarch64_1.0.0.202602081740/tools/bin/../lib/gcc/arm-none-eabi/14.3.1/../../../../arm-none-eabi/lib/thumb/v7e-m+fp/hard/libc_nano.a(libc_a-strtod.o)
                0x0800d948                _strtod_l
 .text.strtod   0x0800e500       0x18 /Applications/STM32CubeIDE.app/Contents/Eclipse/plugins/com.st.stm32cube.ide.mcu.externaltools.gnu-tools-for-stm32.14.3.rel1.macosaarch64_1.0.0.202602081740/tools/bin/../lib/gcc/arm-none-eabi/14.3.1/../../../../arm-none-eabi/lib/thumb/v7e-m+fp/hard/libc_nano.a(libc_a-strtod.o)
                0x0800e500                strtod
 .text._strtol_l.isra.0
                0x0800e518       0xf4 /Applications/STM32CubeIDE.app/Contents/Eclipse/plugins/com.st.stm32cube.ide.mcu.externaltools.gnu-tools-for-stm32.14.3.rel1.macosaarch64_1.0.0.202602081740/tools/bin/../lib/gcc/arm-none-eabi/14.3.1/../../../../arm-none-eabi/lib/thumb/v7e-m+fp/hard/libc_nano.a(libc_a-strtol.o)
 .text.strtol   0x0800e60c       0x14 /Applications/STM32CubeIDE.app/Contents/Eclipse/plugins/com.st.stm32cube.ide.mcu.externaltools.gnu-tools-for-stm32.14.3.rel1.macosaarch64_1.0.0.202602081740/tools/bin/../lib/gcc/arm-none-eabi/14.3.1/../../../../arm-none-eabi/lib/thumb/v7e-m+fp/hard/libc_nano.a(libc_a-strtol.o)
                0x0800e60c                strtol
 .text._fwalk_sglue
                0x0800e620       0x3c /Applications/STM32CubeIDE.app/Contents/Eclipse/plugins/com.st.stm32cube.ide.mcu.externaltools.gnu-tools-for-stm32.14.3.rel1.macosaarch64_1.0.0.202602081740/tools/bin/../lib/gcc/arm-none-eabi/14.3.1/../../../../arm-none-eabi/lib/thumb/v7e-m+fp/hard/libc_nano.a(libc_a-fwalk.o)
                0x0800e620                _fwalk_sglue
 .text.memset   0x0800e65c       0x10 /Applications/STM32CubeIDE.app/Contents/Eclipse/plugins/com.st.stm32cube.ide.mcu.externaltools.gnu-tools-for-stm32.14.3.rel1.macosaarch64_1.0.0.202602081740/tools/bin/../lib/gcc/arm-none-eabi/14.3.1/../../../../arm-none-eabi/lib/thumb/v7e-m+fp/hard/libc_nano.a(libc_a-memset.o)
                0x0800e65c                memset
 .text.strchr   0x0800e66c       0x1a /Applications/STM32CubeIDE.app/Contents/Eclipse/plugins/com.st.stm32cube.ide.mcu.externaltools.gnu-tools-for-stm32.14.3.rel1.macosaarch64_1.0.0.202602081740/tools/bin/../lib/gcc/arm-none-eabi/14.3.1/../../../../arm-none-eabi/lib/thumb/v7e-m+fp/hard/libc_nano.a(libc_a-strchr.o)
                0x0800e66c                strchr
 .text.strncmp  0x0800e686       0x24 /Applications/STM32CubeIDE.app/Contents/Eclipse/plugins/com.st.stm32cube.ide.mcu.externaltools.gnu-tools-for-stm32.14.3.rel1.macosaarch64_1.0.0.202602081740/tools/bin/../lib/gcc/arm-none-eabi/14.3.1/../../../../arm-none-eabi/lib/thumb/v7e-m+fp/hard/libc_nano.a(libc_a-strncmp.o)
                0x0800e686                strncmp
 .text.strncpy  0x0800e6aa       0x26 /Applications/STM32CubeIDE.app/Contents/Eclipse/plugins/com.st.stm32cube.ide.mcu.externaltools.gnu-tools-for-stm32.14.3.rel1.macosaarch64_1.0.0.202602081740/tools/bin/../lib/gcc/arm-none-eabi/14.3.1/../../../../arm-none-eabi/lib/thumb/v7e-m+fp/hard/libc_nano.a(libc_a-strncpy.o)
                0x0800e6aa                strncpy
 .text.__errno  0x0800e6d0        0xc /Applications/STM32CubeIDE.app/Contents/Eclipse/plugins/com.st.stm32cube.ide.mcu.externaltools.gnu-tools-for-stm32.14.3.rel1.macosaarch64_1.0.0.202602081740/tools/bin/../lib/gcc/arm-none-eabi/14.3.1/../../../../arm-none-eabi/lib/thumb/v7e-m+fp/hard/libc_nano.a(libc_a-errno.o)
                0x0800e6d0                __errno
 .text.__libc_init_array
                0x0800e6dc       0x48 /Applications/STM32CubeIDE.app/Contents/Eclipse/plugins/com.st.stm32cube.ide.mcu.externaltools.gnu-tools-for-stm32.14.3.rel1.macosaarch64_1.0.0.202602081740/tools/bin/../lib/gcc/arm-none-eabi/14.3.1/../../../../arm-none-eabi/lib/thumb/v7e-m+fp/hard/libc_nano.a(libc_a-init.o)
                0x0800e6dc                __libc_init_array
 .text.__retarget_lock_init_recursive
                0x0800e724        0x2 /Applications/STM32CubeIDE.app/Contents/Eclipse/plugins/com.st.stm32cube.ide.mcu.externaltools.gnu-tools-for-stm32.14.3.rel1.macosaarch64_1.0.0.202602081740/tools/bin/../lib/gcc/arm-none-eabi/14.3.1/../../../../arm-none-eabi/lib/thumb/v7e-m+fp/hard/libc_nano.a(libc_a-lock.o)
                0x0800e724                __retarget_lock_init_recursive
 .text.__retarget_lock_acquire_recursive
                0x0800e726        0x2 /Applications/STM32CubeIDE.app/Contents/Eclipse/plugins/com.st.stm32cube.ide.mcu.externaltools.gnu-tools-for-stm32.14.3.rel1.macosaarch64_1.0.0.202602081740/tools/bin/../lib/gcc/arm-none-eabi/14.3.1/../../../../arm-none-eabi/lib/thumb/v7e-m+fp/hard/libc_nano.a(libc_a-lock.o)
                0x0800e726                __retarget_lock_acquire_recursive
 .text.__retarget_lock_release_recursive
                0x0800e728        0x2 /Applications/STM32CubeIDE.app/Contents/Eclipse/plugins/com.st.stm32cube.ide.mcu.externaltools.gnu-tools-for-stm32.14.3.rel1.macosaarch64_1.0.0.202602081740/tools/bin/../lib/gcc/arm-none-eabi/14.3.1/../../../../arm-none-eabi/lib/thumb/v7e-m+fp/hard/libc_nano.a(libc_a-lock.o)
                0x0800e728                __retarget_lock_release_recursive
 .text.memcpy   0x0800e72a       0x1c /Applications/STM32CubeIDE.app/Contents/Eclipse/plugins/com.st.stm32cube.ide.mcu.externaltools.gnu-tools-for-stm32.14.3.rel1.macosaarch64_1.0.0.202602081740/tools/bin/../lib/gcc/arm-none-eabi/14.3.1/../../../../arm-none-eabi/lib/thumb/v7e-m+fp/hard/libc_nano.a(libc_a-memcpy-stub.o)
                0x0800e72a                memcpy
 *fill*         0x0800e746        0x2 
 .text.nan      0x0800e748       0x10 /Applications/STM32CubeIDE.app/Contents/Eclipse/plugins/com.st.stm32cube.ide.mcu.externaltools.gnu-tools-for-stm32.14.3.rel1.macosaarch64_1.0.0.202602081740/tools/bin/../lib/gcc/arm-none-eabi/14.3.1/../../../../arm-none-eabi/lib/thumb/v7e-m+fp/hard/libc_nano.a(libm_a-s_nan.o)
                0x0800e748                nan
 .text.rshift   0x0800e758       0xa4 /Applications/STM32CubeIDE.app/Contents/Eclipse/plugins/com.st.stm32cube.ide.mcu.externaltools.gnu-tools-for-stm32.14.3.rel1.macosaarch64_1.0.0.202602081740/tools/bin/../lib/gcc/arm-none-eabi/14.3.1/../../../../arm-none-eabi/lib/thumb/v7e-m+fp/hard/libc_nano.a(libc_a-gdtoa-gethex.o)
 .text.__hexdig_fun
                0x0800e7fc       0x2a /Applications/STM32CubeIDE.app/Contents/Eclipse/plugins/com.st.stm32cube.ide.mcu.externaltools.gnu-tools-for-stm32.14.3.rel1.macosaarch64_1.0.0.202602081740/tools/bin/../lib/gcc/arm-none-eabi/14.3.1/../../../../arm-none-eabi/lib/thumb/v7e-m+fp/hard/libc_nano.a(libc_a-gdtoa-gethex.o)
                0x0800e7fc                __hexdig_fun
 *fill*         0x0800e826        0x2 
 .text.__gethex
                0x0800e828      0x420 /Applications/STM32CubeIDE.app/Contents/Eclipse/plugins/com.st.stm32cube.ide.mcu.externaltools.gnu-tools-for-stm32.14.3.rel1.macosaarch64_1.0.0.202602081740/tools/bin/../lib/gcc/arm-none-eabi/14.3.1/../../../../arm-none-eabi/lib/thumb/v7e-m+fp/hard/libc_nano.a(libc_a-gdtoa-gethex.o)
                0x0800e828                __gethex
 .text.L_shift  0x0800ec48       0x24 /Applications/STM32CubeIDE.app/Contents/Eclipse/plugins/com.st.stm32cube.ide.mcu.externaltools.gnu-tools-for-stm32.14.3.rel1.macosaarch64_1.0.0.202602081740/tools/bin/../lib/gcc/arm-none-eabi/14.3.1/../../../../arm-none-eabi/lib/thumb/v7e-m+fp/hard/libc_nano.a(libc_a-gdtoa-hexnan.o)
 .text.__match  0x0800ec6c       0x28 /Applications/STM32CubeIDE.app/Contents/Eclipse/plugins/com.st.stm32cube.ide.mcu.externaltools.gnu-tools-for-stm32.14.3.rel1.macosaarch64_1.0.0.202602081740/tools/bin/../lib/gcc/arm-none-eabi/14.3.1/../../../../arm-none-eabi/lib/thumb/v7e-m+fp/hard/libc_nano.a(libc_a-gdtoa-hexnan.o)
                0x0800ec6c                __match
 .text.__hexnan
                0x0800ec94      0x13a /Applications/STM32CubeIDE.app/Contents/Eclipse/plugins/com.st.stm32cube.ide.mcu.externaltools.gnu-tools-for-stm32.14.3.rel1.macosaarch64_1.0.0.202602081740/tools/bin/../lib/gcc/arm-none-eabi/14.3.1/../../../../arm-none-eabi/lib/thumb/v7e-m+fp/hard/libc_nano.a(libc_a-gdtoa-hexnan.o)
                0x0800ec94                __hexnan
 *fill*         0x0800edce        0x2 
 .text.sbrk_aligned
                0x0800edd0       0x44 /Applications/STM32CubeIDE.app/Contents/Eclipse/plugins/com.st.stm32cube.ide.mcu.externaltools.gnu-tools-for-stm32.14.3.rel1.macosaarch64_1.0.0.202602081740/tools/bin/../lib/gcc/arm-none-eabi/14.3.1/../../../../arm-none-eabi/lib/thumb/v7e-m+fp/hard/libc_nano.a(libc_a-mallocr.o)
 .text._malloc_r
                0x0800ee14      0x100 /Applications/STM32CubeIDE.app/Contents/Eclipse/plugins/com.st.stm32cube.ide.mcu.externaltools.gnu-tools-for-stm32.14.3.rel1.macosaarch64_1.0.0.202602081740/tools/bin/../lib/gcc/arm-none-eabi/14.3.1/../../../../arm-none-eabi/lib/thumb/v7e-m+fp/hard/libc_nano.a(libc_a-mallocr.o)
                0x0800ee14                _malloc_r
 .text.__ascii_mbtowc
                0x0800ef14       0x24 /Applications/STM32CubeIDE.app/Contents/Eclipse/plugins/com.st.stm32cube.ide.mcu.externaltools.gnu-tools-for-stm32.14.3.rel1.macosaarch64_1.0.0.202602081740/tools/bin/../lib/gcc/arm-none-eabi/14.3.1/../../../../arm-none-eabi/lib/thumb/v7e-m+fp/hard/libc_nano.a(libc_a-mbtowc_r.o)
                0x0800ef14                __ascii_mbtowc
 .text.__sflush_r
                0x0800ef38      0x104 /Applications/STM32CubeIDE.app/Contents/Eclipse/plugins/com.st.stm32cube.ide.mcu.externaltools.gnu-tools-for-stm32.14.3.rel1.macosaarch64_1.0.0.202602081740/tools/bin/../lib/gcc/arm-none-eabi/14.3.1/../../../../arm-none-eabi/lib/thumb/v7e-m+fp/hard/libc_nano.a(libc_a-fflush.o)
                0x0800ef38                __sflush_r
 .text._fflush_r
                0x0800f03c       0x50 /Applications/STM32CubeIDE.app/Contents/Eclipse/plugins/com.st.stm32cube.ide.mcu.externaltools.gnu-tools-for-stm32.14.3.rel1.macosaarch64_1.0.0.202602081740/tools/bin/../lib/gcc/arm-none-eabi/14.3.1/../../../../arm-none-eabi/lib/thumb/v7e-m+fp/hard/libc_nano.a(libc_a-fflush.o)
                0x0800f03c                _fflush_r
 .text.__malloc_lock
                0x0800f08c        0xc /Applications/STM32CubeIDE.app/Contents/Eclipse/plugins/com.st.stm32cube.ide.mcu.externaltools.gnu-tools-for-stm32.14.3.rel1.macosaarch64_1.0.0.202602081740/tools/bin/../lib/gcc/arm-none-eabi/14.3.1/../../../../arm-none-eabi/lib/thumb/v7e-m+fp/hard/libc_nano.a(libc_a-mlock.o)
                0x0800f08c                __malloc_lock
 .text.__malloc_unlock
                0x0800f098        0xc /Applications/STM32CubeIDE.app/Contents/Eclipse/plugins/com.st.stm32cube.ide.mcu.externaltools.gnu-tools-for-stm32.14.3.rel1.macosaarch64_1.0.0.202602081740/tools/bin/../lib/gcc/arm-none-eabi/14.3.1/../../../../arm-none-eabi/lib/thumb/v7e-m+fp/hard/libc_nano.a(libc_a-mlock.o)
                0x0800f098                __malloc_unlock
 .text._Balloc  0x0800f0a4       0x7c /Applications/STM32CubeIDE.app/Contents/Eclipse/plugins/com.st.stm32cube.ide.mcu.externaltools.gnu-tools-for-stm32.14.3.rel1.macosaarch64_1.0.0.202602081740/tools/bin/../lib/gcc/arm-none-eabi/14.3.1/../../../../arm-none-eabi/lib/thumb/v7e-m+fp/hard/libc_nano.a(libc_a-mprec.o)
                0x0800f0a4                _Balloc
 .text._Bfree   0x0800f120       0x44 /Applications/STM32CubeIDE.app/Contents/Eclipse/plugins/com.st.stm32cube.ide.mcu.externaltools.gnu-tools-for-stm32.14.3.rel1.macosaarch64_1.0.0.202602081740/tools/bin/../lib/gcc/arm-none-eabi/14.3.1/../../../../arm-none-eabi/lib/thumb/v7e-m+fp/hard/libc_nano.a(libc_a-mprec.o)
                0x0800f120                _Bfree
 .text.__multadd
                0x0800f164       0x8c /Applications/STM32CubeIDE.app/Contents/Eclipse/plugins/com.st.stm32cube.ide.mcu.externaltools.gnu-tools-for-stm32.14.3.rel1.macosaarch64_1.0.0.202602081740/tools/bin/../lib/gcc/arm-none-eabi/14.3.1/../../../../arm-none-eabi/lib/thumb/v7e-m+fp/hard/libc_nano.a(libc_a-mprec.o)
                0x0800f164                __multadd
 .text.__s2b    0x0800f1f0       0x94 /Applications/STM32CubeIDE.app/Contents/Eclipse/plugins/com.st.stm32cube.ide.mcu.externaltools.gnu-tools-for-stm32.14.3.rel1.macosaarch64_1.0.0.202602081740/tools/bin/../lib/gcc/arm-none-eabi/14.3.1/../../../../arm-none-eabi/lib/thumb/v7e-m+fp/hard/libc_nano.a(libc_a-mprec.o)
                0x0800f1f0                __s2b
 .text.__hi0bits
                0x0800f284       0x3e /Applications/STM32CubeIDE.app/Contents/Eclipse/plugins/com.st.stm32cube.ide.mcu.externaltools.gnu-tools-for-stm32.14.3.rel1.macosaarch64_1.0.0.202602081740/tools/bin/../lib/gcc/arm-none-eabi/14.3.1/../../../../arm-none-eabi/lib/thumb/v7e-m+fp/hard/libc_nano.a(libc_a-mprec.o)
                0x0800f284                __hi0bits
 .text.__lo0bits
                0x0800f2c2       0x5a /Applications/STM32CubeIDE.app/Contents/Eclipse/plugins/com.st.stm32cube.ide.mcu.externaltools.gnu-tools-for-stm32.14.3.rel1.macosaarch64_1.0.0.202602081740/tools/bin/../lib/gcc/arm-none-eabi/14.3.1/../../../../arm-none-eabi/lib/thumb/v7e-m+fp/hard/libc_nano.a(libc_a-mprec.o)
                0x0800f2c2                __lo0bits
 .text.__i2b    0x0800f31c       0x2c /Applications/STM32CubeIDE.app/Contents/Eclipse/plugins/com.st.stm32cube.ide.mcu.externaltools.gnu-tools-for-stm32.14.3.rel1.macosaarch64_1.0.0.202602081740/tools/bin/../lib/gcc/arm-none-eabi/14.3.1/../../../../arm-none-eabi/lib/thumb/v7e-m+fp/hard/libc_nano.a(libc_a-mprec.o)
                0x0800f31c                __i2b
 .text.__multiply
                0x0800f348      0x154 /Applications/STM32CubeIDE.app/Contents/Eclipse/plugins/com.st.stm32cube.ide.mcu.externaltools.gnu-tools-for-stm32.14.3.rel1.macosaarch64_1.0.0.202602081740/tools/bin/../lib/gcc/arm-none-eabi/14.3.1/../../../../arm-none-eabi/lib/thumb/v7e-m+fp/hard/libc_nano.a(libc_a-mprec.o)
                0x0800f348                __multiply
 .text.__pow5mult
                0x0800f49c       0xb8 /Applications/STM32CubeIDE.app/Contents/Eclipse/plugins/com.st.stm32cube.ide.mcu.externaltools.gnu-tools-for-stm32.14.3.rel1.macosaarch64_1.0.0.202602081740/tools/bin/../lib/gcc/arm-none-eabi/14.3.1/../../../../arm-none-eabi/lib/thumb/v7e-m+fp/hard/libc_nano.a(libc_a-mprec.o)
                0x0800f49c                __pow5mult
 .text.__lshift
                0x0800f554       0xdc /Applications/STM32CubeIDE.app/Contents/Eclipse/plugins/com.st.stm32cube.ide.mcu.externaltools.gnu-tools-for-stm32.14.3.rel1.macosaarch64_1.0.0.202602081740/tools/bin/../lib/gcc/arm-none-eabi/14.3.1/../../../../arm-none-eabi/lib/thumb/v7e-m+fp/hard/libc_nano.a(libc_a-mprec.o)
                0x0800f554                __lshift
 .text.__mcmp   0x0800f630       0x36 /Applications/STM32CubeIDE.app/Contents/Eclipse/plugins/com.st.stm32cube.ide.mcu.externaltools.gnu-tools-for-stm32.14.3.rel1.macosaarch64_1.0.0.202602081740/tools/bin/../lib/gcc/arm-none-eabi/14.3.1/../../../../arm-none-eabi/lib/thumb/v7e-m+fp/hard/libc_nano.a(libc_a-mprec.o)
                0x0800f630                __mcmp
 *fill*         0x0800f666        0x2 
 .text.__mdiff  0x0800f668      0x130 /Applications/STM32CubeIDE.app/Contents/Eclipse/plugins/com.st.stm32cube.ide.mcu.externaltools.gnu-tools-for-stm32.14.3.rel1.macosaarch64_1.0.0.202602081740/tools/bin/../lib/gcc/arm-none-eabi/14.3.1/../../../../arm-none-eabi/lib/thumb/v7e-m+fp/hard/libc_nano.a(libc_a-mprec.o)
                0x0800f668                __mdiff
 .text.__ulp    0x0800f798       0x4c /Applications/STM32CubeIDE.app/Contents/Eclipse/plugins/com.st.stm32cube.ide.mcu.externaltools.gnu-tools-for-stm32.14.3.rel1.macosaarch64_1.0.0.202602081740/tools/bin/../lib/gcc/arm-none-eabi/14.3.1/../../../../arm-none-eabi/lib/thumb/v7e-m+fp/hard/libc_nano.a(libc_a-mprec.o)
                0x0800f798                __ulp
 .text.__b2d    0x0800f7e4       0x94 /Applications/STM32CubeIDE.app/Contents/Eclipse/plugins/com.st.stm32cube.ide.mcu.externaltools.gnu-tools-for-stm32.14.3.rel1.macosaarch64_1.0.0.202602081740/tools/bin/../lib/gcc/arm-none-eabi/14.3.1/../../../../arm-none-eabi/lib/thumb/v7e-m+fp/hard/libc_nano.a(libc_a-mprec.o)
                0x0800f7e4                __b2d
 .text.__d2b    0x0800f878       0xb0 /Applications/STM32CubeIDE.app/Contents/Eclipse/plugins/com.st.stm32cube.ide.mcu.externaltools.gnu-tools-for-stm32.14.3.rel1.macosaarch64_1.0.0.202602081740/tools/bin/../lib/gcc/arm-none-eabi/14.3.1/../../../../arm-none-eabi/lib/thumb/v7e-m+fp/hard/libc_nano.a(libc_a-mprec.o)
                0x0800f878                __d2b
 .text.__ratio  0x0800f928       0x64 /Applications/STM32CubeIDE.app/Contents/Eclipse/plugins/com.st.stm32cube.ide.mcu.externaltools.gnu-tools-for-stm32.14.3.rel1.macosaarch64_1.0.0.202602081740/tools/bin/../lib/gcc/arm-none-eabi/14.3.1/../../../../arm-none-eabi/lib/thumb/v7e-m+fp/hard/libc_nano.a(libc_a-mprec.o)
                0x0800f928                __ratio
 .text.__copybits
                0x0800f98c       0x46 /Applications/STM32CubeIDE.app/Contents/Eclipse/plugins/com.st.stm32cube.ide.mcu.externaltools.gnu-tools-for-stm32.14.3.rel1.macosaarch64_1.0.0.202602081740/tools/bin/../lib/gcc/arm-none-eabi/14.3.1/../../../../arm-none-eabi/lib/thumb/v7e-m+fp/hard/libc_nano.a(libc_a-mprec.o)
                0x0800f98c                __copybits
 .text.__any_on
                0x0800f9d2       0x42 /Applications/STM32CubeIDE.app/Contents/Eclipse/plugins/com.st.stm32cube.ide.mcu.externaltools.gnu-tools-for-stm32.14.3.rel1.macosaarch64_1.0.0.202602081740/tools/bin/../lib/gcc/arm-none-eabi/14.3.1/../../../../arm-none-eabi/lib/thumb/v7e-m+fp/hard/libc_nano.a(libc_a-mprec.o)
                0x0800f9d2                __any_on
 .text.__sread  0x0800fa14       0x22 /Applications/STM32CubeIDE.app/Contents/Eclipse/plugins/com.st.stm32cube.ide.mcu.externaltools.gnu-tools-for-stm32.14.3.rel1.macosaarch64_1.0.0.202602081740/tools/bin/../lib/gcc/arm-none-eabi/14.3.1/../../../../arm-none-eabi/lib/thumb/v7e-m+fp/hard/libc_nano.a(libc_a-stdio.o)
                0x0800fa14                __sread
 .text.__swrite
                0x0800fa36       0x38 /Applications/STM32CubeIDE.app/Contents/Eclipse/plugins/com.st.stm32cube.ide.mcu.externaltools.gnu-tools-for-stm32.14.3.rel1.macosaarch64_1.0.0.202602081740/tools/bin/../lib/gcc/arm-none-eabi/14.3.1/../../../../arm-none-eabi/lib/thumb/v7e-m+fp/hard/libc_nano.a(libc_a-stdio.o)
                0x0800fa36                __swrite
 .text.__sseek  0x0800fa6e       0x26 /Applications/STM32CubeIDE.app/Contents/Eclipse/plugins/com.st.stm32cube.ide.mcu.externaltools.gnu-tools-for-stm32.14.3.rel1.macosaarch64_1.0.0.202602081740/tools/bin/../lib/gcc/arm-none-eabi/14.3.1/../../../../arm-none-eabi/lib/thumb/v7e-m+fp/hard/libc_nano.a(libc_a-stdio.o)
                0x0800fa6e                __sseek
 .text.__sclose
                0x0800fa94        0x8 /Applications/STM32CubeIDE.app/Contents/Eclipse/plugins/com.st.stm32cube.ide.mcu.externaltools.gnu-tools-for-stm32.14.3.rel1.macosaarch64_1.0.0.202602081740/tools/bin/../lib/gcc/arm-none-eabi/14.3.1/../../../../arm-none-eabi/lib/thumb/v7e-m+fp/hard/libc_nano.a(libc_a-stdio.o)
                0x0800fa94                __sclose
 .text.__ascii_wctomb
                0x0800fa9c       0x1a /Applications/STM32CubeIDE.app/Contents/Eclipse/plugins/com.st.stm32cube.ide.mcu.externaltools.gnu-tools-for-stm32.14.3.rel1.macosaarch64_1.0.0.202602081740/tools/bin/../lib/gcc/arm-none-eabi/14.3.1/../../../../arm-none-eabi/lib/thumb/v7e-m+fp/hard/libc_nano.a(libc_a-wctomb_r.o)
                0x0800fa9c                __ascii_wctomb
 *fill*         0x0800fab6        0x2 
 .text._lseek_r
                0x0800fab8       0x24 /Applications/STM32CubeIDE.app/Contents/Eclipse/plugins/com.st.stm32cube.ide.mcu.externaltools.gnu-tools-for-stm32.14.3.rel1.macosaarch64_1.0.0.202602081740/tools/bin/../lib/gcc/arm-none-eabi/14.3.1/../../../../arm-none-eabi/lib/thumb/v7e-m+fp/hard/libc_nano.a(libc_a-lseekr.o)
                0x0800fab8                _lseek_r
 .text._read_r  0x0800fadc       0x24 /Applications/STM32CubeIDE.app/Contents/Eclipse/plugins/com.st.stm32cube.ide.mcu.externaltools.gnu-tools-for-stm32.14.3.rel1.macosaarch64_1.0.0.202602081740/tools/bin/../lib/gcc/arm-none-eabi/14.3.1/../../../../arm-none-eabi/lib/thumb/v7e-m+fp/hard/libc_nano.a(libc_a-readr.o)
                0x0800fadc                _read_r
 .text._sbrk_r  0x0800fb00       0x20 /Applications/STM32CubeIDE.app/Contents/Eclipse/plugins/com.st.stm32cube.ide.mcu.externaltools.gnu-tools-for-stm32.14.3.rel1.macosaarch64_1.0.0.202602081740/tools/bin/../lib/gcc/arm-none-eabi/14.3.1/../../../../arm-none-eabi/lib/thumb/v7e-m+fp/hard/libc_nano.a(libc_a-sbrkr.o)
                0x0800fb00                _sbrk_r
 .text._write_r
                0x0800fb20       0x24 /Applications/STM32CubeIDE.app/Contents/Eclipse/plugins/com.st.stm32cube.ide.mcu.externaltools.gnu-tools-for-stm32.14.3.rel1.macosaarch64_1.0.0.202602081740/tools/bin/../lib/gcc/arm-none-eabi/14.3.1/../../../../arm-none-eabi/lib/thumb/v7e-m+fp/hard/libc_nano.a(libc_a-writer.o)
                0x0800fb20                _write_r
 .text._close_r
                0x0800fb44       0x20 /Applications/STM32CubeIDE.app/Contents/Eclipse/plugins/com.st.stm32cube.ide.mcu.externaltools.gnu-tools-for-stm32.14.3.rel1.macosaarch64_1.0.0.202602081740/tools/bin/../lib/gcc/arm-none-eabi/14.3.1/../../../../arm-none-eabi/lib/thumb/v7e-m+fp/hard/libc_nano.a(libc_a-closer.o)
                0x0800fb44                _close_r
 .text.__assert_func
                0x0800fb64       0x3c /Applications/STM32CubeIDE.app/Contents/Eclipse/plugins/com.st.stm32cube.ide.mcu.externaltools.gnu-tools-for-stm32.14.3.rel1.macosaarch64_1.0.0.202602081740/tools/bin/../lib/gcc/arm-none-eabi/14.3.1/../../../../arm-none-eabi/lib/thumb/v7e-m+fp/hard/libc_nano.a(libc_a-assert.o)
                0x0800fb64                __assert_func
 .text._calloc_r
                0x0800fba0       0x28 /Applications/STM32CubeIDE.app/Contents/Eclipse/plugins/com.st.stm32cube.ide.mcu.externaltools.gnu-tools-for-stm32.14.3.rel1.macosaarch64_1.0.0.202602081740/tools/bin/../lib/gcc/arm-none-eabi/14.3.1/../../../../arm-none-eabi/lib/thumb/v7e-m+fp/hard/libc_nano.a(libc_a-callocr.o)
                0x0800fba0                _calloc_r
 .text._free_r  0x0800fbc8       0x94 /Applications/STM32CubeIDE.app/Contents/Eclipse/plugins/com.st.stm32cube.ide.mcu.externaltools.gnu-tools-for-stm32.14.3.rel1.macosaarch64_1.0.0.202602081740/tools/bin/../lib/gcc/arm-none-eabi/14.3.1/../../../../arm-none-eabi/lib/thumb/v7e-m+fp/hard/libc_nano.a(libc_a-freer.o)
                0x0800fbc8                _free_r
 .text.malloc   0x0800fc5c       0x10 /Applications/STM32CubeIDE.app/Contents/Eclipse/plugins/com.st.stm32cube.ide.mcu.externaltools.gnu-tools-for-stm32.14.3.rel1.macosaarch64_1.0.0.202602081740/tools/bin/../lib/gcc/arm-none-eabi/14.3.1/../../../../arm-none-eabi/lib/thumb/v7e-m+fp/hard/libc_nano.a(libc_a-malloc.o)
                0x0800fc5c                malloc
 .text.fprintf  0x0800fc6c       0x24 /Applications/STM32CubeIDE.app/Contents/Eclipse/plugins/com.st.stm32cube.ide.mcu.externaltools.gnu-tools-for-stm32.14.3.rel1.macosaarch64_1.0.0.202602081740/tools/bin/../lib/gcc/arm-none-eabi/14.3.1/../../../../arm-none-eabi/lib/thumb/v7e-m+fp/hard/libc_nano.a(libc_a-fprintf.o)
                0x0800fc6c                fprintf
                0x0800fc6c                fiprintf
 .text.abort    0x0800fc90        0xe /Applications/STM32CubeIDE.app/Contents/Eclipse/plugins/com.st.stm32cube.ide.mcu.externaltools.gnu-tools-for-stm32.14.3.rel1.macosaarch64_1.0.0.202602081740/tools/bin/../lib/gcc/arm-none-eabi/14.3.1/../../../../arm-none-eabi/lib/thumb/v7e-m+fp/hard/libc_nano.a(libc_a-abort.o)
                0x0800fc90                abort
 .text.__sfputc_r
                0x0800fc9e       0x2e /Applications/STM32CubeIDE.app/Contents/Eclipse/plugins/com.st.stm32cube.ide.mcu.externaltools.gnu-tools-for-stm32.14.3.rel1.macosaarch64_1.0.0.202602081740/tools/bin/../lib/gcc/arm-none-eabi/14.3.1/../../../../arm-none-eabi/lib/thumb/v7e-m+fp/hard/libc_nano.a(libc_a-nano-vfprintf.o)
 .text.__sfputs_r
                0x0800fccc       0x24 /Applications/STM32CubeIDE.app/Contents/Eclipse/plugins/com.st.stm32cube.ide.mcu.externaltools.gnu-tools-for-stm32.14.3.rel1.macosaarch64_1.0.0.202602081740/tools/bin/../lib/gcc/arm-none-eabi/14.3.1/../../../../arm-none-eabi/lib/thumb/v7e-m+fp/hard/libc_nano.a(libc_a-nano-vfprintf.o)
                0x0800fccc                __sfputs_r
 .text._vfprintf_r
                0x0800fcf0      0x228 /Applications/STM32CubeIDE.app/Contents/Eclipse/plugins/com.st.stm32cube.ide.mcu.externaltools.gnu-tools-for-stm32.14.3.rel1.macosaarch64_1.0.0.202602081740/tools/bin/../lib/gcc/arm-none-eabi/14.3.1/../../../../arm-none-eabi/lib/thumb/v7e-m+fp/hard/libc_nano.a(libc_a-nano-vfprintf.o)
                0x0800fcf0                _vfiprintf_r
                0x0800fcf0                _vfprintf_r
 .text._printf_common
                0x0800ff18       0xda /Applications/STM32CubeIDE.app/Contents/Eclipse/plugins/com.st.stm32cube.ide.mcu.externaltools.gnu-tools-for-stm32.14.3.rel1.macosaarch64_1.0.0.202602081740/tools/bin/../lib/gcc/arm-none-eabi/14.3.1/../../../../arm-none-eabi/lib/thumb/v7e-m+fp/hard/libc_nano.a(libc_a-nano-vfprintf_i.o)
                0x0800ff18                _printf_common
 *fill*         0x0800fff2        0x2 
 .text._printf_i
                0x0800fff4      0x24c /Applications/STM32CubeIDE.app/Contents/Eclipse/plugins/com.st.stm32cube.ide.mcu.externaltools.gnu-tools-for-stm32.14.3.rel1.macosaarch64_1.0.0.202602081740/tools/bin/../lib/gcc/arm-none-eabi/14.3.1/../../../../arm-none-eabi/lib/thumb/v7e-m+fp/hard/libc_nano.a(libc_a-nano-vfprintf_i.o)
                0x0800fff4                _printf_i
 .text.__swbuf_r
                0x08010240       0x7c /Applications/STM32CubeIDE.app/Contents/Eclipse/plugins/com.st.stm32cube.ide.mcu.externaltools.gnu-tools-for-stm32.14.3.rel1.macosaarch64_1.0.0.202602081740/tools/bin/../lib/gcc/arm-none-eabi/14.3.1/../../../../arm-none-eabi/lib/thumb/v7e-m+fp/hard/libc_nano.a(libc_a-wbuf.o)
                0x08010240                __swbuf_r
 .text.__swsetup_r
                0x080102bc       0xa8 /Applications/STM32CubeIDE.app/Contents/Eclipse/plugins/com.st.stm32cube.ide.mcu.externaltools.gnu-tools-for-stm32.14.3.rel1.macosaarch64_1.0.0.202602081740/tools/bin/../lib/gcc/arm-none-eabi/14.3.1/../../../../arm-none-eabi/lib/thumb/v7e-m+fp/hard/libc_nano.a(libc_a-wsetup.o)
                0x080102bc                __swsetup_r
 .text.__swhatbuf_r
                0x08010364       0x48 /Applications/STM32CubeIDE.app/Contents/Eclipse/plugins/com.st.stm32cube.ide.mcu.externaltools.gnu-tools-for-stm32.14.3.rel1.macosaarch64_1.0.0.202602081740/tools/bin/../lib/gcc/arm-none-eabi/14.3.1/../../../../arm-none-eabi/lib/thumb/v7e-m+fp/hard/libc_nano.a(libc_a-makebuf.o)
                0x08010364                __swhatbuf_r
 .text.__smakebuf_r
                0x080103ac       0x72 /Applications/STM32CubeIDE.app/Contents/Eclipse/plugins/com.st.stm32cube.ide.mcu.externaltools.gnu-tools-for-stm32.14.3.rel1.macosaarch64_1.0.0.202602081740/tools/bin/../lib/gcc/arm-none-eabi/14.3.1/../../../../arm-none-eabi/lib/thumb/v7e-m+fp/hard/libc_nano.a(libc_a-makebuf.o)
                0x080103ac                __smakebuf_r
 .text._raise_r
                0x0801041e       0x50 /Applications/STM32CubeIDE.app/Contents/Eclipse/plugins/com.st.stm32cube.ide.mcu.externaltools.gnu-tools-for-stm32.14.3.rel1.macosaarch64_1.0.0.202602081740/tools/bin/../lib/gcc/arm-none-eabi/14.3.1/../../../../arm-none-eabi/lib/thumb/v7e-m+fp/hard/libc_nano.a(libc_a-signal.o)
                0x0801041e                _raise_r
 *fill*         0x0801046e        0x2 
 .text.raise    0x08010470       0x10 /Applications/STM32CubeIDE.app/Contents/Eclipse/plugins/com.st.stm32cube.ide.mcu.externaltools.gnu-tools-for-stm32.14.3.rel1.macosaarch64_1.0.0.202602081740/tools/bin/../lib/gcc/arm-none-eabi/14.3.1/../../../../arm-none-eabi/lib/thumb/v7e-m+fp/hard/libc_nano.a(libc_a-signal.o)
                0x08010470                raise
 .text._isatty_r
                0x08010480       0x20 /Applications/STM32CubeIDE.app/Contents/Eclipse/plugins/com.st.stm32cube.ide.mcu.externaltools.gnu-tools-for-stm32.14.3.rel1.macosaarch64_1.0.0.202602081740/tools/bin/../lib/gcc/arm-none-eabi/14.3.1/../../../../arm-none-eabi/lib/thumb/v7e-m+fp/hard/libc_nano.a(libc_a-isattyr.o)
                0x08010480                _isatty_r
 .text._kill_r  0x080104a0       0x24 /Applications/STM32CubeIDE.app/Contents/Eclipse/plugins/com.st.stm32cube.ide.mcu.externaltools.gnu-tools-for-stm32.14.3.rel1.macosaarch64_1.0.0.202602081740/tools/bin/../lib/gcc/arm-none-eabi/14.3.1/../../../../arm-none-eabi/lib/thumb/v7e-m+fp/hard/libc_nano.a(libc_a-signalr.o)
                0x080104a0                _kill_r
 .text._getpid_r
                0x080104c4        0x4 /Applications/STM32CubeIDE.app/Contents/Eclipse/plugins/com.st.stm32cube.ide.mcu.externaltools.gnu-tools-for-stm32.14.3.rel1.macosaarch64_1.0.0.202602081740/tools/bin/../lib/gcc/arm-none-eabi/14.3.1/../../../../arm-none-eabi/lib/thumb/v7e-m+fp/hard/libc_nano.a(libc_a-signalr.o)
                0x080104c4                _getpid_r
 .text._fstat_r
                0x080104c8       0x24 /Applications/STM32CubeIDE.app/Contents/Eclipse/plugins/com.st.stm32cube.ide.mcu.externaltools.gnu-tools-for-stm32.14.3.rel1.macosaarch64_1.0.0.202602081740/tools/bin/../lib/gcc/arm-none-eabi/14.3.1/../../../../arm-none-eabi/lib/thumb/v7e-m+fp/hard/libc_nano.a(libc_a-fstatr.o)
                0x080104c8                _fstat_r
 *(.glue_7)
 .glue_7        0x080104ec        0x0 linker stubs
 *(.glue_7t)
 .glue_7t       0x080104ec        0x0 linker stubs
 *(.eh_frame)
 .eh_frame      0x080104ec        0x0 /Applications/STM32CubeIDE.app/Contents/Eclipse/plugins/com.st.stm32cube.ide.mcu.externaltools.gnu-tools-for-stm32.14.3.rel1.macosaarch64_1.0.0.202602081740/tools/bin/../lib/gcc/arm-none-eabi/14.3.1/thumb/v7e-m+fp/hard/crtbegin.o
 *(.init)
 .init          0x080104ec        0x4 /Applications/STM32CubeIDE.app/Contents/Eclipse/plugins/com.st.stm32cube.ide.mcu.externaltools.gnu-tools-for-stm32.14.3.rel1.macosaarch64_1.0.0.202602081740/tools/bin/../lib/gcc/arm-none-eabi/14.3.1/thumb/v7e-m+fp/hard/crti.o
                0x080104ec                _init
 .init          0x080104f0        0x8 /Applications/STM32CubeIDE.app/Contents/Eclipse/plugins/com.st.stm32cube.ide.mcu.externaltools.gnu-tools-for-stm32.14.3.rel1.macosaarch64_1.0.0.202602081740/tools/bin/../lib/gcc/arm-none-eabi/14.3.1/thumb/v7e-m+fp/hard/crtn.o
 *(.fini)
 .fini          0x080104f8        0x4 /Applications/STM32CubeIDE.app/Contents/Eclipse/plugins/com.st.stm32cube.ide.mcu.externaltools.gnu-tools-for-stm32.14.3.rel1.macosaarch64_1.0.0.202602081740/tools/bin/../lib/gcc/arm-none-eabi/14.3.1/thumb/v7e-m+fp/hard/crti.o
                0x080104f8                _fini
 .fini          0x080104fc        0x8 /Applications/STM32CubeIDE.app/Contents/Eclipse/plugins/com.st.stm32cube.ide.mcu.externaltools.gnu-tools-for-stm32.14.3.rel1.macosaarch64_1.0.0.202602081740/tools/bin/../lib/gcc/arm-none-eabi/14.3.1/thumb/v7e-m+fp/hard/crtn.o
                0x08010504                        . = ALIGN (0x4)
                0x08010504                        _etext = .

.vfp11_veneer   0x08010504        0x0
 .vfp11_veneer  0x08010504        0x0 linker stubs

.v4_bx          0x08010504        0x0
 .v4_bx         0x08010504        0x0 linker stubs

.iplt           0x08010504        0x0
 .iplt          0x08010504        0x0 /Applications/STM32CubeIDE.app/Contents/Eclipse/plugins/com.st.stm32cube.ide.mcu.externaltools.gnu-tools-for-stm32.14.3.rel1.macosaarch64_1.0.0.202602081740/tools/bin/../lib/gcc/arm-none-eabi/14.3.1/thumb/v7e-m+fp/hard/crtbegin.o

.rodata         0x08010508      0x480
                0x08010508                        . = ALIGN (0x4)
 *(.rodata)
 .rodata        0x08010508       0x1e ./Core/Src/app_neo6m.o
 *fill*         0x08010526        0x2 
 .rodata        0x08010528       0x48 ./Core/Src/bmp3.o
 *(.rodata*)
 .rodata.g_led1
                0x08010570        0x8 ./Core/Src/main.o
 .rodata.g_led2
                0x08010578        0x8 ./Core/Src/main.o
 .rodata.AHBPrescTable
                0x08010580       0x10 ./Core/Src/system_stm32g4xx.o
                0x08010580                AHBPrescTable
 .rodata.APBPrescTable
                0x08010590        0x8 ./Core/Src/system_stm32g4xx.o
                0x08010590                APBPrescTable
 .rodata.DLCtoBytes
                0x08010598       0x10 ./Drivers/STM32G4xx_HAL_Driver/Src/stm32g4xx_hal_fdcan.o
 .rodata.UARTPrescTable
                0x080105a8       0x18 ./Drivers/STM32G4xx_HAL_Driver/Src/stm32g4xx_hal_uart.o
                0x080105a8                UARTPrescTable
 .rodata.numerator.1
                0x080105c0        0x8 ./Drivers/STM32G4xx_HAL_Driver/Src/stm32g4xx_hal_uart_ex.o
 .rodata.denominator.0
                0x080105c8        0x8 ./Drivers/STM32G4xx_HAL_Driver/Src/stm32g4xx_hal_uart_ex.o
 .rodata._strtod_l.str1.1
                0x080105d0      0x166 /Applications/STM32CubeIDE.app/Contents/Eclipse/plugins/com.st.stm32cube.ide.mcu.externaltools.gnu-tools-for-stm32.14.3.rel1.macosaarch64_1.0.0.202602081740/tools/bin/../lib/gcc/arm-none-eabi/14.3.1/../../../../arm-none-eabi/lib/thumb/v7e-m+fp/hard/libc_nano.a(libc_a-strtod.o)
                                  0xf (size before relaxing)
 *fill*         0x08010736        0x2 
 .rodata.fpinan.0
                0x08010738       0x14 /Applications/STM32CubeIDE.app/Contents/Eclipse/plugins/com.st.stm32cube.ide.mcu.externaltools.gnu-tools-for-stm32.14.3.rel1.macosaarch64_1.0.0.202602081740/tools/bin/../lib/gcc/arm-none-eabi/14.3.1/../../../../arm-none-eabi/lib/thumb/v7e-m+fp/hard/libc_nano.a(libc_a-strtod.o)
 .rodata.fpi.1  0x0801074c       0x14 /Applications/STM32CubeIDE.app/Contents/Eclipse/plugins/com.st.stm32cube.ide.mcu.externaltools.gnu-tools-for-stm32.14.3.rel1.macosaarch64_1.0.0.202602081740/tools/bin/../lib/gcc/arm-none-eabi/14.3.1/../../../../arm-none-eabi/lib/thumb/v7e-m+fp/hard/libc_nano.a(libc_a-strtod.o)
 .rodata.tinytens
                0x08010760       0x28 /Applications/STM32CubeIDE.app/Contents/Eclipse/plugins/com.st.stm32cube.ide.mcu.externaltools.gnu-tools-for-stm32.14.3.rel1.macosaarch64_1.0.0.202602081740/tools/bin/../lib/gcc/arm-none-eabi/14.3.1/../../../../arm-none-eabi/lib/thumb/v7e-m+fp/hard/libc_nano.a(libc_a-strtod.o)
 .rodata._setlocale_r.str1.1
                0x08010788        0x9 /Applications/STM32CubeIDE.app/Contents/Eclipse/plugins/com.st.stm32cube.ide.mcu.externaltools.gnu-tools-for-stm32.14.3.rel1.macosaarch64_1.0.0.202602081740/tools/bin/../lib/gcc/arm-none-eabi/14.3.1/../../../../arm-none-eabi/lib/thumb/v7e-m+fp/hard/libc_nano.a(libc_a-locale.o)
 .rodata.str1.1
                0x08010788        0x2 /Applications/STM32CubeIDE.app/Contents/Eclipse/plugins/com.st.stm32cube.ide.mcu.externaltools.gnu-tools-for-stm32.14.3.rel1.macosaarch64_1.0.0.202602081740/tools/bin/../lib/gcc/arm-none-eabi/14.3.1/../../../../arm-none-eabi/lib/thumb/v7e-m+fp/hard/libc_nano.a(libc_a-locale.o)
 .rodata._ctype_
                0x08010788      0x101 /Applications/STM32CubeIDE.app/Contents/Eclipse/plugins/com.st.stm32cube.ide.mcu.externaltools.gnu-tools-for-stm32.14.3.rel1.macosaarch64_1.0.0.202602081740/tools/bin/../lib/gcc/arm-none-eabi/14.3.1/../../../../arm-none-eabi/lib/thumb/v7e-m+fp/hard/libc_nano.a(libc_a-ctype_.o)
                0x08010788                _ctype_
 .rodata.__gethex.str1.1
                0x08010889       0x73 /Applications/STM32CubeIDE.app/Contents/Eclipse/plugins/com.st.stm32cube.ide.mcu.externaltools.gnu-tools-for-stm32.14.3.rel1.macosaarch64_1.0.0.202602081740/tools/bin/../lib/gcc/arm-none-eabi/14.3.1/../../../../arm-none-eabi/lib/thumb/v7e-m+fp/hard/libc_nano.a(libc_a-gdtoa-gethex.o)
 .rodata._Balloc.str1.1
                0x08010889       0x70 /Applications/STM32CubeIDE.app/Contents/Eclipse/plugins/com.st.stm32cube.ide.mcu.externaltools.gnu-tools-for-stm32.14.3.rel1.macosaarch64_1.0.0.202602081740/tools/bin/../lib/gcc/arm-none-eabi/14.3.1/../../../../arm-none-eabi/lib/thumb/v7e-m+fp/hard/libc_nano.a(libc_a-mprec.o)
 .rodata.__multadd.str1.1
                0x08010889       0x11 /Applications/STM32CubeIDE.app/Contents/Eclipse/plugins/com.st.stm32cube.ide.mcu.externaltools.gnu-tools-for-stm32.14.3.rel1.macosaarch64_1.0.0.202602081740/tools/bin/../lib/gcc/arm-none-eabi/14.3.1/../../../../arm-none-eabi/lib/thumb/v7e-m+fp/hard/libc_nano.a(libc_a-mprec.o)
 *fill*         0x08010889        0x3 
 .rodata.p05.0  0x0801088c        0xc /Applications/STM32CubeIDE.app/Contents/Eclipse/plugins/com.st.stm32cube.ide.mcu.externaltools.gnu-tools-for-stm32.14.3.rel1.macosaarch64_1.0.0.202602081740/tools/bin/../lib/gcc/arm-none-eabi/14.3.1/../../../../arm-none-eabi/lib/thumb/v7e-m+fp/hard/libc_nano.a(libc_a-mprec.o)
 .rodata.__mprec_bigtens
                0x08010898       0x28 /Applications/STM32CubeIDE.app/Contents/Eclipse/plugins/com.st.stm32cube.ide.mcu.externaltools.gnu-tools-for-stm32.14.3.rel1.macosaarch64_1.0.0.202602081740/tools/bin/../lib/gcc/arm-none-eabi/14.3.1/../../../../arm-none-eabi/lib/thumb/v7e-m+fp/hard/libc_nano.a(libc_a-mprec.o)
                0x08010898                __mprec_bigtens
 .rodata.__mprec_tens
                0x080108c0       0xc8 /Applications/STM32CubeIDE.app/Contents/Eclipse/plugins/com.st.stm32cube.ide.mcu.externaltools.gnu-tools-for-stm32.14.3.rel1.macosaarch64_1.0.0.202602081740/tools/bin/../lib/gcc/arm-none-eabi/14.3.1/../../../../arm-none-eabi/lib/thumb/v7e-m+fp/hard/libc_nano.a(libc_a-mprec.o)
                0x080108c0                __mprec_tens
 .rodata.__assert_func.str1.1
                0x08010988       0x3d /Applications/STM32CubeIDE.app/Contents/Eclipse/plugins/com.st.stm32cube.ide.mcu.externaltools.gnu-tools-for-stm32.14.3.rel1.macosaarch64_1.0.0.202602081740/tools/bin/../lib/gcc/arm-none-eabi/14.3.1/../../../../arm-none-eabi/lib/thumb/v7e-m+fp/hard/libc_nano.a(libc_a-assert.o)
 .rodata._vfprintf_r.str1.1
                0x08010988       0x11 /Applications/STM32CubeIDE.app/Contents/Eclipse/plugins/com.st.stm32cube.ide.mcu.externaltools.gnu-tools-for-stm32.14.3.rel1.macosaarch64_1.0.0.202602081740/tools/bin/../lib/gcc/arm-none-eabi/14.3.1/../../../../arm-none-eabi/lib/thumb/v7e-m+fp/hard/libc_nano.a(libc_a-nano-vfprintf.o)
 .rodata._printf_i.str1.1
                0x08010988       0x22 /Applications/STM32CubeIDE.app/Contents/Eclipse/plugins/com.st.stm32cube.ide.mcu.externaltools.gnu-tools-for-stm32.14.3.rel1.macosaarch64_1.0.0.202602081740/tools/bin/../lib/gcc/arm-none-eabi/14.3.1/../../../../arm-none-eabi/lib/thumb/v7e-m+fp/hard/libc_nano.a(libc_a-nano-vfprintf_i.o)
                0x080109c8                        . = ALIGN (0x4)

.ARM.extab      0x08010988        0x0
                0x08010988                        . = ALIGN (0x4)
 *(.ARM.extab* .gnu.linkonce.armextab.*)
                0x08010988                        . = ALIGN (0x4)

.ARM            0x08010988        0x8
                0x08010988                        . = ALIGN (0x4)
                0x08010988                        __exidx_start = .
 *(.ARM.exidx*)
 .ARM.exidx     0x08010988        0x8 /Applications/STM32CubeIDE.app/Contents/Eclipse/plugins/com.st.stm32cube.ide.mcu.externaltools.gnu-tools-for-stm32.14.3.rel1.macosaarch64_1.0.0.202602081740/tools/bin/../lib/gcc/arm-none-eabi/14.3.1/../../../../arm-none-eabi/lib/thumb/v7e-m+fp/hard/libc_nano.a(libc_a-strlen.o)