Archive member included to satisfy reference by file (symbol)

/Applications/STM32CubeIDE.app/Contents/Eclipse/plugins/com.st.stm32cube.ide.mcu.externaltools.gnu-tools-for-stm32.14.3.rel1.macosaarch64_1.0.0.202602081740/tools/bin/../lib/gcc/arm-none-eabi/14.3.1/../../../../arm-none-eabi/lib/thumb/v7e-m+fp/hard/libc_nano.a(libc_a-atof.o)
                              ./Core/Src/app_neo6m.o (atof)
/Applications/STM32CubeIDE.app/Contents/Eclipse/plugins/com.st.stm32cube.ide.mcu.externaltools.gnu-tools-for-stm32.14.3.rel1.macosaarch64_1.0.0.202602081740/tools/bin/../lib/gcc/arm-none-eabi/14.3.1/../../../../arm-none-eabi/lib/thumb/v7e-m+fp/hard/libc_nano.a(libc_a-atoi.o)
                              ./Core/Src/app_neo6m.o (atoi)
/Applications/STM32CubeIDE.app/Contents/Eclipse/plugins/com.st.stm32cube.ide.mcu.externaltools.gnu-tools-for-stm32.14.3.rel1.macosaarch64_1.0.0.202602081740/tools/bin/../lib/gcc/arm-none-eabi/14.3.1/../../../../arm-none-eabi/lib/thumb/v7e-m+fp/hard/libc_nano.a(libc_a-exit.o)
                              /Applications/STM32CubeIDE.app/Contents/Eclipse/plugins/com.st.stm32cube.ide.mcu.externaltools.gnu-tools-for-stm32.14.3.rel1.macosaarch64_1.0.0.202602081740/tools/bin/../lib/gcc/arm-none-eabi/14.3.1/../../../../arm-none-eabi/lib/thumb/v7e-m+fp/hard/crt0.o (exit)
/Applications/STM32CubeIDE.app/Contents/Eclipse/plugins/com.st.stm32cube.ide.mcu.externaltools.gnu-tools-for-stm32.14.3.rel1.macosaarch64_1.0.0.202602081740/tools/bin/../lib/gcc/arm-none-eabi/14.3.1/../../../../arm-none-eabi/lib/thumb/v7e-m+fp/hard/libc_nano.a(libc_a-findfp.o)
                              /Applications/STM32CubeIDE.app/Contents/Eclipse/plugins/com.st.stm32cube.ide.mcu.externaltools.gnu-tools-for-stm32.14.3.rel1.macosaarch64_1.0.0.202602081740/tools/bin/../lib/gcc/arm-none-eabi/14.3.1/../../../../arm-none-eabi/lib/thumb/v7e-m+fp/hard/libc_nano.a(libc_a-exit.o) (__stdio_exit_handler)
/Applications/STM32CubeIDE.app/Contents/Eclipse/plugins/com.st.stm32cube.ide.mcu.externaltools.gnu-tools-for-stm32.14.3.rel1.macosaarch64_1.0.0.202602081740/tools/bin/../lib/gcc/arm-none-eabi/14.3.1/../../../../arm-none-eabi/lib/thumb/v7e-m+fp/hard/libc_nano.a(libc_a-strtod.o)
                              /Applications/STM32CubeIDE.app/Contents/Eclipse/plugins/com.st.stm32cube.ide.mcu.externaltools.gnu-tools-for-stm32.14.3.rel1.macosaarch64_1.0.0.202602081740/tools/bin/../lib/gcc/arm-none-eabi/14.3.1/../../../../arm-none-eabi/lib/thumb/v7e-m+fp/hard/libc_nano.a(libc_a-atof.o) (strtod)
/Applications/STM32CubeIDE.app/Contents/Eclipse/plugins/com.st.stm32cube.ide.mcu.externaltools.gnu-tools-for-stm32.14.3.rel1.macosaarch64_1.0.0.202602081740/tools/bin/../lib/gcc/arm-none-eabi/14.3.1/../../../../arm-none-eabi/lib/thumb/v7e-m+fp/hard/libc_nano.a(libc_a-strtol.o)
                              /Applications/STM32CubeIDE.app/Contents/Eclipse/plugins/com.st.stm32cube.ide.mcu.externaltools.gnu-tools-for-stm32.14.3.rel1.macosaarch64_1.0.0.202602081740/tools/bin/../lib/gcc/arm-none-eabi/14.3.1/../../../../arm-none-eabi/lib/thumb/v7e-m+fp/hard/libc_nano.a(libc_a-atoi.o) (_strtol_r)
/Applications/STM32CubeIDE.app/Contents/Eclipse/plugins/com.st.stm32cube.ide.mcu.externaltools.gnu-tools-for-stm32.14.3.rel1.macosaarch64_1.0.0.202602081740/tools/bin/../lib/gcc/arm-none-eabi/14.3.1/../../../../arm-none-eabi/lib/thumb/v7e-m+fp/hard/libc_nano.a(libc_a-fwalk.o)
                              /Applications/STM32CubeIDE.app/Contents/Eclipse/plugins/com.st.stm32cube.ide.mcu.externaltools.gnu-tools-for-stm32.14.3.rel1.macosaarch64_1.0.0.202602081740/tools/bin/../lib/gcc/arm-none-eabi/14.3.1/../../../../arm-none-eabi/lib/thumb/v7e-m+fp/hard/libc_nano.a(libc_a-findfp.o) (_fwalk_sglue)
/Applications/STM32CubeIDE.app/Contents/Eclipse/plugins/com.st.stm32cube.ide.mcu.externaltools.gnu-tools-for-stm32.14.3.rel1.macosaarch64_1.0.0.202602081740/tools/bin/../lib/gcc/arm-none-eabi/14.3.1/../../../../arm-none-eabi/lib/thumb/v7e-m+fp/hard/libc_nano.a(libc_a-memset.o)
                              /Applications/STM32CubeIDE.app/Contents/Eclipse/plugins/com.st.stm32cube.ide.mcu.externaltools.gnu-tools-for-stm32.14.3.rel1.macosaarch64_1.0.0.202602081740/tools/bin/../lib/gcc/arm-none-eabi/14.3.1/../../../../arm-none-eabi/lib/thumb/v7e-m+fp/hard/crt0.o (memset)
/Applications/STM32CubeIDE.app/Contents/Eclipse/plugins/com.st.stm32cube.ide.mcu.externaltools.gnu-tools-for-stm32.14.3.rel1.macosaarch64_1.0.0.202602081740/tools/bin/../lib/gcc/arm-none-eabi/14.3.1/../../../../arm-none-eabi/lib/thumb/v7e-m+fp/hard/libc_nano.a(libc_a-strchr.o)
                              ./Core/Src/app_neo6m.o (strchr)
/Applications/STM32CubeIDE.app/Contents/Eclipse/plugins/com.st.stm32cube.ide.mcu.externaltools.gnu-tools-for-stm32.14.3.rel1.macosaarch64_1.0.0.202602081740/tools/bin/../lib/gcc/arm-none-eabi/14.3.1/../../../../arm-none-eabi/lib/thumb/v7e-m+fp/hard/libc_nano.a(libc_a-strncmp.o)
                              ./Core/Src/app_neo6m.o (strncmp)
[...]
Memory Configuration

Name             Origin             Length             Attributes
RAM              0x20000000         0x00020000         xrw
FLASH            0x08000000         0x00020000         xr
*default*        0x00000000         0xffffffff

Linker script and memory map

LOAD /Applications/STM32CubeIDE.app/Contents/Eclipse/plugins/com.st.stm32cube.ide.mcu.externaltools.gnu-tools-for-stm32.14.3.rel1.macosaarch64_1.0.0.202602081740/tools/bin/../lib/gcc/arm-none-eabi/14.3.1/thumb/v7e-m+fp/hard/crti.o
LOAD /Applications/STM32CubeIDE.app/Contents/Eclipse/plugins/com.st.stm32cube.ide.mcu.externaltools.gnu-tools-for-stm32.14.3.rel1.macosaarch64_1.0.0.202602081740/tools/bin/../lib/gcc/arm-none-eabi/14.3.1/thumb/v7e-m+fp/hard/crtbegin.o
LOAD /Applications/STM32CubeIDE.app/Contents/Eclipse/plugins/com.st.stm32cube.ide.mcu.externaltools.gnu-tools-for-stm32.14.3.rel1.macosaarch64_1.0.0.202602081740/tools/bin/../lib/gcc/arm-none-eabi/14.3.1/../../../../arm-none-eabi/lib/thumb/v7e-m+fp/hard/crt0.o
LOAD ./Core/Src/app_bmi330.o
LOAD ./Core/Src/app_bmp384.o
LOAD ./Core/Src/app_can_GPS16.o
LOAD ./Core/Src/app_can_IMU_BARO.o
LOAD ./Core/Src/app_neo6m.o
LOAD ./Core/Src/bmi3.o
LOAD ./Core/Src/bmi330.o
LOAD ./Core/Src/bmp3.o
LOAD ./Core/Src/bmp3_port.o
LOAD ./Core/Src/fdcan.o
LOAD ./Core/Src/gpio.o
LOAD ./Core/Src/main.o
LOAD ./Core/Src/spi.o
LOAD ./Core/Src/stm32g4xx_hal_msp.o
LOAD ./Core/Src/stm32g4xx_it.o
LOAD ./Core/Src/syscalls.o
LOAD ./Core/Src/sysmem.o
LOAD ./Core/Src/system_stm32g4xx.o
LOAD ./Core/Src/usart.o
LOAD ./Core/Startup/startup_stm32g474cbtx.o
LOAD ./Drivers/STM32G4xx_HAL_Driver/Src/stm32g4xx_hal.o
LOAD ./Drivers/STM32G4xx_HAL_Driver/Src/stm32g4xx_hal_cortex.o
LOAD ./Drivers/STM32G4xx_HAL_Driver/Src/stm32g4xx_hal_dma.o
LOAD ./Drivers/STM32G4xx_HAL_Driver/Src/stm32g4xx_hal_dma_ex.o
LOAD ./Drivers/STM32G4xx_HAL_Driver/Src/stm32g4xx_hal_exti.o
LOAD ./Drivers/STM32G4xx_HAL_Driver/Src/stm32g4xx_hal_fdcan.o
LOAD ./Drivers/STM32G4xx_HAL_Driver/Src/stm32g4xx_hal_flash.o
LOAD ./Drivers/STM32G4xx_HAL_Driver/Src/stm32g4xx_hal_flash_ex.o
LOAD ./Drivers/STM32G4xx_HAL_Driver/Src/stm32g4xx_hal_flash_ramfunc.o
LOAD ./Drivers/STM32G4xx_HAL_Driver/Src/stm32g4xx_hal_gpio.o
LOAD ./Drivers/STM32G4xx_HAL_Driver/Src/stm32g4xx_hal_pwr.o
LOAD ./Drivers/STM32G4xx_HAL_Driver/Src/stm32g4xx_hal_pwr_ex.o
LOAD ./Drivers/STM32G4xx_HAL_Driver/Src/stm32g4xx_hal_rcc.o
LOAD ./Drivers/STM32G4xx_HAL_Driver/Src/stm32g4xx_hal_rcc_ex.o
LOAD ./Drivers/STM32G4xx_HAL_Driver/Src/stm32g4xx_hal_spi.o
LOAD ./Drivers/STM32G4xx_HAL_Driver/Src/stm32g4xx_hal_spi_ex.o
LOAD ./Drivers/STM32G4xx_HAL_Driver/Src/stm32g4xx_hal_uart.o
LOAD ./Drivers/STM32G4xx_HAL_Driver/Src/stm32g4xx_hal_uart_ex.o
START GROUP
LOAD /Applications/STM32CubeIDE.app/Contents/Eclipse/plugins/com.st.stm32cube.ide.mcu.externaltools.gnu-tools-for-stm32.14.3.rel1.macosaarch64_1.0.0.202602081740/tools/bin/../lib/gcc/arm-none-eabi/14.3.1/../../../../arm-none-eabi/lib/thumb/v7e-m+fp/hard/libc_nano.a
LOAD /Applications/STM32CubeIDE.app/Contents/Eclipse/plugins/com.st.stm32cube.ide.mcu.externaltools.gnu-tools-for-stm32.14.3.rel1.macosaarch64_1.0.0.202602081740/tools/bin/../lib/gcc/arm-none-eabi/14.3.1/../../../../arm-none-eabi/lib/thumb/v7e-m+fp/hard/libm.a
END GROUP
START GROUP
LOAD /Applications/STM32CubeIDE.app/Contents/Eclipse/plugins/com.st.stm32cube.ide.mcu.externaltools.gnu-tools-for-stm32.14.3.rel1.macosaarch64_1.0.0.202602081740/tools/bin/../lib/gcc/arm-none-eabi/14.3.1/thumb/v7e-m+fp/hard/libgcc.a
LOAD /Applications/STM32CubeIDE.app/Contents/Eclipse/plugins/com.st.stm32cube.ide.mcu.externaltools.gnu-tools-for-stm32.14.3.rel1.macosaarch64_1.0.0.202602081740/tools/bin/../lib/gcc/arm-none-eabi/14.3.1/../../../../arm-none-eabi/lib/thumb/v7e-m+fp/hard/libc_nano.a
END GROUP
START GROUP
LOAD /Applications/STM32CubeIDE.app/Contents/Eclipse/plugins/com.st.stm32cube.ide.mcu.externaltools.gnu-tools-for-stm32.14.3.rel1.macosaarch64_1.0.0.202602081740/tools/bin/../lib/gcc/arm-none-eabi/14.3.1/thumb/v7e-m+fp/hard/libgcc.a
LOAD /Applications/STM32CubeIDE.app/Contents/Eclipse/plugins/com.st.stm32cube.ide.mcu.externaltools.gnu-tools-for-stm32.14.3.rel1.macosaarch64_1.0.0.202602081740/tools/bin/../lib/gcc/arm-none-eabi/14.3.1/../../../../arm-none-eabi/lib/thumb/v7e-m+fp/hard/libc_nano.a
LOAD /Applications/STM32CubeIDE.app/Contents/Eclipse/plugins/com.st.stm32cube.ide.mcu.externaltools.gnu-tools-for-stm32.14.3.rel1.macosaarch64_1.0.0.202602081740/tools/bin/../lib/gcc/arm-none-eabi/14.3.1/../../../../arm-none-eabi/lib/thumb/v7e-m+fp/hard/libnosys.a
END GROUP
START GROUP
LOAD /Applications/STM32CubeIDE.app/Contents/Eclipse/plugins/com.st.stm32cube.ide.mcu.externaltools.gnu-tools-for-stm32.14.3.rel1.macosaarch64_1.0.0.202602081740/tools/bin/../lib/gcc/arm-none-eabi/14.3.1/thumb/v7e-m+fp/hard/libgcc.a
LOAD /Applications/STM32CubeIDE.app/Contents/Eclipse/plugins/com.st.stm32cube.ide.mcu.externaltools.gnu-tools-for-stm32.14.3.rel1.macosaarch64_1.0.0.202602081740/tools/bin/../lib/gcc/arm-none-eabi/14.3.1/../../../../arm-none-eabi/lib/thumb/v7e-m+fp/hard/libc_nano.a
LOAD /Applications/STM32CubeIDE.app/Contents/Eclipse/plugins/com.st.stm32cube.ide.mcu.externaltools.gnu-tools-for-stm32.14.3.rel1.macosaarch64_1.0.0.202602081740/tools/bin/../lib/gcc/arm-none-eabi/14.3.1/../../../../arm-none-eabi/lib/thumb/v7e-m+fp/hard/libnosys.a
END GROUP
LOAD /Applications/STM32CubeIDE.app/Contents/Eclipse/plugins/com.st.stm32cube.ide.mcu.externaltools.gnu-tools-for-stm32.14.3.rel1.macosaarch64_1.0.0.202602081740/tools/bin/../lib/gcc/arm-none-eabi/14.3.1/thumb/v7e-m+fp/hard/crtend.o
LOAD /Applications/STM32CubeIDE.app/Contents/Eclipse/plugins/com.st.stm32cube.ide.mcu.externaltools.gnu-tools-for-stm32.14.3.rel1.macosaarch64_1.0.0.202602081740/tools/bin/../lib/gcc/arm-none-eabi/14.3.1/thumb/v7e-m+fp/hard/crtn.o
                0x20020000                        _estack = (ORIGIN (RAM) + LENGTH (RAM))
                0x00000200                        _Min_Heap_Size = 0x200
                0x00000400                        _Min_Stack_Size = 0x400

.isr_vector     0x08000000      0x1d8
                0x08000000                        . = ALIGN (0x4)
 *(.isr_vector)
 .isr_vector    0x08000000      0x1d8 ./Core/Startup/startup_stm32g474cbtx.o
                0x08000000                g_pfnVectors
                0x080001d8                        . = ALIGN (0x4)

.text           0x080001e0    0x107bc
                0x080001e0                        . = ALIGN (0x4)
 *(.text)
 .text          0x080001e0       0x40 /Applications/STM32CubeIDE.app/Contents/Eclipse/plugins/com.st.stm32cube.ide.mcu.externaltools.gnu-tools-for-stm32.14.3.rel1.macosaarch64_1.0.0.202602081740/tools/bin/../lib/gcc/arm-none-eabi/14.3.1/thumb/v7e-m+fp/hard/crtbegin.o
 .text          0x08000220       0x10 /Applications/STM32CubeIDE.app/Contents/Eclipse/plugins/com.st.stm32cube.ide.mcu.externaltools.gnu-tools-for-stm32.14.3.rel1.macosaarch64_1.0.0.202602081740/tools/bin/../lib/gcc/arm-none-eabi/14.3.1/../../../../arm-none-eabi/lib/thumb/v7e-m+fp/hard/libc_nano.a(libc_a-strlen.o)
                0x08000220                strlen
 .text          0x08000230       0xa0 /Applications/STM32CubeIDE.app/Contents/Eclipse/plugins/com.st.stm32cube.ide.mcu.externaltools.gnu-tools-for-stm32.14.3.rel1.macosaarch64_1.0.0.202602081740/tools/bin/../lib/gcc/arm-none-eabi/14.3.1/../../../../arm-none-eabi/lib/thumb/v7e-m+fp/hard/libc_nano.a(libc_a-memchr.o)
                0x08000230                memchr
 .text          0x080002d0      0x378 /Applications/STM32CubeIDE.app/Contents/Eclipse/plugins/com.st.stm32cube.ide.mcu.externaltools.gnu-tools-for-stm32.14.3.rel1.macosaarch64_1.0.0.202602081740/tools/bin/../lib/gcc/arm-none-eabi/14.3.1/thumb/v7e-m+fp/hard/libgcc.a(_arm_addsubdf3.o)
                0x080002d0                __aeabi_drsub
                0x080002d8                __subdf3
                0x080002d8                __aeabi_dsub
                0x080002dc                __aeabi_dadd
                0x080002dc                __adddf3
                0x08000554                __aeabi_ui2d
                0x08000554                __floatunsidf
                0x08000574                __floatsidf
                0x08000574                __aeabi_i2d
                0x08000598                __extendsfdf2
                0x08000598                __aeabi_f2d
                0x080005dc                __aeabi_ul2d
                0x080005dc                __floatundidf
                0x080005ec                __aeabi_l2d
                0x080005ec                __floatdidf
 .text          0x08000648      0x424 /Applications/STM32CubeIDE.app/Contents/Eclipse/plugins/com.st.stm32cube.ide.mcu.externaltools.gnu-tools-for-stm32.14.3.rel1.macosaarch64_1.0.0.202602081740/tools/bin/../lib/gcc/arm-none-eabi/14.3.1/thumb/v7e-m+fp/hard/libgcc.a(_arm_muldivdf3.o)
                0x08000648                __aeabi_dmul
                0x08000648                __muldf3
                0x0800089c                __aeabi_ddiv
                0x0800089c                __divdf3
 .text          0x08000a6c      0x110 /Applications/STM32CubeIDE.app/Contents/Eclipse/plugins/com.st.stm32cube.ide.mcu.externaltools.gnu-tools-for-stm32.14.3.rel1.macosaarch64_1.0.0.202602081740/tools/bin/../lib/gcc/arm-none-eabi/14.3.1/thumb/v7e-m+fp/hard/libgcc.a(_arm_cmpdf2.o)
                0x08000a6c                __gedf2
                0x08000a6c                __gtdf2
                0x08000a74                __ledf2
                0x08000a74                __ltdf2
                0x08000a7c                __cmpdf2
                0x08000a7c                __eqdf2
                0x08000a7c                __nedf2
                0x08000af8                __aeabi_cdrcmple
                0x08000b08                __aeabi_cdcmple
                0x08000b08                __aeabi_cdcmpeq
                0x08000b18                __aeabi_dcmpeq
                0x08000b2c                __aeabi_dcmplt
                0x08000b40                __aeabi_dcmple
                0x08000b54                __aeabi_dcmpge
                0x08000b68                __aeabi_dcmpgt
 .text          0x08000b7c       0x50 /Applications/STM32CubeIDE.app/Contents/Eclipse/plugins/com.st.stm32cube.ide.mcu.externaltools.gnu-tools-for-stm32.14.3.rel1.macosaarch64_1.0.0.202602081740/tools/bin/../lib/gcc/arm-none-eabi/14.3.1/thumb/v7e-m+fp/hard/libgcc.a(_arm_fixdfsi.o)
                0x08000b7c                __fixdfsi
                0x08000b7c                __aeabi_d2iz
 .text          0x08000bcc       0x40 /Applications/STM32CubeIDE.app/Contents/Eclipse/plugins/com.st.stm32cube.ide.mcu.externaltools.gnu-tools-for-stm32.14.3.rel1.macosaarch64_1.0.0.202602081740/tools/bin/../lib/gcc/arm-none-eabi/14.3.1/thumb/v7e-m+fp/hard/libgcc.a(_arm_fixunsdfsi.o)
                0x08000bcc                __fixunsdfsi
                0x08000bcc                __aeabi_d2uiz
 .text          0x08000c0c       0xa0 /Applications/STM32CubeIDE.app/Contents/Eclipse/plugins/com.st.stm32cube.ide.mcu.externaltools.gnu-tools-for-stm32.14.3.rel1.macosaarch64_1.0.0.202602081740/tools/bin/../lib/gcc/arm-none-eabi/14.3.1/thumb/v7e-m+fp/hard/libgcc.a(_arm_truncdfsf2.o)
                0x08000c0c                __aeabi_d2f
                0x08000c0c                __truncdfsf2
 .text          0x08000cac       0x30 /Applications/STM32CubeIDE.app/Contents/Eclipse/plugins/com.st.stm32cube.ide.mcu.externaltools.gnu-tools-for-stm32.14.3.rel1.macosaarch64_1.0.0.202602081740/tools/bin/../lib/gcc/arm-none-eabi/14.3.1/thumb/v7e-m+fp/hard/libgcc.a(_aeabi_uldivmod.o)
                0x08000cac                __aeabi_uldivmod
 .text          0x08000cdc       0x30 /Applications/STM32CubeIDE.app/Contents/Eclipse/plugins/com.st.stm32cube.ide.mcu.externaltools.gnu-tools-for-stm32.14.3.rel1.macosaarch64_1.0.0.202602081740/tools/bin/../lib/gcc/arm-none-eabi/14.3.1/thumb/v7e-m+fp/hard/libgcc.a(_fixdfdi.o)
                0x08000cdc                __aeabi_d2lz
                0x08000cdc                __fixdfdi
 .text          0x08000d0c       0x3c /Applications/STM32CubeIDE.app/Contents/Eclipse/plugins/com.st.stm32cube.ide.mcu.externaltools.gnu-tools-for-stm32.14.3.rel1.macosaarch64_1.0.0.202602081740/tools/bin/../lib/gcc/arm-none-eabi/14.3.1/thumb/v7e-m+fp/hard/libgcc.a(_fixunsdfdi.o)
                0x08000d0c                __aeabi_d2ulz
                0x08000d0c                __fixunsdfdi
 .text          0x08000d48      0x2f8 /Applications/STM32CubeIDE.app/Contents/Eclipse/plugins/com.st.stm32cube.ide.mcu.externaltools.gnu-tools-for-stm32.14.3.rel1.macosaarch64_1.0.0.202602081740/tools/bin/../lib/gcc/arm-none-eabi/14.3.1/thumb/v7e-m+fp/hard/libgcc.a(_udivmoddi4.o)
                0x08000d48                __udivmoddi4
 .text          0x08001040        0x4 /Applications/STM32CubeIDE.app/Contents/Eclipse/plugins/com.st.stm32cube.ide.mcu.externaltools.gnu-tools-for-stm32.14.3.rel1.macosaarch64_1.0.0.202602081740/tools/bin/../lib/gcc/arm-none-eabi/14.3.1/thumb/v7e-m+fp/hard/libgcc.a(_dvmd_tls.o)
                0x08001040                __aeabi_ldiv0
                0x08001040                __aeabi_idiv0
 *(.text*)
 .text.cs_low   0x08001044       0x18 ./Core/Src/app_bmi330.o
 .text.cs_high  0x0800105c       0x18 ./Core/Src/app_bmi330.o
 .text.BMI330_InitDelayTimer
                0x08001074       0x60 ./Core/Src/app_bmi330.o
 .text.spi_write
                0x080010d4      0x104 ./Core/Src/app_bmi330.o
 .text.spi_read
                0x080011d8      0x11c ./Core/Src/app_bmi330.o
 .text.delay_us
                0x080012f4       0x74 ./Core/Src/app_bmi330.o
 .text.BMI330_App_Init
                0x08001368       0xfc ./Core/Src/app_bmi330.o
                0x08001368                BMI330_App_Init
 .text.BMI330_App_ReadRaw
                0x08001464      0x14c ./Core/Src/app_bmi330.o
                0x08001464                BMI330_App_ReadRaw
 .text.BMP384_App_Init
                0x080015b0      0x118 ./Core/Src/app_bmp384.o
                0x080015b0                BMP384_App_Init
 .text.BMP384_App_ReadSample
                0x080016c8       0x64 ./Core/Src/app_bmp384.o
                0x080016c8                BMP384_App_ReadSample
 .text.BMP384_App_HasNewData
                0x0800172c       0x18 ./Core/Src/app_bmp384.o
                0x0800172c                BMP384_App_HasNewData
 .text.BMP384_App_ClearNewData
                0x08001744       0x18 ./Core/Src/app_bmp384.o
                0x08001744                BMP384_App_ClearNewData
 .text.NEO6M_CAN_SendFrame
                0x0800175c       0x68 ./Core/Src/app_can_GPS16.o
 .text.CAN_NEO6M_App_SendData
                0x080017c4       0x7e ./Core/Src/app_can_GPS16.o
                0x080017c4                CAN_NEO6M_App_SendData
 *fill*         0x08001842        0x2 
 .text.BMI330_CAN_SendFrame
                0x08001844       0x68 ./Core/Src/app_can_IMU_BARO.o
 .text.CAN_SENSOR_App_SendCombined
                0x080018ac       0xe6 ./Core/Src/app_can_IMU_BARO.o
                0x080018ac                CAN_SENSOR_App_SendCombined
 .text.hex_to_int
                0x08001992       0x50 ./Core/Src/app_neo6m.o
 .text.split_csv
                0x080019e2       0x5a ./Core/Src/app_neo6m.o
 *fill*         0x08001a3c        0x4 
 .text.parse_latlon_to_e7
                0x08001a40      0x14c ./Core/Src/app_neo6m.o
 *fill*         0x08001b8c        0x4 
 .text.parse_u16_scaled_10
                0x08001b90       0xb0 ./Core/Src/app_neo6m.o
 .text.parse_i16_scaled_10
                0x08001c40       0xe4 ./Core/Src/app_neo6m.o
 *fill*         0x08001d24        0x4 
 .text.knots_to_centi_kmh
                0x08001d28       0xd0 ./Core/Src/app_neo6m.o
 .text.degrees_to_cdeg
                0x08001df8       0xb0 ./Core/Src/app_neo6m.o
 .text.NEO6M_RingAdvance
                0x08001ea8       0x2a ./Core/Src/app_neo6m.o
 *fill*         0x08001ed2        0x2 
 .text.NEO6M_RxPushByte
                0x08001ed4       0x58 ./Core/Src/app_neo6m.o
 .text.NEO6M_RxPopByte
                0x08001f2c       0x80 ./Core/Src/app_neo6m.o
 .text.NEO6M_HandleRxOverflow
                0x08001fac       0x50 ./Core/Src/app_neo6m.o
 .text.NEO6M_SendUbx
                0x08001ffc      0x108 ./Core/Src/app_neo6m.o
 .text.NEO6M_SetMessageRate
                0x08002104       0x36 ./Core/Src/app_neo6m.o
 *fill*         0x0800213a        0x2 
 .text.NEO6M_ConfigureReceiver
                0x0800213c       0x70 ./Core/Src/app_neo6m.o
 .text.NEO6M_ChecksumOk
                0x080021ac       0xc4 ./Core/Src/app_neo6m.o
 .text.NEO6M_ParseRMC
                0x08002270      0x1d8 ./Core/Src/app_neo6m.o
 .text.NEO6M_ParseGGA
                0x08002448       0xa8 ./Core/Src/app_neo6m.o
 .text.NEO6M_ProcessLine
                0x080024f0       0xe8 ./Core/Src/app_neo6m.o
 .text.NEO6M_ProcessRxBuffer
                0x080025d8       0xc8 ./Core/Src/app_neo6m.o
 .text.NEO6M_RestartRxIT
                0x080026a0       0x1c ./Core/Src/app_neo6m.o
 .text.NEO6M_App_Init
                0x080026bc       0xa0 ./Core/Src/app_neo6m.o
                0x080026bc                NEO6M_App_Init
 .text.NEO6M_App_ReadLatest
                0x0800275c       0x50 ./Core/Src/app_neo6m.o
                0x0800275c                NEO6M_App_ReadLatest
 .text.NEO6M_App_HasNewData
                0x080027ac       0x18 ./Core/Src/app_neo6m.o
                0x080027ac                NEO6M_App_HasNewData
 .text.NEO6M_App_ClearNewData
                0x080027c4       0x18 ./Core/Src/app_neo6m.o
                0x080027c4                NEO6M_App_ClearNewData
 .text.NEO6M_App_Process
                0x080027dc       0x44 ./Core/Src/app_neo6m.o
                0x080027dc                NEO6M_App_Process
 .text.HAL_UART_RxCpltCallback
                0x08002820       0x44 ./Core/Src/app_neo6m.o
                0x08002820                HAL_UART_RxCpltCallback
 .text.HAL_UART_ErrorCallback
                0x08002864       0x5c ./Core/Src/app_neo6m.o
                0x08002864                HAL_UART_ErrorCallback
 .text.bmi3_init
                0x080028c0       0xa4 ./Core/Src/bmi3.o
                0x080028c0                bmi3_init
 .text.bmi3_get_regs
                0x08002964       0xca ./Core/Src/bmi3.o
                0x08002964                bmi3_get_regs
 .text.bmi3_set_regs
                0x08002a2e       0x80 ./Core/Src/bmi3.o
                0x08002a2e                bmi3_set_regs
 *fill*         0x08002aae        0x2 
 .text.bmi3_soft_reset
                0x08002ab0      0x124 ./Core/Src/bmi3.o
                0x08002ab0                bmi3_soft_reset
 .text.bmi3_set_command_register
                0x08002bd4       0x3e ./Core/Src/bmi3.o
                0x08002bd4                bmi3_set_command_register
 *fill*         0x08002c12        0x2 
 .text.bmi3_set_sensor_config
                0x08002c14      0x220 ./Core/Src/bmi3.o
                0x08002c14                bmi3_set_sensor_config
 .text.bmi3_get_sensor_config
                0x08002e34      0x224 ./Core/Src/bmi3.o
                0x08002e34                bmi3_get_sensor_config
 .text.bmi3_read_reg_data
                0x08003058       0x26 ./Core/Src/bmi3.o
                0x08003058                bmi3_read_reg_data
 *fill*         0x0800307e        0x2 
 .text.bmi3_get_sensor_data
                0x08003080      0x224 ./Core/Src/bmi3.o
                0x08003080                bmi3_get_sensor_data
 .text.set_accel_config
                0x080032a4      0x174 ./Core/Src/bmi3.o
 .text.get_accel_config
                0x08003418       0x98 ./Core/Src/bmi3.o
 .text.validate_bw_avg_acc_mode
                0x080034b0       0x76 ./Core/Src/bmi3.o
 .text.validate_acc_odr_range
                0x08003526       0x52 ./Core/Src/bmi3.o
 .text.check_boundary_val
                0x08003578       0x78 ./Core/Src/bmi3.o
 .text.set_gyro_config
                0x080035f0      0x150 ./Core/Src/bmi3.o
 .text.validate_bw_avg_gyr_mode
                0x08003740       0x76 ./Core/Src/bmi3.o
 .text.validate_gyr_odr_range
                0x080037b6       0x52 ./Core/Src/bmi3.o
 .text.get_accel_sensortime_sat_data
                0x08003808      0x122 ./Core/Src/bmi3.o
 .text.get_gyro_sensortime_sat_data
                0x0800392a      0x126 ./Core/Src/bmi3.o
 .text.get_temp_sensortime_data
                0x08003a50       0x7a ./Core/Src/bmi3.o
 .text.get_step_counter_sensor_data
                0x08003aca       0x76 ./Core/Src/bmi3.o
 .text.get_orient_output_data
                0x08003b40       0x60 ./Core/Src/bmi3.o
 .text.get_gyro_config
                0x08003ba0       0x98 ./Core/Src/bmi3.o
 .text.null_ptr_check
                0x08003c38       0x40 ./Core/Src/bmi3.o
 .text.get_any_motion_config
                0x08003c78      0x124 ./Core/Src/bmi3.o
 .text.set_any_motion_config
                0x08003d9c      0x142 ./Core/Src/bmi3.o
 .text.get_no_motion_config
                0x08003ede      0x124 ./Core/Src/bmi3.o
 .text.set_no_motion_config
                0x08004002      0x142 ./Core/Src/bmi3.o
 .text.get_flat_config
                0x08004144       0xf0 ./Core/Src/bmi3.o
 .text.set_flat_config
                0x08004234       0xd8 ./Core/Src/bmi3.o
 .text.get_sig_motion_config
                0x0800430c      0x112 ./Core/Src/bmi3.o
 .text.set_sig_motion_config
                0x0800441e      0x180 ./Core/Src/bmi3.o
 .text.get_tilt_config
                0x0800459e       0xe0 ./Core/Src/bmi3.o
 .text.set_tilt_config
                0x0800467e       0x9a ./Core/Src/bmi3.o
 .text.get_orientation_config
                0x08004718      0x114 ./Core/Src/bmi3.o
 .text.set_orientation_config
                0x0800482c      0x158 ./Core/Src/bmi3.o
 .text.get_step_config
                0x08004984      0x416 ./Core/Src/bmi3.o
 .text.set_step_config
                0x08004d9a      0x3fc ./Core/Src/bmi3.o
 .text.get_tap_config
                0x08005196      0x17c ./Core/Src/bmi3.o
 .text.set_tap_config
                0x08005312      0x23c ./Core/Src/bmi3.o
 .text.get_i3c_sync_accel_sensor_data
                0x0800554e       0xb8 ./Core/Src/bmi3.o
 .text.get_i3c_sync_gyro_sensor_data
                0x08005606       0xbe ./Core/Src/bmi3.o
 .text.get_i3c_sync_temp_data
                0x080056c4       0x8a ./Core/Src/bmi3.o
 .text.set_alternate_accel_config
                0x0800574e       0x9e ./Core/Src/bmi3.o
 .text.get_alternate_accel_config
                0x080057ec       0x78 ./Core/Src/bmi3.o
 .text.set_alternate_gyro_config
                0x08005864       0x9e ./Core/Src/bmi3.o
 .text.get_alternate_gyro_config
                0x08005902       0x78 ./Core/Src/bmi3.o
 .text.set_alternate_auto_config
                0x0800597a       0x96 ./Core/Src/bmi3.o
 .text.get_alternate_auto_config
                0x08005a10       0x74 ./Core/Src/bmi3.o
 .text.validate_acc_odr_avg
                0x08005a84      0x13c ./Core/Src/bmi3.o
 .text.accel_skipped_samples_check
                0x08005bc0       0x80 ./Core/Src/bmi3.o
 .text.validate_gyr_odr_avg
                0x08005c40      0x13c ./Core/Src/bmi3.o
 .text.gyro_skipped_samples_check
                0x08005d7c       0x80 ./Core/Src/bmi3.o
 .text.bmi330_init
                0x08005dfc       0x5e ./Core/Src/bmi330.o
                0x08005dfc                bmi330_init
 .text.bmi330_set_sensor_config
                0x08005e5a       0x2a ./Core/Src/bmi330.o
                0x08005e5a                bmi330_set_sensor_config
 .text.bmi330_get_sensor_config
                0x08005e84       0x2a ./Core/Src/bmi330.o
                0x08005e84                bmi330_get_sensor_config
 .text.bmi330_get_sensor_data
                0x08005eae       0x2a ./Core/Src/bmi330.o
                0x08005eae                bmi330_get_sensor_data
 .text.bmi330_context_switch_selection
                0x08005ed8      0x71c ./Core/Src/bmi330.o
                0x08005ed8                bmi330_context_switch_selection
 .text.null_ptr_check
                0x080065f4       0x40 ./Core/Src/bmi330.o
 .text.bmp3_init
                0x08006634       0x8e ./Core/Src/bmp3.o
                0x08006634                bmp3_init
 .text.bmp3_get_regs
                0x080066c2      0x11e ./Core/Src/bmp3.o
                0x080066c2                bmp3_get_regs
 .text.bmp3_set_regs
                0x080067e0      0x128 ./Core/Src/bmp3.o
                0x080067e0                bmp3_set_regs
 .text.bmp3_set_sensor_settings
                0x08006908       0x9c ./Core/Src/bmp3.o
                0x08006908                bmp3_set_sensor_settings
 .text.bmp3_soft_reset
                0x080069a4       0x94 ./Core/Src/bmp3.o
                0x080069a4                bmp3_soft_reset
 .text.bmp3_set_op_mode
                0x08006a38       0xa4 ./Core/Src/bmp3.o
                0x08006a38                bmp3_set_op_mode
 .text.bmp3_get_op_mode
                0x08006adc       0x44 ./Core/Src/bmp3.o
                0x08006adc                bmp3_get_op_mode
 .text.bmp3_get_sensor_data
                0x08006b20       0x82 ./Core/Src/bmp3.o
                0x08006b20                bmp3_get_sensor_data
 .text.set_normal_mode
                0x08006ba2       0x66 ./Core/Src/bmp3.o
 .text.write_power_mode
                0x08006c08       0x6e ./Core/Src/bmp3.o
 .text.put_device_to_sleep
                0x08006c76       0x50 ./Core/Src/bmp3.o
 .text.validate_normal_mode_settings
                0x08006cc6       0x34 ./Core/Src/bmp3.o
 .text.get_calib_data
                0x08006cfa       0x48 ./Core/Src/bmp3.o
 .text.interleave_reg_addr
                0x08006d42       0x56 ./Core/Src/bmp3.o
 .text.parse_odr_filter_settings
                0x08006d98       0x76 ./Core/Src/bmp3.o
 .text.set_pwr_ctrl_settings
                0x08006e0e       0x9e ./Core/Src/bmp3.o
 .text.set_odr_filter_settings
                0x08006eac       0xda ./Core/Src/bmp3.o
 .text.set_int_ctrl_settings
                0x08006f86       0xfa ./Core/Src/bmp3.o
 .text.set_advance_settings
                0x08007080       0xaa ./Core/Src/bmp3.o
 .text.get_odr_filter_settings
                0x0800712a       0x38 ./Core/Src/bmp3.o
 *fill*         0x08007162        0x2 
 .text.validate_osr_and_odr_settings
                0x08007164       0x80 ./Core/Src/bmp3.o
 .text.verify_meas_time_and_odr_duration
                0x080071e4       0x2c ./Core/Src/bmp3.o
 .text.calculate_press_meas_time
                0x08007210       0x60 ./Core/Src/bmp3.o
 .text.calculate_temp_meas_time
                0x08007270       0x60 ./Core/Src/bmp3.o
 .text.fill_osr_data
                0x080072d0       0xb2 ./Core/Src/bmp3.o
 .text.fill_odr_data
                0x08007382       0x74 ./Core/Src/bmp3.o
 .text.fill_filter_data
                0x080073f6       0x6e ./Core/Src/bmp3.o
 .text.parse_sensor_data
                0x08007464       0x76 ./Core/Src/bmp3.o
 .text.compensate_data
                0x080074da       0xe4 ./Core/Src/bmp3.o
 *fill*         0x080075be        0x2 
 .text.parse_calib_data
                0x080075c0      0x3a0 ./Core/Src/bmp3.o
 .text.compensate_temperature
                0x08007960       0xf4 ./Core/Src/bmp3.o
 *fill*         0x08007a54        0x4 
 .text.compensate_pressure
                0x08007a58      0x2f0 ./Core/Src/bmp3.o
 .text.pow_bmp3
                0x08007d48       0x4a ./Core/Src/bmp3.o
 .text.are_settings_changed
                0x08007d92       0x30 ./Core/Src/bmp3.o
 .text.null_ptr_check
                0x08007dc2       0x48 ./Core/Src/bmp3.o
 .text.bmp3_cs_low
                0x08007e0a       0x20 ./Core/Src/bmp3_port.o
 .text.bmp3_cs_high
                0x08007e2a       0x20 ./Core/Src/bmp3_port.o
 *fill*         0x08007e4a        0x2 
 .text.BMP3_Port_InitDWT
                0x08007e4c       0x34 ./Core/Src/bmp3_port.o
                0x08007e4c                BMP3_Port_InitDWT
 .text.bmp3_hal_read
                0x08007e80       0x92 ./Core/Src/bmp3_port.o
                0x08007e80                bmp3_hal_read
 .text.bmp3_hal_write
                0x08007f12       0x72 ./Core/Src/bmp3_port.o
                0x08007f12                bmp3_hal_write
 .text.bmp3_hal_delay_us
                0x08007f84       0x48 ./Core/Src/bmp3_port.o
                0x08007f84                bmp3_hal_delay_us
 .text.MX_FDCAN1_Init
                0x08007fcc       0x90 ./Core/Src/fdcan.o
                0x08007fcc                MX_FDCAN1_Init
 .text.HAL_FDCAN_MspInit
                0x0800805c       0xb8 ./Core/Src/fdcan.o
                0x0800805c                HAL_FDCAN_MspInit
 .text.MX_GPIO_Init
                0x08008114       0xa4 ./Core/Src/gpio.o
                0x08008114                MX_GPIO_Init
 .text.APP_LED_On
                0x080081b8       0x20 ./Core/Src/main.o
 .text.APP_LED_Off
                0x080081d8       0x20 ./Core/Src/main.o
 .text.APP_LED_Set
                0x080081f8       0x28 ./Core/Src/main.o
 .text.APP_LED_AllOff
                0x08008220       0x1c ./Core/Src/main.o
 .text.Error_Handler_SetCode
                0x0800823c       0x30 ./Core/Src/main.o
                0x0800823c                Error_Handler_SetCode
 .text.APP_ErrorDelayMs
                0x0800826c       0x38 ./Core/Src/main.o
 .text.APP_ErrorPatternLoop
                0x080082a4       0x5c ./Core/Src/main.o
 .text.APP_GpsAltitudeIsValid
                0x08008300       0x44 ./Core/Src/main.o
 .text.APP_AltitudeDmToCm
                0x08008344       0x22 ./Core/Src/main.o
 *fill*         0x08008366        0x2 
 .text.APP_BaroComputeSeaLevelPressure
                0x08008368       0xb0 ./Core/Src/main.o
 .text.APP_BaroComputeAltitudeCm
                0x08008418      0x114 ./Core/Src/main.o
 .text.APP_RecomputeFusedAltitude
                0x0800852c      0x14c ./Core/Src/main.o
 .text.APP_UpdateBaroReferenceFromGps
                0x08008678       0xb0 ./Core/Src/main.o
 .text.APP_Heartbeat_Update
                0x08008728       0x68 ./Core/Src/main.o
 .text.CAN_App_Init
                0x08008790       0x2c ./Core/Src/main.o
 .text.APP_Init
                0x080087bc       0xe0 ./Core/Src/main.o
 .text.APP_Run  0x0800889c      0x188 ./Core/Src/main.o
 .text.main     0x08008a24       0x2a ./Core/Src/main.o
                0x08008a24                main
 .text.SystemClock_Config
                0x08008a4e       0x84 ./Core/Src/main.o
                0x08008a4e                SystemClock_Config
 *fill*         0x08008ad2        0x2 
 .text.Error_Handler
                0x08008ad4       0x18 ./Core/Src/main.o
                0x08008ad4                Error_Handler
 .text.Error_HandlerEx
                0x08008aec       0x34 ./Core/Src/main.o
                0x08008aec                Error_HandlerEx
 .text.MX_SPI1_Init
                0x08008b20       0x7c ./Core/Src/spi.o
                0x08008b20                MX_SPI1_Init
 .text.MX_SPI2_Init
                0x08008b9c       0x7c ./Core/Src/spi.o
                0x08008b9c                MX_SPI2_Init
 .text.HAL_SPI_MspInit
                0x08008c18       0xec ./Core/Src/spi.o
                0x08008c18                HAL_SPI_MspInit
 .text.HAL_MspInit
                0x08008d04       0x48 ./Core/Src/stm32g4xx_hal_msp.o
                0x08008d04                HAL_MspInit
 .text.NMI_Handler
                0x08008d4c        0x8 ./Core/Src/stm32g4xx_it.o
                0x08008d4c                NMI_Handler
 .text.HardFault_Handler
                0x08008d54        0x8 ./Core/Src/stm32g4xx_it.o
                0x08008d54                HardFault_Handler
 .text.MemManage_Handler
                0x08008d5c        0x8 ./Core/Src/stm32g4xx_it.o
                0x08008d5c                MemManage_Handler
 .text.BusFault_Handler
                0x08008d64        0x8 ./Core/Src/stm32g4xx_it.o
                0x08008d64                BusFault_Handler
 .text.UsageFault_Handler
                0x08008d6c        0x8 ./Core/Src/stm32g4xx_it.o
                0x08008d6c                UsageFault_Handler
 .text.SVC_Handler
                0x08008d74        0xe ./Core/Src/stm32g4xx_it.o
                0x08008d74                SVC_Handler
 .text.DebugMon_Handler
                0x08008d82        0xe ./Core/Src/stm32g4xx_it.o
                0x08008d82                DebugMon_Handler
 .text.PendSV_Handler
                0x08008d90        0xe ./Core/Src/stm32g4xx_it.o
                0x08008d90                PendSV_Handler
 .text.SysTick_Handler
                0x08008d9e        0xc ./Core/Src/stm32g4xx_it.o
                0x08008d9e                SysTick_Handler
 .text._getpid  0x08008daa       0x10 ./Core/Src/syscalls.o
                0x08008daa                _getpid
 .text._kill    0x08008dba       0x20 ./Core/Src/syscalls.o
                0x08008dba                _kill
 .text._exit    0x08008dda       0x16 ./Core/Src/syscalls.o
                0x08008dda                _exit
 .text._read    0x08008df0       0x3a ./Core/Src/syscalls.o
                0x08008df0                _read
 .text._write   0x08008e2a       0x38 ./Core/Src/syscalls.o
                0x08008e2a                _write
 .text._close   0x08008e62       0x18 ./Core/Src/syscalls.o
                0x08008e62                _close
 .text._fstat   0x08008e7a       0x20 ./Core/Src/syscalls.o
                0x08008e7a                _fstat
 .text._isatty  0x08008e9a       0x16 ./Core/Src/syscalls.o
                0x08008e9a                _isatty
 .text._lseek   0x08008eb0       0x1a ./Core/Src/syscalls.o
                0x08008eb0                _lseek
 *fill*         0x08008eca        0x2 
 .text._sbrk    0x08008ecc       0x6c ./Core/Src/sysmem.o
                0x08008ecc                _sbrk
 .text.SystemInit
                0x08008f38       0x24 ./Core/Src/system_stm32g4xx.o
                0x08008f38                SystemInit
 .text.MX_USART2_UART_Init
                0x08008f5c       0x98 ./Core/Src/usart.o
                0x08008f5c                MX_USART2_UART_Init
 .text.HAL_UART_MspInit
                0x08008ff4       0xb0 ./Core/Src/usart.o
                0x08008ff4                HAL_UART_MspInit
 .text.Reset_Handler
                0x080090a4       0x50 ./Core/Startup/startup_stm32g474cbtx.o
                0x080090a4                Reset_Handler
 .text.Default_Handler
                0x080090f4        0x2 ./Core/Startup/startup_stm32g474cbtx.o
                0x080090f4                TIM1_BRK_TIM15_IRQHandler
                0x080090f4                EXTI2_IRQHandler
                0x080090f4                TIM8_TRG_COM_IRQHandler
                0x080090f4                TIM8_CC_IRQHandler
                0x080090f4                HRTIM1_Master_IRQHandler
                0x080090f4                SPI4_IRQHandler
                0x080090f4                FDCAN3_IT0_IRQHandler
                0x080090f4                TIM1_CC_IRQHandler
                0x080090f4                HRTIM1_FLT_IRQHandler
                0x080090f4                HRTIM1_TIMF_IRQHandler
                0x080090f4                USB_HP_IRQHandler
                0x080090f4                CORDIC_IRQHandler
                0x080090f4                HRTIM1_TIMD_IRQHandler
                0x080090f4                DMA2_Channel8_IRQHandler
                0x080090f4                EXTI3_IRQHandler
                0x080090f4                I2C3_ER_IRQHandler
                0x080090f4                EXTI0_IRQHandler
                0x080090f4                I2C2_EV_IRQHandler
                0x080090f4                FPU_IRQHandler
                0x080090f4                FDCAN1_IT1_IRQHandler
                0x080090f4                TIM1_UP_TIM16_IRQHandler
                0x080090f4                ADC1_2_IRQHandler
                0x080090f4                HRTIM1_TIME_IRQHandler
                0x080090f4                SPI1_IRQHandler
                0x080090f4                TIM6_DAC_IRQHandler
                0x080090f4                HRTIM1_TIMC_IRQHandler
                0x080090f4                TIM8_UP_IRQHandler
                0x080090f4                DMA2_Channel2_IRQHandler
                0x080090f4                DMA1_Channel4_IRQHandler
                0x080090f4                TIM20_TRG_COM_IRQHandler
                0x080090f4                USART3_IRQHandler
                0x080090f4                DMA1_Channel7_IRQHandler
                0x080090f4                UART5_IRQHandler
                0x080090f4                ADC3_IRQHandler
                0x080090f4                TIM4_IRQHandler
                0x080090f4                DMA2_Channel1_IRQHandler
                0x080090f4                QUADSPI_IRQHandler
                0x080090f4                I2C1_EV_IRQHandler
                0x080090f4                DMA1_Channel6_IRQHandler
                0x080090f4                UART4_IRQHandler
                0x080090f4                DMA2_Channel4_IRQHandler
                0x080090f4                TIM3_IRQHandler
                0x080090f4                RCC_IRQHandler
                0x080090f4                TIM20_UP_IRQHandler
                0x080090f4                DMA1_Channel1_IRQHandler
                0x080090f4                Default_Handler
                0x080090f4                DMA2_Channel7_IRQHandler
                0x080090f4                RTC_TAMP_LSECSS_IRQHandler
                0x080090f4                FMAC_IRQHandler
                0x080090f4                EXTI15_10_IRQHandler
                0x080090f4                DMA1_Channel8_IRQHandler
                0x080090f4                HRTIM1_TIMA_IRQHandler
                0x080090f4                TIM7_DAC_IRQHandler
                0x080090f4                FDCAN3_IT1_IRQHandler
                0x080090f4                TIM5_IRQHandler
                0x080090f4                UCPD1_IRQHandler
                0x080090f4                I2C3_EV_IRQHandler
                0x080090f4                EXTI9_5_IRQHandler
                0x080090f4                RTC_WKUP_IRQHandler
                0x080090f4                PVD_PVM_IRQHandler
                0x080090f4                SPI2_IRQHandler
                0x080090f4                ADC5_IRQHandler
                0x080090f4                DMA2_Channel5_IRQHandler
                0x080090f4                CRS_IRQHandler
                0x080090f4                DMA1_Channel5_IRQHandler
                0x080090f4                USB_LP_IRQHandler
                0x080090f4                EXTI4_IRQHandler
                0x080090f4                RNG_IRQHandler
                0x080090f4                HRTIM1_TIMB_IRQHandler
                0x080090f4                TIM1_TRG_COM_TIM17_IRQHandler
                0x080090f4                FDCAN2_IT1_IRQHandler
                0x080090f4                DMA1_Channel3_IRQHandler
                0x080090f4                ADC4_IRQHandler
                0x080090f4                WWDG_IRQHandler
                0x080090f4                I2C4_EV_IRQHandler
                0x080090f4                FDCAN2_IT0_IRQHandler
                0x080090f4                LPUART1_IRQHandler
                0x080090f4                DMA2_Channel6_IRQHandler
                0x080090f4                FDCAN1_IT0_IRQHandler
                0x080090f4                TIM2_IRQHandler
                0x080090f4                COMP7_IRQHandler
                0x080090f4                COMP1_2_3_IRQHandler
                0x080090f4                EXTI1_IRQHandler
                0x080090f4                USART2_IRQHandler
                0x080090f4                COMP4_5_6_IRQHandler
                0x080090f4                TIM20_BRK_IRQHandler
                0x080090f4                I2C2_ER_IRQHandler
                0x080090f4                DMA1_Channel2_IRQHandler
                0x080090f4                TIM8_BRK_IRQHandler
                0x080090f4                FLASH_IRQHandler
                0x080090f4                TIM20_CC_IRQHandler
                0x080090f4                USART1_IRQHandler
                0x080090f4                SPI3_IRQHandler
                0x080090f4                I2C1_ER_IRQHandler
                0x080090f4                FMC_IRQHandler
                0x080090f4                LPTIM1_IRQHandler
                0x080090f4                DMAMUX_OVR_IRQHandler
                0x080090f4                I2C4_ER_IRQHandler
                0x080090f4                USBWakeUp_IRQHandler
                0x080090f4                SAI1_IRQHandler
                0x080090f4                DMA2_Channel3_IRQHandler
                0x080090f4                RTC_Alarm_IRQHandler
 .text.HAL_Init
                0x080090f6       0x30 ./Drivers/STM32G4xx_HAL_Driver/Src/stm32g4xx_hal.o
                0x080090f6                HAL_Init
 *fill*         0x08009126        0x2 
 .text.HAL_InitTick
                0x08009128       0x74 ./Drivers/STM32G4xx_HAL_Driver/Src/stm32g4xx_hal.o
                0x08009128                HAL_InitTick
 .text.HAL_IncTick
                0x0800919c       0x24 ./Drivers/STM32G4xx_HAL_Driver/Src/stm32g4xx_hal.o
                0x0800919c                HAL_IncTick
 .text.HAL_GetTick
                0x080091c0       0x18 ./Drivers/STM32G4xx_HAL_Driver/Src/stm32g4xx_hal.o
                0x080091c0                HAL_GetTick
 .text.HAL_Delay
                0x080091d8       0x44 ./Drivers/STM32G4xx_HAL_Driver/Src/stm32g4xx_hal.o
                0x080091d8                HAL_Delay
 .text.__NVIC_SetPriorityGrouping
                0x0800921c       0x48 ./Drivers/STM32G4xx_HAL_Driver/Src/stm32g4xx_hal_cortex.o
 .text.__NVIC_GetPriorityGrouping
                0x08009264       0x1c ./Drivers/STM32G4xx_HAL_Driver/Src/stm32g4xx_hal_cortex.o
 .text.__NVIC_SetPriority
                0x08009280       0x54 ./Drivers/STM32G4xx_HAL_Driver/Src/stm32g4xx_hal_cortex.o
 .text.NVIC_EncodePriority
                0x080092d4       0x66 ./Drivers/STM32G4xx_HAL_Driver/Src/stm32g4xx_hal_cortex.o
 *fill*         0x0800933a        0x2 
 .text.SysTick_Config
                0x0800933c       0x44 ./Drivers/STM32G4xx_HAL_Driver/Src/stm32g4xx_hal_cortex.o
 .text.HAL_NVIC_SetPriorityGrouping
                0x08009380       0x16 ./Drivers/STM32G4xx_HAL_Driver/Src/stm32g4xx_hal_cortex.o
                0x08009380                HAL_NVIC_SetPriorityGrouping
 .text.HAL_NVIC_SetPriority
                0x08009396       0x34 ./Drivers/STM32G4xx_HAL_Driver/Src/stm32g4xx_hal_cortex.o
                0x08009396                HAL_NVIC_SetPriority
 .text.HAL_SYSTICK_Config
                0x080093ca       0x18 ./Drivers/STM32G4xx_HAL_Driver/Src/stm32g4xx_hal_cortex.o
                0x080093ca                HAL_SYSTICK_Config
 *fill*         0x080093e2        0x2 
 .text.HAL_FDCAN_Init
                0x080093e4      0x2b4 ./Drivers/STM32G4xx_HAL_Driver/Src/stm32g4xx_hal_fdcan.o
                0x080093e4                HAL_FDCAN_Init
 .text.HAL_FDCAN_Start
                0x08009698       0x50 ./Drivers/STM32G4xx_HAL_Driver/Src/stm32g4xx_hal_fdcan.o
                0x08009698                HAL_FDCAN_Start
 .text.HAL_FDCAN_AddMessageToTxFifoQ
                0x080096e8       0x88 ./Drivers/STM32G4xx_HAL_Driver/Src/stm32g4xx_hal_fdcan.o
                0x080096e8                HAL_FDCAN_AddMessageToTxFifoQ
 .text.FDCAN_CalcultateRamBlockAddresses
                0x08009770       0xd8 ./Drivers/STM32G4xx_HAL_Driver/Src/stm32g4xx_hal_fdcan.o
 .text.FDCAN_CopyMessageToRAM
                0x08009848       0xf8 ./Drivers/STM32G4xx_HAL_Driver/Src/stm32g4xx_hal_fdcan.o
 .text.HAL_GPIO_Init
                0x08009940      0x318 ./Drivers/STM32G4xx_HAL_Driver/Src/stm32g4xx_hal_gpio.o
                0x08009940                HAL_GPIO_Init
 .text.HAL_GPIO_WritePin
                0x08009c58       0x30 ./Drivers/STM32G4xx_HAL_Driver/Src/stm32g4xx_hal_gpio.o
                0x08009c58                HAL_GPIO_WritePin
 .text.HAL_PWREx_ControlVoltageScaling
                0x08009c88      0x148 ./Drivers/STM32G4xx_HAL_Driver/Src/stm32g4xx_hal_pwr_ex.o
                0x08009c88                HAL_PWREx_ControlVoltageScaling
 .text.HAL_PWREx_DisableUCPDDeadBattery
                0x08009dd0       0x20 ./Drivers/STM32G4xx_HAL_Driver/Src/stm32g4xx_hal_pwr_ex.o
                0x08009dd0                HAL_PWREx_DisableUCPDDeadBattery
 .text.HAL_RCC_OscConfig
                0x08009df0      0x624 ./Drivers/STM32G4xx_HAL_Driver/Src/stm32g4xx_hal_rcc.o
                0x08009df0                HAL_RCC_OscConfig
 .text.HAL_RCC_ClockConfig
                0x0800a414      0x278 ./Drivers/STM32G4xx_HAL_Driver/Src/stm32g4xx_hal_rcc.o
                0x0800a414                HAL_RCC_ClockConfig
 .text.HAL_RCC_GetSysClockFreq
                0x0800a68c       0xc4 ./Drivers/STM32G4xx_HAL_Driver/Src/stm32g4xx_hal_rcc.o
                0x0800a68c                HAL_RCC_GetSysClockFreq
 .text.HAL_RCC_GetHCLKFreq
                0x0800a750       0x18 ./Drivers/STM32G4xx_HAL_Driver/Src/stm32g4xx_hal_rcc.o
                0x0800a750                HAL_RCC_GetHCLKFreq
 .text.HAL_RCC_GetPCLK1Freq
                0x0800a768       0x2c ./Drivers/STM32G4xx_HAL_Driver/Src/stm32g4xx_hal_rcc.o
                0x0800a768                HAL_RCC_GetPCLK1Freq
 .text.HAL_RCC_GetPCLK2Freq
                0x0800a794       0x2c ./Drivers/STM32G4xx_HAL_Driver/Src/stm32g4xx_hal_rcc.o
                0x0800a794                HAL_RCC_GetPCLK2Freq
 .text.RCC_GetSysClockFreqFromPLLSource
                0x0800a7c0       0x8c ./Drivers/STM32G4xx_HAL_Driver/Src/stm32g4xx_hal_rcc.o
 .text.HAL_RCCEx_PeriphCLKConfig
                0x0800a84c      0x49c ./Drivers/STM32G4xx_HAL_Driver/Src/stm32g4xx_hal_rcc_ex.o
                0x0800a84c                HAL_RCCEx_PeriphCLKConfig
 .text.HAL_SPI_Init
                0x0800ace8      0x156 ./Drivers/STM32G4xx_HAL_Driver/Src/stm32g4xx_hal_spi.o
                0x0800ace8                HAL_SPI_Init
 .text.HAL_SPI_Transmit
                0x0800ae3e      0x2ec ./Drivers/STM32G4xx_HAL_Driver/Src/stm32g4xx_hal_spi.o
                0x0800ae3e                HAL_SPI_Transmit
 .text.HAL_SPI_TransmitReceive
                0x0800b12a      0x43e ./Drivers/STM32G4xx_HAL_Driver/Src/stm32g4xx_hal_spi.o
                0x0800b12a                HAL_SPI_TransmitReceive
 .text.SPI_WaitFlagStateUntilTimeout
                0x0800b568      0x110 ./Drivers/STM32G4xx_HAL_Driver/Src/stm32g4xx_hal_spi.o
 .text.SPI_WaitFifoStateUntilTimeout
                0x0800b678      0x12c ./Drivers/STM32G4xx_HAL_Driver/Src/stm32g4xx_hal_spi.o
 .text.SPI_EndRxTxTransaction
                0x0800b7a4       0x8c ./Drivers/STM32G4xx_HAL_Driver/Src/stm32g4xx_hal_spi.o
 .text.HAL_UART_Init
                0x0800b830       0xa0 ./Drivers/STM32G4xx_HAL_Driver/Src/stm32g4xx_hal_uart.o
                0x0800b830                HAL_UART_Init
 .text.HAL_UART_Transmit
                0x0800b8d0      0x132 ./Drivers/STM32G4xx_HAL_Driver/Src/stm32g4xx_hal_uart.o
                0x0800b8d0                HAL_UART_Transmit
 *fill*         0x0800ba02        0x2 
 .text.HAL_UART_Receive_IT
                0x0800ba04       0x98 ./Drivers/STM32G4xx_HAL_Driver/Src/stm32g4xx_hal_uart.o
                0x0800ba04                HAL_UART_Receive_IT
 .text.HAL_UARTEx_RxEventCallback
                0x0800ba9c       0x18 ./Drivers/STM32G4xx_HAL_Driver/Src/stm32g4xx_hal_uart.o
                0x0800ba9c                HAL_UARTEx_RxEventCallback
 .text.UART_SetConfig
                0x0800bab4      0x5f8 ./Drivers/STM32G4xx_HAL_Driver/Src/stm32g4xx_hal_uart.o
                0x0800bab4                UART_SetConfig
 .text.UART_AdvFeatureConfig
                0x0800c0ac      0x144 ./Drivers/STM32G4xx_HAL_Driver/Src/stm32g4xx_hal_uart.o
                0x0800c0ac                UART_AdvFeatureConfig
 .text.UART_CheckIdleState
                0x0800c1f0      0x154 ./Drivers/STM32G4xx_HAL_Driver/Src/stm32g4xx_hal_uart.o
                0x0800c1f0                UART_CheckIdleState
 .text.UART_WaitOnFlagUntilTimeout
                0x0800c344       0xda ./Drivers/STM32G4xx_HAL_Driver/Src/stm32g4xx_hal_uart.o
                0x0800c344                UART_WaitOnFlagUntilTimeout
 *fill*         0x0800c41e        0x2 
 .text.UART_Start_Receive_IT
                0x0800c420      0x244 ./Drivers/STM32G4xx_HAL_Driver/Src/stm32g4xx_hal_uart.o
                0x0800c420                UART_Start_Receive_IT
 .text.UART_EndRxTransfer
                0x0800c664       0xcc ./Drivers/STM32G4xx_HAL_Driver/Src/stm32g4xx_hal_uart.o
 .text.UART_RxISR_8BIT
                0x0800c730      0x1b8 ./Drivers/STM32G4xx_HAL_Driver/Src/stm32g4xx_hal_uart.o
 .text.UART_RxISR_16BIT
                0x0800c8e8      0x1b8 ./Drivers/STM32G4xx_HAL_Driver/Src/stm32g4xx_hal_uart.o
 .text.UART_RxISR_8BIT_FIFOEN
                0x0800caa0      0x364 ./Drivers/STM32G4xx_HAL_Driver/Src/stm32g4xx_hal_uart.o
 .text.UART_RxISR_16BIT_FIFOEN
                0x0800ce04      0x36c ./Drivers/STM32G4xx_HAL_Driver/Src/stm32g4xx_hal_uart.o
 .text.HAL_UARTEx_DisableFifoMode
                0x0800d170       0x72 ./Drivers/STM32G4xx_HAL_Driver/Src/stm32g4xx_hal_uart_ex.o
                0x0800d170                HAL_UARTEx_DisableFifoMode
 .text.HAL_UARTEx_SetTxFifoThreshold
                0x0800d1e2       0x7c ./Drivers/STM32G4xx_HAL_Driver/Src/stm32g4xx_hal_uart_ex.o
                0x0800d1e2                HAL_UARTEx_SetTxFifoThreshold
 .text.HAL_UARTEx_SetRxFifoThreshold
                0x0800d25e       0x7c ./Drivers/STM32G4xx_HAL_Driver/Src/stm32g4xx_hal_uart_ex.o
                0x0800d25e                HAL_UARTEx_SetRxFifoThreshold
 *fill*         0x0800d2da        0x2 
 .text.UARTEx_SetNbDataToProcess
                0x0800d2dc       0x9c ./Drivers/STM32G4xx_HAL_Driver/Src/stm32g4xx_hal_uart_ex.o
 .text.atof     0x0800d378        0x6 /Applications/STM32CubeIDE.app/Contents/Eclipse/plugins/com.st.stm32cube.ide.mcu.externaltools.gnu-tools-for-stm32.14.3.rel1.macosaarch64_1.0.0.202602081740/tools/bin/../lib/gcc/arm-none-eabi/14.3.1/../../../../arm-none-eabi/lib/thumb/v7e-m+fp/hard/libc_nano.a(libc_a-atof.o)
                0x0800d378                atof
 .text.atoi     0x0800d37e        0x8 /Applications/STM32CubeIDE.app/Contents/Eclipse/plugins/com.st.stm32cube.ide.mcu.externaltools.gnu-tools-for-stm32.14.3.rel1.macosaarch64_1.0.0.202602081740/tools/bin/../lib/gcc/arm-none-eabi/14.3.1/../../../../arm-none-eabi/lib/thumb/v7e-m+fp/hard/libc_nano.a(libc_a-atoi.o)
                0x0800d37e                atoi
 *fill*         0x0800d386        0x2 
 .text.std      0x0800d388       0x6c /Applications/STM32CubeIDE.app/Contents/Eclipse/plugins/com.st.stm32cube.ide.mcu.externaltools.gnu-tools-for-stm32.14.3.rel1.macosaarch64_1.0.0.202602081740/tools/bin/../lib/gcc/arm-none-eabi/14.3.1/../../../../arm-none-eabi/lib/thumb/v7e-m+fp/hard/libc_nano.a(libc_a-findfp.o)
 .text.stdio_exit_handler
                0x0800d3f4       0x18 /Applications/STM32CubeIDE.app/Contents/Eclipse/plugins/com.st.stm32cube.ide.mcu.externaltools.gnu-tools-for-stm32.14.3.rel1.macosaarch64_1.0.0.202602081740/tools/bin/../lib/gcc/arm-none-eabi/14.3.1/../../../../arm-none-eabi/lib/thumb/v7e-m+fp/hard/libc_nano.a(libc_a-findfp.o)
 .text.cleanup_stdio
                0x0800d40c       0x40 /Applications/STM32CubeIDE.app/Contents/Eclipse/plugins/com.st.stm32cube.ide.mcu.externaltools.gnu-tools-for-stm32.14.3.rel1.macosaarch64_1.0.0.202602081740/tools/bin/../lib/gcc/arm-none-eabi/14.3.1/../../../../arm-none-eabi/lib/thumb/v7e-m+fp/hard/libc_nano.a(libc_a-findfp.o)
 .text.global_stdio_init.part.0
                0x0800d44c       0x40 /Applications/STM32CubeIDE.app/Contents/Eclipse/plugins/com.st.stm32cube.ide.mcu.externaltools.gnu-tools-for-stm32.14.3.rel1.macosaarch64_1.0.0.202602081740/tools/bin/../lib/gcc/arm-none-eabi/14.3.1/../../../../arm-none-eabi/lib/thumb/v7e-m+fp/hard/libc_nano.a(libc_a-findfp.o)
 .text.__sfp_lock_acquire
                0x0800d48c        0xc /Applications/STM32CubeIDE.app/Contents/Eclipse/plugins/com.st.stm32cube.ide.mcu.externaltools.gnu-tools-for-stm32.14.3.rel1.macosaarch64_1.0.0.202602081740/tools/bin/../lib/gcc/arm-none-eabi/14.3.1/../../../../arm-none-eabi/lib/thumb/v7e-m+fp/hard/libc_nano.a(libc_a-findfp.o)
                0x0800d48c                __sfp_lock_acquire
 .text.__sfp_lock_release
                0x0800d498        0xc /Applications/STM32CubeIDE.app/Contents/Eclipse/plugins/com.st.stm32cube.ide.mcu.externaltools.gnu-tools-for-stm32.14.3.rel1.macosaarch64_1.0.0.202602081740/tools/bin/../lib/gcc/arm-none-eabi/14.3.1/../../../../arm-none-eabi/lib/thumb/v7e-m+fp/hard/libc_nano.a(libc_a-findfp.o)
                0x0800d498                __sfp_lock_release
 .text.__sinit  0x0800d4a4       0x30 /Applications/STM32CubeIDE.app/Contents/Eclipse/plugins/com.st.stm32cube.ide.mcu.externaltools.gnu-tools-for-stm32.14.3.rel1.macosaarch64_1.0.0.202602081740/tools/bin/../lib/gcc/arm-none-eabi/14.3.1/../../../../arm-none-eabi/lib/thumb/v7e-m+fp/hard/libc_nano.a(libc_a-findfp.o)
                0x0800d4a4                __sinit
 .text.sulp     0x0800d4d4       0x3c /Applications/STM32CubeIDE.app/Contents/Eclipse/plugins/com.st.stm32cube.ide.mcu.externaltools.gnu-tools-for-stm32.14.3.rel1.macosaarch64_1.0.0.202602081740/tools/bin/../lib/gcc/arm-none-eabi/14.3.1/../../../../arm-none-eabi/lib/thumb/v7e-m+fp/hard/libc_nano.a(libc_a-strtod.o)
 .text._strtod_l
                0x0800d510      0xbb8 /Applications/STM32CubeIDE.app/Contents/Eclipse/plugins/com.st.stm32cube.ide.mcu.externaltools.gnu-tools-for-stm32.14.3.rel1.macosaarch64_1.0.0.202602081740/tools/bin/../lib/gcc/arm-none-eabi/14.3.1/../../../../arm-none-eabi/lib/thumb/v7e-m+fp/hard/libc_nano.a(libc_a-strtod.o)
                0x0800d510                _strtod_l
 .text.strtod   0x0800e0c8       0x18 /Applications/STM32CubeIDE.app/Contents/Eclipse/plugins/com.st.stm32cube.ide.mcu.externaltools.gnu-tools-for-stm32.14.3.rel1.macosaarch64_1.0.0.202602081740/tools/bin/../lib/gcc/arm-none-eabi/14.3.1/../../../../arm-none-eabi/lib/thumb/v7e-m+fp/hard/libc_nano.a(libc_a-strtod.o)
                0x0800e0c8                strtod
 .text._strtol_l.isra.0
                0x0800e0e0       0xf4 /Applications/STM32CubeIDE.app/Contents/Eclipse/plugins/com.st.stm32cube.ide.mcu.externaltools.gnu-tools-for-stm32.14.3.rel1.macosaarch64_1.0.0.202602081740/tools/bin/../lib/gcc/arm-none-eabi/14.3.1/../../../../arm-none-eabi/lib/thumb/v7e-m+fp/hard/libc_nano.a(libc_a-strtol.o)
 .text.strtol   0x0800e1d4       0x14 /Applications/STM32CubeIDE.app/Contents/Eclipse/plugins/com.st.stm32cube.ide.mcu.externaltools.gnu-tools-for-stm32.14.3.rel1.macosaarch64_1.0.0.202602081740/tools/bin/../lib/gcc/arm-none-eabi/14.3.1/../../../../arm-none-eabi/lib/thumb/v7e-m+fp/hard/libc_nano.a(libc_a-strtol.o)
                0x0800e1d4                strtol
 .text._fwalk_sglue
                0x0800e1e8       0x3c /Applications/STM32CubeIDE.app/Contents/Eclipse/plugins/com.st.stm32cube.ide.mcu.externaltools.gnu-tools-for-stm32.14.3.rel1.macosaarch64_1.0.0.202602081740/tools/bin/../lib/gcc/arm-none-eabi/14.3.1/../../../../arm-none-eabi/lib/thumb/v7e-m+fp/hard/libc_nano.a(libc_a-fwalk.o)
                0x0800e1e8                _fwalk_sglue
 .text.memset   0x0800e224       0x10 /Applications/STM32CubeIDE.app/Contents/Eclipse/plugins/com.st.stm32cube.ide.mcu.externaltools.gnu-tools-for-stm32.14.3.rel1.macosaarch64_1.0.0.202602081740/tools/bin/../lib/gcc/arm-none-eabi/14.3.1/../../../../arm-none-eabi/lib/thumb/v7e-m+fp/hard/libc_nano.a(libc_a-memset.o)
                0x0800e224                memset
 .text.strchr   0x0800e234       0x1a /Applications/STM32CubeIDE.app/Contents/Eclipse/plugins/com.st.stm32cube.ide.mcu.externaltools.gnu-tools-for-stm32.14.3.rel1.macosaarch64_1.0.0.202602081740/tools/bin/../lib/gcc/arm-none-eabi/14.3.1/../../../../arm-none-eabi/lib/thumb/v7e-m+fp/hard/libc_nano.a(libc_a-strchr.o)
                0x0800e234                strchr
 .text.strncmp  0x0800e24e       0x24 /Applications/STM32CubeIDE.app/Contents/Eclipse/plugins/com.st.stm32cube.ide.mcu.externaltools.gnu-tools-for-stm32.14.3.rel1.macosaarch64_1.0.0.202602081740/tools/bin/../lib/gcc/arm-none-eabi/14.3.1/../../../../arm-none-eabi/lib/thumb/v7e-m+fp/hard/libc_nano.a(libc_a-strncmp.o)
                0x0800e24e                strncmp
 .text.strncpy  0x0800e272       0x26 /Applications/STM32CubeIDE.app/Contents/Eclipse/plugins/com.st.stm32cube.ide.mcu.externaltools.gnu-tools-for-stm32.14.3.rel1.macosaarch64_1.0.0.202602081740/tools/bin/../lib/gcc/arm-none-eabi/14.3.1/../../../../arm-none-eabi/lib/thumb/v7e-m+fp/hard/libc_nano.a(libc_a-strncpy.o)
                0x0800e272                strncpy
 .text.__errno  0x0800e298        0xc /Applications/STM32CubeIDE.app/Contents/Eclipse/plugins/com.st.stm32cube.ide.mcu.externaltools.gnu-tools-for-stm32.14.3.rel1.macosaarch64_1.0.0.202602081740/tools/bin/../lib/gcc/arm-none-eabi/14.3.1/../../../../arm-none-eabi/lib/thumb/v7e-m+fp/hard/libc_nano.a(libc_a-errno.o)
                0x0800e298                __errno
 .text.__libc_init_array
                0x0800e2a4       0x48 /Applications/STM32CubeIDE.app/Contents/Eclipse/plugins/com.st.stm32cube.ide.mcu.externaltools.gnu-tools-for-stm32.14.3.rel1.macosaarch64_1.0.0.202602081740/tools/bin/../lib/gcc/arm-none-eabi/14.3.1/../../../../arm-none-eabi/lib/thumb/v7e-m+fp/hard/libc_nano.a(libc_a-init.o)
                0x0800e2a4                __libc_init_array
 .text.__retarget_lock_init_recursive
                0x0800e2ec        0x2 /Applications/STM32CubeIDE.app/Contents/Eclipse/plugins/com.st.stm32cube.ide.mcu.externaltools.gnu-tools-for-stm32.14.3.rel1.macosaarch64_1.0.0.202602081740/tools/bin/../lib/gcc/arm-none-eabi/14.3.1/../../../../arm-none-eabi/lib/thumb/v7e-m+fp/hard/libc_nano.a(libc_a-lock.o)
                0x0800e2ec                __retarget_lock_init_recursive
 .text.__retarget_lock_acquire_recursive
                0x0800e2ee        0x2 /Applications/STM32CubeIDE.app/Contents/Eclipse/plugins/com.st.stm32cube.ide.mcu.externaltools.gnu-tools-for-stm32.14.3.rel1.macosaarch64_1.0.0.202602081740/tools/bin/../lib/gcc/arm-none-eabi/14.3.1/../../../../arm-none-eabi/lib/thumb/v7e-m+fp/hard/libc_nano.a(libc_a-lock.o)
                0x0800e2ee                __retarget_lock_acquire_recursive
 .text.__retarget_lock_release_recursive
                0x0800e2f0        0x2 /Applications/STM32CubeIDE.app/Contents/Eclipse/plugins/com.st.stm32cube.ide.mcu.externaltools.gnu-tools-for-stm32.14.3.rel1.macosaarch64_1.0.0.202602081740/tools/bin/../lib/gcc/arm-none-eabi/14.3.1/../../../../arm-none-eabi/lib/thumb/v7e-m+fp/hard/libc_nano.a(libc_a-lock.o)
                0x0800e2f0                __retarget_lock_release_recursive
 .text.memcpy   0x0800e2f2       0x1c /Applications/STM32CubeIDE.app/Contents/Eclipse/plugins/com.st.stm32cube.ide.mcu.externaltools.gnu-tools-for-stm32.14.3.rel1.macosaarch64_1.0.0.202602081740/tools/bin/../lib/gcc/arm-none-eabi/14.3.1/../../../../arm-none-eabi/lib/thumb/v7e-m+fp/hard/libc_nano.a(libc_a-memcpy-stub.o)
                0x0800e2f2                memcpy
 *fill*         0x0800e30e        0x2 
 .text.nan      0x0800e310       0x10 /Applications/STM32CubeIDE.app/Contents/Eclipse/plugins/com.st.stm32cube.ide.mcu.externaltools.gnu-tools-for-stm32.14.3.rel1.macosaarch64_1.0.0.202602081740/tools/bin/../lib/gcc/arm-none-eabi/14.3.1/../../../../arm-none-eabi/lib/thumb/v7e-m+fp/hard/libc_nano.a(libm_a-s_nan.o)
                0x0800e310                nan
 .text.rshift   0x0800e320       0xa4 /Applications/STM32CubeIDE.app/Contents/Eclipse/plugins/com.st.stm32cube.ide.mcu.externaltools.gnu-tools-for-stm32.14.3.rel1.macosaarch64_1.0.0.202602081740/tools/bin/../lib/gcc/arm-none-eabi/14.3.1/../../../../arm-none-eabi/lib/thumb/v7e-m+fp/hard/libc_nano.a(libc_a-gdtoa-gethex.o)
 .text.__hexdig_fun
                0x0800e3c4       0x2a /Applications/STM32CubeIDE.app/Contents/Eclipse/plugins/com.st.stm32cube.ide.mcu.externaltools.gnu-tools-for-stm32.14.3.rel1.macosaarch64_1.0.0.202602081740/tools/bin/../lib/gcc/arm-none-eabi/14.3.1/../../../../arm-none-eabi/lib/thumb/v7e-m+fp/hard/libc_nano.a(libc_a-gdtoa-gethex.o)
                0x0800e3c4                __hexdig_fun
 *fill*         0x0800e3ee        0x2 
 .text.__gethex
                0x0800e3f0      0x420 /Applications/STM32CubeIDE.app/Contents/Eclipse/plugins/com.st.stm32cube.ide.mcu.externaltools.gnu-tools-for-stm32.14.3.rel1.macosaarch64_1.0.0.202602081740/tools/bin/../lib/gcc/arm-none-eabi/14.3.1/../../../../arm-none-eabi/lib/thumb/v7e-m+fp/hard/libc_nano.a(libc_a-gdtoa-gethex.o)
                0x0800e3f0                __gethex
 .text.L_shift  0x0800e810       0x24 /Applications/STM32CubeIDE.app/Contents/Eclipse/plugins/com.st.stm32cube.ide.mcu.externaltools.gnu-tools-for-stm32.14.3.rel1.macosaarch64_1.0.0.202602081740/tools/bin/../lib/gcc/arm-none-eabi/14.3.1/../../../../arm-none-eabi/lib/thumb/v7e-m+fp/hard/libc_nano.a(libc_a-gdtoa-hexnan.o)
 .text.__match  0x0800e834       0x28 /Applications/STM32CubeIDE.app/Contents/Eclipse/plugins/com.st.stm32cube.ide.mcu.externaltools.gnu-tools-for-stm32.14.3.rel1.macosaarch64_1.0.0.202602081740/tools/bin/../lib/gcc/arm-none-eabi/14.3.1/../../../../arm-none-eabi/lib/thumb/v7e-m+fp/hard/libc_nano.a(libc_a-gdtoa-hexnan.o)
                0x0800e834                __match
 .text.__hexnan
                0x0800e85c      0x13a /Applications/STM32CubeIDE.app/Contents/Eclipse/plugins/com.st.stm32cube.ide.mcu.externaltools.gnu-tools-for-stm32.14.3.rel1.macosaarch64_1.0.0.202602081740/tools/bin/../lib/gcc/arm-none-eabi/14.3.1/../../../../arm-none-eabi/lib/thumb/v7e-m+fp/hard/libc_nano.a(libc_a-gdtoa-hexnan.o)
                0x0800e85c                __hexnan
 *fill*         0x0800e996        0x2 
 .text.sbrk_aligned
                0x0800e998       0x44 /Applications/STM32CubeIDE.app/Contents/Eclipse/plugins/com.st.stm32cube.ide.mcu.externaltools.gnu-tools-for-stm32.14.3.rel1.macosaarch64_1.0.0.202602081740/tools/bin/../lib/gcc/arm-none-eabi/14.3.1/../../../../arm-none-eabi/lib/thumb/v7e-m+fp/hard/libc_nano.a(libc_a-mallocr.o)
 .text._malloc_r
                0x0800e9dc      0x100 /Applications/STM32CubeIDE.app/Contents/Eclipse/plugins/com.st.stm32cube.ide.mcu.externaltools.gnu-tools-for-stm32.14.3.rel1.macosaarch64_1.0.0.202602081740/tools/bin/../lib/gcc/arm-none-eabi/14.3.1/../../../../arm-none-eabi/lib/thumb/v7e-m+fp/hard/libc_nano.a(libc_a-mallocr.o)
                0x0800e9dc                _malloc_r
 .text.__ascii_mbtowc
                0x0800eadc       0x24 /Applications/STM32CubeIDE.app/Contents/Eclipse/plugins/com.st.stm32cube.ide.mcu.externaltools.gnu-tools-for-stm32.14.3.rel1.macosaarch64_1.0.0.202602081740/tools/bin/../lib/gcc/arm-none-eabi/14.3.1/../../../../arm-none-eabi/lib/thumb/v7e-m+fp/hard/libc_nano.a(libc_a-mbtowc_r.o)
                0x0800eadc                __ascii_mbtowc
 .text.__sflush_r
                0x0800eb00      0x104 /Applications/STM32CubeIDE.app/Contents/Eclipse/plugins/com.st.stm32cube.ide.mcu.externaltools.gnu-tools-for-stm32.14.3.rel1.macosaarch64_1.0.0.202602081740/tools/bin/../lib/gcc/arm-none-eabi/14.3.1/../../../../arm-none-eabi/lib/thumb/v7e-m+fp/hard/libc_nano.a(libc_a-fflush.o)
                0x0800eb00                __sflush_r
 .text._fflush_r
                0x0800ec04       0x50 /Applications/STM32CubeIDE.app/Contents/Eclipse/plugins/com.st.stm32cube.ide.mcu.externaltools.gnu-tools-for-stm32.14.3.rel1.macosaarch64_1.0.0.202602081740/tools/bin/../lib/gcc/arm-none-eabi/14.3.1/../../../../arm-none-eabi/lib/thumb/v7e-m+fp/hard/libc_nano.a(libc_a-fflush.o)
                0x0800ec04                _fflush_r
 .text.__malloc_lock
                0x0800ec54        0xc /Applications/STM32CubeIDE.app/Contents/Eclipse/plugins/com.st.stm32cube.ide.mcu.externaltools.gnu-tools-for-stm32.14.3.rel1.macosaarch64_1.0.0.202602081740/tools/bin/../lib/gcc/arm-none-eabi/14.3.1/../../../../arm-none-eabi/lib/thumb/v7e-m+fp/hard/libc_nano.a(libc_a-mlock.o)
                0x0800ec54                __malloc_lock
 .text.__malloc_unlock
                0x0800ec60        0xc /Applications/STM32CubeIDE.app/Contents/Eclipse/plugins/com.st.stm32cube.ide.mcu.externaltools.gnu-tools-for-stm32.14.3.rel1.macosaarch64_1.0.0.202602081740/tools/bin/../lib/gcc/arm-none-eabi/14.3.1/../../../../arm-none-eabi/lib/thumb/v7e-m+fp/hard/libc_nano.a(libc_a-mlock.o)
                0x0800ec60                __malloc_unlock
 .text._Balloc  0x0800ec6c       0x7c /Applications/STM32CubeIDE.app/Contents/Eclipse/plugins/com.st.stm32cube.ide.mcu.externaltools.gnu-tools-for-stm32.14.3.rel1.macosaarch64_1.0.0.202602081740/tools/bin/../lib/gcc/arm-none-eabi/14.3.1/../../../../arm-none-eabi/lib/thumb/v7e-m+fp/hard/libc_nano.a(libc_a-mprec.o)
                0x0800ec6c                _Balloc
 .text._Bfree   0x0800ece8       0x44 /Applications/STM32CubeIDE.app/Contents/Eclipse/plugins/com.st.stm32cube.ide.mcu.externaltools.gnu-tools-for-stm32.14.3.rel1.macosaarch64_1.0.0.202602081740/tools/bin/../lib/gcc/arm-none-eabi/14.3.1/../../../../arm-none-eabi/lib/thumb/v7e-m+fp/hard/libc_nano.a(libc_a-mprec.o)
                0x0800ece8                _Bfree
 .text.__multadd
                0x0800ed2c       0x8c /Applications/STM32CubeIDE.app/Contents/Eclipse/plugins/com.st.stm32cube.ide.mcu.externaltools.gnu-tools-for-stm32.14.3.rel1.macosaarch64_1.0.0.202602081740/tools/bin/../lib/gcc/arm-none-eabi/14.3.1/../../../../arm-none-eabi/lib/thumb/v7e-m+fp/hard/libc_nano.a(libc_a-mprec.o)
                0x0800ed2c                __multadd
 .text.__s2b    0x0800edb8       0x94 /Applications/STM32CubeIDE.app/Contents/Eclipse/plugins/com.st.stm32cube.ide.mcu.externaltools.gnu-tools-for-stm32.14.3.rel1.macosaarch64_1.0.0.202602081740/tools/bin/../lib/gcc/arm-none-eabi/14.3.1/../../../../arm-none-eabi/lib/thumb/v7e-m+fp/hard/libc_nano.a(libc_a-mprec.o)
                0x0800edb8                __s2b
 .text.__hi0bits
                0x0800ee4c       0x3e /Applications/STM32CubeIDE.app/Contents/Eclipse/plugins/com.st.stm32cube.ide.mcu.externaltools.gnu-tools-for-stm32.14.3.rel1.macosaarch64_1.0.0.202602081740/tools/bin/../lib/gcc/arm-none-eabi/14.3.1/../../../../arm-none-eabi/lib/thumb/v7e-m+fp/hard/libc_nano.a(libc_a-mprec.o)
                0x0800ee4c                __hi0bits
 .text.__lo0bits
                0x0800ee8a       0x5a /Applications/STM32CubeIDE.app/Contents/Eclipse/plugins/com.st.stm32cube.ide.mcu.externaltools.gnu-tools-for-stm32.14.3.rel1.macosaarch64_1.0.0.202602081740/tools/bin/../lib/gcc/arm-none-eabi/14.3.1/../../../../arm-none-eabi/lib/thumb/v7e-m+fp/hard/libc_nano.a(libc_a-mprec.o)
                0x0800ee8a                __lo0bits
 .text.__i2b    0x0800eee4       0x2c /Applications/STM32CubeIDE.app/Contents/Eclipse/plugins/com.st.stm32cube.ide.mcu.externaltools.gnu-tools-for-stm32.14.3.rel1.macosaarch64_1.0.0.202602081740/tools/bin/../lib/gcc/arm-none-eabi/14.3.1/../../../../arm-none-eabi/lib/thumb/v7e-m+fp/hard/libc_nano.a(libc_a-mprec.o)
                0x0800eee4                __i2b
 .text.__multiply
                0x0800ef10      0x154 /Applications/STM32CubeIDE.app/Contents/Eclipse/plugins/com.st.stm32cube.ide.mcu.externaltools.gnu-tools-for-stm32.14.3.rel1.macosaarch64_1.0.0.202602081740/tools/bin/../lib/gcc/arm-none-eabi/14.3.1/../../../../arm-none-eabi/lib/thumb/v7e-m+fp/hard/libc_nano.a(libc_a-mprec.o)
                0x0800ef10                __multiply
 .text.__pow5mult
                0x0800f064       0xb8 /Applications/STM32CubeIDE.app/Contents/Eclipse/plugins/com.st.stm32cube.ide.mcu.externaltools.gnu-tools-for-stm32.14.3.rel1.macosaarch64_1.0.0.202602081740/tools/bin/../lib/gcc/arm-none-eabi/14.3.1/../../../../arm-none-eabi/lib/thumb/v7e-m+fp/hard/libc_nano.a(libc_a-mprec.o)
                0x0800f064                __pow5mult
 .text.__lshift
                0x0800f11c       0xdc /Applications/STM32CubeIDE.app/Contents/Eclipse/plugins/com.st.stm32cube.ide.mcu.externaltools.gnu-tools-for-stm32.14.3.rel1.macosaarch64_1.0.0.202602081740/tools/bin/../lib/gcc/arm-none-eabi/14.3.1/../../../../arm-none-eabi/lib/thumb/v7e-m+fp/hard/libc_nano.a(libc_a-mprec.o)
                0x0800f11c                __lshift
 .text.__mcmp   0x0800f1f8       0x36 /Applications/STM32CubeIDE.app/Contents/Eclipse/plugins/com.st.stm32cube.ide.mcu.externaltools.gnu-tools-for-stm32.14.3.rel1.macosaarch64_1.0.0.202602081740/tools/bin/../lib/gcc/arm-none-eabi/14.3.1/../../../../arm-none-eabi/lib/thumb/v7e-m+fp/hard/libc_nano.a(libc_a-mprec.o)
                0x0800f1f8                __mcmp
 *fill*         0x0800f22e        0x2 
 .text.__mdiff  0x0800f230      0x130 /Applications/STM32CubeIDE.app/Contents/Eclipse/plugins/com.st.stm32cube.ide.mcu.externaltools.gnu-tools-for-stm32.14.3.rel1.macosaarch64_1.0.0.202602081740/tools/bin/../lib/gcc/arm-none-eabi/14.3.1/../../../../arm-none-eabi/lib/thumb/v7e-m+fp/hard/libc_nano.a(libc_a-mprec.o)
                0x0800f230                __mdiff
 .text.__ulp    0x0800f360       0x4c /Applications/STM32CubeIDE.app/Contents/Eclipse/plugins/com.st.stm32cube.ide.mcu.externaltools.gnu-tools-for-stm32.14.3.rel1.macosaarch64_1.0.0.202602081740/tools/bin/../lib/gcc/arm-none-eabi/14.3.1/../../../../arm-none-eabi/lib/thumb/v7e-m+fp/hard/libc_nano.a(libc_a-mprec.o)
                0x0800f360                __ulp
 .text.__b2d    0x0800f3ac       0x94 /Applications/STM32CubeIDE.app/Contents/Eclipse/plugins/com.st.stm32cube.ide.mcu.externaltools.gnu-tools-for-stm32.14.3.rel1.macosaarch64_1.0.0.202602081740/tools/bin/../lib/gcc/arm-none-eabi/14.3.1/../../../../arm-none-eabi/lib/thumb/v7e-m+fp/hard/libc_nano.a(libc_a-mprec.o)
                0x0800f3ac                __b2d
 .text.__d2b    0x0800f440       0xb0 /Applications/STM32CubeIDE.app/Contents/Eclipse/plugins/com.st.stm32cube.ide.mcu.externaltools.gnu-tools-for-stm32.14.3.rel1.macosaarch64_1.0.0.202602081740/tools/bin/../lib/gcc/arm-none-eabi/14.3.1/../../../../arm-none-eabi/lib/thumb/v7e-m+fp/hard/libc_nano.a(libc_a-mprec.o)
                0x0800f440                __d2b
 .text.__ratio  0x0800f4f0       0x64 /Applications/STM32CubeIDE.app/Contents/Eclipse/plugins/com.st.stm32cube.ide.mcu.externaltools.gnu-tools-for-stm32.14.3.rel1.macosaarch64_1.0.0.202602081740/tools/bin/../lib/gcc/arm-none-eabi/14.3.1/../../../../arm-none-eabi/lib/thumb/v7e-m+fp/hard/libc_nano.a(libc_a-mprec.o)
                0x0800f4f0                __ratio
 .text.__copybits
                0x0800f554       0x46 /Applications/STM32CubeIDE.app/Contents/Eclipse/plugins/com.st.stm32cube.ide.mcu.externaltools.gnu-tools-for-stm32.14.3.rel1.macosaarch64_1.0.0.202602081740/tools/bin/../lib/gcc/arm-none-eabi/14.3.1/../../../../arm-none-eabi/lib/thumb/v7e-m+fp/hard/libc_nano.a(libc_a-mprec.o)
                0x0800f554                __copybits
 .text.__any_on
                0x0800f59a       0x42 /Applications/STM32CubeIDE.app/Contents/Eclipse/plugins/com.st.stm32cube.ide.mcu.externaltools.gnu-tools-for-stm32.14.3.rel1.macosaarch64_1.0.0.202602081740/tools/bin/../lib/gcc/arm-none-eabi/14.3.1/../../../../arm-none-eabi/lib/thumb/v7e-m+fp/hard/libc_nano.a(libc_a-mprec.o)
                0x0800f59a                __any_on
 .text.__sread  0x0800f5dc       0x22 /Applications/STM32CubeIDE.app/Contents/Eclipse/plugins/com.st.stm32cube.ide.mcu.externaltools.gnu-tools-for-stm32.14.3.rel1.macosaarch64_1.0.0.202602081740/tools/bin/../lib/gcc/arm-none-eabi/14.3.1/../../../../arm-none-eabi/lib/thumb/v7e-m+fp/hard/libc_nano.a(libc_a-stdio.o)
                0x0800f5dc                __sread
 .text.__swrite
                0x0800f5fe       0x38 /Applications/STM32CubeIDE.app/Contents/Eclipse/plugins/com.st.stm32cube.ide.mcu.externaltools.gnu-tools-for-stm32.14.3.rel1.macosaarch64_1.0.0.202602081740/tools/bin/../lib/gcc/arm-none-eabi/14.3.1/../../../../arm-none-eabi/lib/thumb/v7e-m+fp/hard/libc_nano.a(libc_a-stdio.o)
                0x0800f5fe                __swrite
 .text.__sseek  0x0800f636       0x26 /Applications/STM32CubeIDE.app/Contents/Eclipse/plugins/com.st.stm32cube.ide.mcu.externaltools.gnu-tools-for-stm32.14.3.rel1.macosaarch64_1.0.0.202602081740/tools/bin/../lib/gcc/arm-none-eabi/14.3.1/../../../../arm-none-eabi/lib/thumb/v7e-m+fp/hard/libc_nano.a(libc_a-stdio.o)
                0x0800f636                __sseek
 .text.__sclose
                0x0800f65c        0x8 /Applications/STM32CubeIDE.app/Contents/Eclipse/plugins/com.st.stm32cube.ide.mcu.externaltools.gnu-tools-for-stm32.14.3.rel1.macosaarch64_1.0.0.202602081740/tools/bin/../lib/gcc/arm-none-eabi/14.3.1/../../../../arm-none-eabi/lib/thumb/v7e-m+fp/hard/libc_nano.a(libc_a-stdio.o)
                0x0800f65c                __sclose
 .text.__ascii_wctomb
                0x0800f664       0x1a /Applications/STM32CubeIDE.app/Contents/Eclipse/plugins/com.st.stm32cube.ide.mcu.externaltools.gnu-tools-for-stm32.14.3.rel1.macosaarch64_1.0.0.202602081740/tools/bin/../lib/gcc/arm-none-eabi/14.3.1/../../../../arm-none-eabi/lib/thumb/v7e-m+fp/hard/libc_nano.a(libc_a-wctomb_r.o)
                0x0800f664                __ascii_wctomb
 *fill*         0x0800f67e        0x2 
 .text._lseek_r
                0x0800f680       0x24 /Applications/STM32CubeIDE.app/Contents/Eclipse/plugins/com.st.stm32cube.ide.mcu.externaltools.gnu-tools-for-stm32.14.3.rel1.macosaarch64_1.0.0.202602081740/tools/bin/../lib/gcc/arm-none-eabi/14.3.1/../../../../arm-none-eabi/lib/thumb/v7e-m+fp/hard/libc_nano.a(libc_a-lseekr.o)
                0x0800f680                _lseek_r
 .text._read_r  0x0800f6a4       0x24 /Applications/STM32CubeIDE.app/Contents/Eclipse/plugins/com.st.stm32cube.ide.mcu.externaltools.gnu-tools-for-stm32.14.3.rel1.macosaarch64_1.0.0.202602081740/tools/bin/../lib/gcc/arm-none-eabi/14.3.1/../../../../arm-none-eabi/lib/thumb/v7e-m+fp/hard/libc_nano.a(libc_a-readr.o)
                0x0800f6a4                _read_r
 .text._sbrk_r  0x0800f6c8       0x20 /Applications/STM32CubeIDE.app/Contents/Eclipse/plugins/com.st.stm32cube.ide.mcu.externaltools.gnu-tools-for-stm32.14.3.rel1.macosaarch64_1.0.0.202602081740/tools/bin/../lib/gcc/arm-none-eabi/14.3.1/../../../../arm-none-eabi/lib/thumb/v7e-m+fp/hard/libc_nano.a(libc_a-sbrkr.o)
                0x0800f6c8                _sbrk_r
 .text._write_r
                0x0800f6e8       0x24 /Applications/STM32CubeIDE.app/Contents/Eclipse/plugins/com.st.stm32cube.ide.mcu.externaltools.gnu-tools-for-stm32.14.3.rel1.macosaarch64_1.0.0.202602081740/tools/bin/../lib/gcc/arm-none-eabi/14.3.1/../../../../arm-none-eabi/lib/thumb/v7e-m+fp/hard/libc_nano.a(libc_a-writer.o)
                0x0800f6e8                _write_r
 .text._close_r
                0x0800f70c       0x20 /Applications/STM32CubeIDE.app/Contents/Eclipse/plugins/com.st.stm32cube.ide.mcu.externaltools.gnu-tools-for-stm32.14.3.rel1.macosaarch64_1.0.0.202602081740/tools/bin/../lib/gcc/arm-none-eabi/14.3.1/../../../../arm-none-eabi/lib/thumb/v7e-m+fp/hard/libc_nano.a(libc_a-closer.o)
                0x0800f70c                _close_r
 .text.__assert_func
                0x0800f72c       0x3c /Applications/STM32CubeIDE.app/Contents/Eclipse/plugins/com.st.stm32cube.ide.mcu.externaltools.gnu-tools-for-stm32.14.3.rel1.macosaarch64_1.0.0.202602081740/tools/bin/../lib/gcc/arm-none-eabi/14.3.1/../../../../arm-none-eabi/lib/thumb/v7e-m+fp/hard/libc_nano.a(libc_a-assert.o)
                0x0800f72c                __assert_func
 .text._calloc_r
                0x0800f768       0x28 /Applications/STM32CubeIDE.app/Contents/Eclipse/plugins/com.st.stm32cube.ide.mcu.externaltools.gnu-tools-for-stm32.14.3.rel1.macosaarch64_1.0.0.202602081740/tools/bin/../lib/gcc/arm-none-eabi/14.3.1/../../../../arm-none-eabi/lib/thumb/v7e-m+fp/hard/libc_nano.a(libc_a-callocr.o)
                0x0800f768                _calloc_r
 .text._free_r  0x0800f790       0x94 /Applications/STM32CubeIDE.app/Contents/Eclipse/plugins/com.st.stm32cube.ide.mcu.externaltools.gnu-tools-for-stm32.14.3.rel1.macosaarch64_1.0.0.202602081740/tools/bin/../lib/gcc/arm-none-eabi/14.3.1/../../../../arm-none-eabi/lib/thumb/v7e-m+fp/hard/libc_nano.a(libc_a-freer.o)
                0x0800f790                _free_r
 .text.malloc   0x0800f824       0x10 /Applications/STM32CubeIDE.app/Contents/Eclipse/plugins/com.st.stm32cube.ide.mcu.externaltools.gnu-tools-for-stm32.14.3.rel1.macosaarch64_1.0.0.202602081740/tools/bin/../lib/gcc/arm-none-eabi/14.3.1/../../../../arm-none-eabi/lib/thumb/v7e-m+fp/hard/libc_nano.a(libc_a-malloc.o)
                0x0800f824                malloc
 .text.fprintf  0x0800f834       0x24 /Applications/STM32CubeIDE.app/Contents/Eclipse/plugins/com.st.stm32cube.ide.mcu.externaltools.gnu-tools-for-stm32.14.3.rel1.macosaarch64_1.0.0.202602081740/tools/bin/../lib/gcc/arm-none-eabi/14.3.1/../../../../arm-none-eabi/lib/thumb/v7e-m+fp/hard/libc_nano.a(libc_a-fprintf.o)
                0x0800f834                fprintf
                0x0800f834                fiprintf
 .text.abort    0x0800f858        0xe /Applications/STM32CubeIDE.app/Contents/Eclipse/plugins/com.st.stm32cube.ide.mcu.externaltools.gnu-tools-for-stm32.14.3.rel1.macosaarch64_1.0.0.202602081740/tools/bin/../lib/gcc/arm-none-eabi/14.3.1/../../../../arm-none-eabi/lib/thumb/v7e-m+fp/hard/libc_nano.a(libc_a-abort.o)
                0x0800f858                abort
 .text.__sfputc_r
                0x0800f866       0x2e /Applications/STM32CubeIDE.app/Contents/Eclipse/plugins/com.st.stm32cube.ide.mcu.externaltools.gnu-tools-for-stm32.14.3.rel1.macosaarch64_1.0.0.202602081740/tools/bin/../lib/gcc/arm-none-eabi/14.3.1/../../../../arm-none-eabi/lib/thumb/v7e-m+fp/hard/libc_nano.a(libc_a-nano-vfprintf.o)
 .text.__sfputs_r
                0x0800f894       0x24 /Applications/STM32CubeIDE.app/Contents/Eclipse/plugins/com.st.stm32cube.ide.mcu.externaltools.gnu-tools-for-stm32.14.3.rel1.macosaarch64_1.0.0.202602081740/tools/bin/../lib/gcc/arm-none-eabi/14.3.1/../../../../arm-none-eabi/lib/thumb/v7e-m+fp/hard/libc_nano.a(libc_a-nano-vfprintf.o)
                0x0800f894                __sfputs_r
 .text._vfprintf_r
                0x0800f8b8      0x228 /Applications/STM32CubeIDE.app/Contents/Eclipse/plugins/com.st.stm32cube.ide.mcu.externaltools.gnu-tools-for-stm32.14.3.rel1.macosaarch64_1.0.0.202602081740/tools/bin/../lib/gcc/arm-none-eabi/14.3.1/../../../../arm-none-eabi/lib/thumb/v7e-m+fp/hard/libc_nano.a(libc_a-nano-vfprintf.o)
                0x0800f8b8                _vfiprintf_r
                0x0800f8b8                _vfprintf_r
 .text._printf_common
                0x0800fae0       0xda /Applications/STM32CubeIDE.app/Contents/Eclipse/plugins/com.st.stm32cube.ide.mcu.externaltools.gnu-tools-for-stm32.14.3.rel1.macosaarch64_1.0.0.202602081740/tools/bin/../lib/gcc/arm-none-eabi/14.3.1/../../../../arm-none-eabi/lib/thumb/v7e-m+fp/hard/libc_nano.a(libc_a-nano-vfprintf_i.o)
                0x0800fae0                _printf_common
 *fill*         0x0800fbba        0x2 
 .text._printf_i
                0x0800fbbc      0x24c /Applications/STM32CubeIDE.app/Contents/Eclipse/plugins/com.st.stm32cube.ide.mcu.externaltools.gnu-tools-for-stm32.14.3.rel1.macosaarch64_1.0.0.202602081740/tools/bin/../lib/gcc/arm-none-eabi/14.3.1/../../../../arm-none-eabi/lib/thumb/v7e-m+fp/hard/libc_nano.a(libc_a-nano-vfprintf_i.o)
                0x0800fbbc                _printf_i
 .text.__swbuf_r
                0x0800fe08       0x7c /Applications/STM32CubeIDE.app/Contents/Eclipse/plugins/com.st.stm32cube.ide.mcu.externaltools.gnu-tools-for-stm32.14.3.rel1.macosaarch64_1.0.0.202602081740/tools/bin/../lib/gcc/arm-none-eabi/14.3.1/../../../../arm-none-eabi/lib/thumb/v7e-m+fp/hard/libc_nano.a(libc_a-wbuf.o)
                0x0800fe08                __swbuf_r
 .text.__swsetup_r
                0x0800fe84       0xa8 /Applications/STM32CubeIDE.app/Contents/Eclipse/plugins/com.st.stm32cube.ide.mcu.externaltools.gnu-tools-for-stm32.14.3.rel1.macosaarch64_1.0.0.202602081740/tools/bin/../lib/gcc/arm-none-eabi/14.3.1/../../../../arm-none-eabi/lib/thumb/v7e-m+fp/hard/libc_nano.a(libc_a-wsetup.o)
                0x0800fe84                __swsetup_r
 .text.__swhatbuf_r
                0x0800ff2c       0x48 /Applications/STM32CubeIDE.app/Contents/Eclipse/plugins/com.st.stm32cube.ide.mcu.externaltools.gnu-tools-for-stm32.14.3.rel1.macosaarch64_1.0.0.202602081740/tools/bin/../lib/gcc/arm-none-eabi/14.3.1/../../../../arm-none-eabi/lib/thumb/v7e-m+fp/hard/libc_nano.a(libc_a-makebuf.o)
                0x0800ff2c                __swhatbuf_r
 .text.__smakebuf_r
                0x0800ff74       0x72 /Applications/STM32CubeIDE.app/Contents/Eclipse/plugins/com.st.stm32cube.ide.mcu.externaltools.gnu-tools-for-stm32.14.3.rel1.macosaarch64_1.0.0.202602081740/tools/bin/../lib/gcc/arm-none-eabi/14.3.1/../../../../arm-none-eabi/lib/thumb/v7e-m+fp/hard/libc_nano.a(libc_a-makebuf.o)
                0x0800ff74                __smakebuf_r
 .text._raise_r
                0x0800ffe6       0x50 /Applications/STM32CubeIDE.app/Contents/Eclipse/plugins/com.st.stm32cube.ide.mcu.externaltools.gnu-tools-for-stm32.14.3.rel1.macosaarch64_1.0.0.202602081740/tools/bin/../lib/gcc/arm-none-eabi/14.3.1/../../../../arm-none-eabi/lib/thumb/v7e-m+fp/hard/libc_nano.a(libc_a-signal.o)
                0x0800ffe6                _raise_r
 *fill*         0x08010036        0x2 
 .text.raise    0x08010038       0x10 /Applications/STM32CubeIDE.app/Contents/Eclipse/plugins/com.st.stm32cube.ide.mcu.externaltools.gnu-tools-for-stm32.14.3.rel1.macosaarch64_1.0.0.202602081740/tools/bin/../lib/gcc/arm-none-eabi/14.3.1/../../../../arm-none-eabi/lib/thumb/v7e-m+fp/hard/libc_nano.a(libc_a-signal.o)
                0x08010038                raise
 .text._isatty_r
                0x08010048       0x20 /Applications/STM32CubeIDE.app/Contents/Eclipse/plugins/com.st.stm32cube.ide.mcu.externaltools.gnu-tools-for-stm32.14.3.rel1.macosaarch64_1.0.0.202602081740/tools/bin/../lib/gcc/arm-none-eabi/14.3.1/../../../../arm-none-eabi/lib/thumb/v7e-m+fp/hard/libc_nano.a(libc_a-isattyr.o)
                0x08010048                _isatty_r
 .text._kill_r  0x08010068       0x24 /Applications/STM32CubeIDE.app/Contents/Eclipse/plugins/com.st.stm32cube.ide.mcu.externaltools.gnu-tools-for-stm32.14.3.rel1.macosaarch64_1.0.0.202602081740/tools/bin/../lib/gcc/arm-none-eabi/14.3.1/../../../../arm-none-eabi/lib/thumb/v7e-m+fp/hard/libc_nano.a(libc_a-signalr.o)
                0x08010068                _kill_r
 .text._getpid_r
                0x0801008c        0x4 /Applications/STM32CubeIDE.app/Contents/Eclipse/plugins/com.st.stm32cube.ide.mcu.externaltools.gnu-tools-for-stm32.14.3.rel1.macosaarch64_1.0.0.202602081740/tools/bin/../lib/gcc/arm-none-eabi/14.3.1/../../../../arm-none-eabi/lib/thumb/v7e-m+fp/hard/libc_nano.a(libc_a-signalr.o)
                0x0801008c                _getpid_r
 .text._fstat_r
                0x08010090       0x24 /Applications/STM32CubeIDE.app/Contents/Eclipse/plugins/com.st.stm32cube.ide.mcu.externaltools.gnu-tools-for-stm32.14.3.rel1.macosaarch64_1.0.0.202602081740/tools/bin/../lib/gcc/arm-none-eabi/14.3.1/../../../../arm-none-eabi/lib/thumb/v7e-m+fp/hard/libc_nano.a(libc_a-fstatr.o)
                0x08010090                _fstat_r
 .text.powf     0x080100b4       0xbc /Applications/STM32CubeIDE.app/Contents/Eclipse/plugins/com.st.stm32cube.ide.mcu.externaltools.gnu-tools-for-stm32.14.3.rel1.macosaarch64_1.0.0.202602081740/tools/bin/../lib/gcc/arm-none-eabi/14.3.1/../../../../arm-none-eabi/lib/thumb/v7e-m+fp/hard/libm.a(libm_a-wf_pow.o)
                0x080100b4                powf
 .text.finitef  0x08010170       0x14 /Applications/STM32CubeIDE.app/Contents/Eclipse/plugins/com.st.stm32cube.ide.mcu.externaltools.gnu-tools-for-stm32.14.3.rel1.macosaarch64_1.0.0.202602081740/tools/bin/../lib/gcc/arm-none-eabi/14.3.1/../../../../arm-none-eabi/lib/thumb/v7e-m+fp/hard/libm.a(libm_a-sf_finite.o)
                0x08010170                finitef
 .text.__ieee754_powf
                0x08010184      0x6b8 /Applications/STM32CubeIDE.app/Contents/Eclipse/plugins/com.st.stm32cube.ide.mcu.externaltools.gnu-tools-for-stm32.14.3.rel1.macosaarch64_1.0.0.202602081740/tools/bin/../lib/gcc/arm-none-eabi/14.3.1/../../../../arm-none-eabi/lib/thumb/v7e-m+fp/hard/libm.a(libm_a-ef_pow.o)
                0x08010184                __ieee754_powf
 .text.with_errnof
                0x0801083c       0x1c /Applications/STM32CubeIDE.app/Contents/Eclipse/plugins/com.st.stm32cube.ide.mcu.externaltools.gnu-tools-for-stm32.14.3.rel1.macosaarch64_1.0.0.202602081740/tools/bin/../lib/gcc/arm-none-eabi/14.3.1/../../../../arm-none-eabi/lib/thumb/v7e-m+fp/hard/libm.a(libm_a-math_errf.o)
 .text.xflowf   0x08010858       0x20 /Applications/STM32CubeIDE.app/Contents/Eclipse/plugins/com.st.stm32cube.ide.mcu.externaltools.gnu-tools-for-stm32.14.3.rel1.macosaarch64_1.0.0.202602081740/tools/bin/../lib/gcc/arm-none-eabi/14.3.1/../../../../arm-none-eabi/lib/thumb/v7e-m+fp/hard/libm.a(libm_a-math_errf.o)
 .text.__math_uflowf
                0x08010878        0xc /Applications/STM32CubeIDE.app/Contents/Eclipse/plugins/com.st.stm32cube.ide.mcu.externaltools.gnu-tools-for-stm32.14.3.rel1.macosaarch64_1.0.0.202602081740/tools/bin/../lib/gcc/arm-none-eabi/14.3.1/../../../../arm-none-eabi/lib/thumb/v7e-m+fp/hard/libm.a(libm_a-math_errf.o)
                0x08010878                __math_uflowf
 .text.__math_oflowf
                0x08010884        0xc /Applications/STM32CubeIDE.app/Contents/Eclipse/plugins/com.st.stm32cube.ide.mcu.externaltools.gnu-tools-for-stm32.14.3.rel1.macosaarch64_1.0.0.202602081740/tools/bin/../lib/gcc/arm-none-eabi/14.3.1/../../../../arm-none-eabi/lib/thumb/v7e-m+fp/hard/libm.a(libm_a-math_errf.o)
                0x08010884                __math_oflowf
 .text.scalbnf  0x08010890       0xdc /Applications/STM32CubeIDE.app/Contents/Eclipse/plugins/com.st.stm32cube.ide.mcu.externaltools.gnu-tools-for-stm32.14.3.rel1.macosaarch64_1.0.0.202602081740/tools/bin/../lib/gcc/arm-none-eabi/14.3.1/../../../../arm-none-eabi/lib/thumb/v7e-m+fp/hard/libm.a(libm_a-sf_scalbn.o)
                0x08010890                scalbnf
 .text.fabsf    0x0801096c       0x10 /Applications/STM32CubeIDE.app/Contents/Eclipse/plugins/com.st.stm32cube.ide.mcu.externaltools.gnu-tools-for-stm32.14.3.rel1.macosaarch64_1.0.0.202602081740/tools/bin/../lib/gcc/arm-none-eabi/14.3.1/../../../../arm-none-eabi/lib/thumb/v7e-m+fp/hard/libm.a(libm_a-sf_fabs.o)
                0x0801096c                fabsf
 .text.__ieee754_sqrtf
                0x0801097c        0x8 /Applications/STM32CubeIDE.app/Contents/Eclipse/plugins/com.st.stm32cube.ide.mcu.externaltools.gnu-tools-for-stm32.14.3.rel1.macosaarch64_1.0.0.202602081740/tools/bin/../lib/gcc/arm-none-eabi/14.3.1/../../../../arm-none-eabi/lib/thumb/v7e-m+fp/hard/libm.a(libm_a-ef_sqrt.o)
                0x0801097c                __ieee754_sqrtf
 *(.glue_7)
 .glue_7        0x08010984        0x0 linker stubs
 *(.glue_7t)
 .glue_7t       0x08010984        0x0 linker stubs
 *(.eh_frame)
 .eh_frame      0x08010984        0x0 /Applications/STM32CubeIDE.app/Contents/Eclipse/plugins/com.st.stm32cube.ide.mcu.externaltools.gnu-tools-for-stm32.14.3.rel1.macosaarch64_1.0.0.202602081740/tools/bin/../lib/gcc/arm-none-eabi/14.3.1/thumb/v7e-m+fp/hard/crtbegin.o
 *(.init)
 .init          0x08010984        0x4 /Applications/STM32CubeIDE.app/Contents/Eclipse/plugins/com.st.stm32cube.ide.mcu.externaltools.gnu-tools-for-stm32.14.3.rel1.macosaarch64_1.0.0.202602081740/tools/bin/../lib/gcc/arm-none-eabi/14.3.1/thumb/v7e-m+fp/hard/crti.o
                0x08010984                _init
 .init          0x08010988        0x8 /Applications/STM32CubeIDE.app/Contents/Eclipse/plugins/com.st.stm32cube.ide.mcu.externaltools.gnu-tools-for-stm32.14.3.rel1.macosaarch64_1.0.0.202602081740/tools/bin/../lib/gcc/arm-none-eabi/14.3.1/thumb/v7e-m+fp/hard/crtn.o
 *(.fini)
 .fini          0x08010990        0x4 /Applications/STM32CubeIDE.app/Contents/Eclipse/plugins/com.st.stm32cube.ide.mcu.externaltools.gnu-tools-for-stm32.14.3.rel1.macosaarch64_1.0.0.202602081740/tools/bin/../lib/gcc/arm-none-eabi/14.3.1/thumb/v7e-m+fp/hard/crti.o
                0x08010990                _fini
 .fini          0x08010994        0x8 /Applications/STM32CubeIDE.app/Contents/Eclipse/plugins/com.st.stm32cube.ide.mcu.externaltools.gnu-tools-for-stm32.14.3.rel1.macosaarch64_1.0.0.202602081740/tools/bin/../lib/gcc/arm-none-eabi/14.3.1/thumb/v7e-m+fp/hard/crtn.o
                0x0801099c                        . = ALIGN (0x4)
                0x0801099c                        _etext = .

.vfp11_veneer   0x0801099c        0x0
 .vfp11_veneer  0x0801099c        0x0 linker stubs

.v4_bx          0x0801099c        0x0
 .v4_bx         0x0801099c        0x0 linker stubs

.iplt           0x0801099c        0x0
 .iplt          0x0801099c        0x0 /Applications/STM32CubeIDE.app/Contents/Eclipse/plugins/com.st.stm32cube.ide.mcu.externaltools.gnu-tools-for-stm32.14.3.rel1.macosaarch64_1.0.0.202602081740/tools/bin/../lib/gcc/arm-none-eabi/14.3.1/thumb/v7e-m+fp/hard/crtbegin.o

.rodata         0x080109a0      0x4a8
                0x080109a0                        . = ALIGN (0x4)
 *(.rodata)
 .rodata        0x080109a0       0x1e ./Core/Src/app_neo6m.o
 *fill*         0x080109be        0x2 
 .rodata        0x080109c0       0x48 ./Core/Src/bmp3.o
 *(.rodata*)
 .rodata.cfg_rate_5hz.1
                0x08010a08        0x6 ./Core/Src/app_neo6m.o
 *fill*         0x08010a0e        0x2 
 .rodata.nmea_rate_table.0
                0x08010a10       0x1a ./Core/Src/app_neo6m.o
 *fill*         0x08010a2a        0x2 
 .rodata.g_led1
                0x08010a2c        0x8 ./Core/Src/main.o
 .rodata.g_led2
                0x08010a34        0x8 ./Core/Src/main.o
 .rodata.AHBPrescTable
                0x08010a3c       0x10 ./Core/Src/system_stm32g4xx.o
                0x08010a3c                AHBPrescTable
 .rodata.APBPrescTable
                0x08010a4c        0x8 ./Core/Src/system_stm32g4xx.o
                0x08010a4c                APBPrescTable
 .rodata.DLCtoBytes
                0x08010a54       0x10 ./Drivers/STM32G4xx_HAL_Driver/Src/stm32g4xx_hal_fdcan.o
 .rodata.UARTPrescTable
                0x08010a64       0x18 ./Drivers/STM32G4xx_HAL_Driver/Src/stm32g4xx_hal_uart.o
                0x08010a64                UARTPrescTable
 .rodata.numerator.1
                0x08010a7c        0x8 ./Drivers/STM32G4xx_HAL_Driver/Src/stm32g4xx_hal_uart_ex.o
 .rodata.denominator.0
                0x08010a84        0x8 ./Drivers/STM32G4xx_HAL_Driver/Src/stm32g4xx_hal_uart_ex.o
 .rodata._strtod_l.str1.1
                0x08010a8c      0x166 /Applications/STM32CubeIDE.app/Contents/Eclipse/plugins/com.st.stm32cube.ide.mcu.externaltools.gnu-tools-for-stm32.14.3.rel1.macosaarch64_1.0.0.202602081740/tools/bin/../lib/gcc/arm-none-eabi/14.3.1/../../../../arm-none-eabi/lib/thumb/v7e-m+fp/hard/libc_nano.a(libc_a-strtod.o)
                                  0xf (size before relaxing)
 *fill*         0x08010bf2        0x2 
 .rodata.fpinan.0
                0x08010bf4       0x14 /Applications/STM32CubeIDE.app/Contents/Eclipse/plugins/com.st.stm32cube.ide.mcu.externaltools.gnu-tools-for-stm32.14.3.rel1.macosaarch64_1.0.0.202602081740/tools/bin/../lib/gcc/arm-none-eabi/14.3.1/../../../../arm-none-eabi/lib/thumb/v7e-m+fp/hard/libc_nano.a(libc_a-strtod.o)
 .rodata.fpi.1  0x08010c08       0x14 /Applications/STM32CubeIDE.app/Contents/Eclipse/plugins/com.st.stm32cube.ide.mcu.externaltools.gnu-tools-for-stm32.14.3.rel1.macosaarch64_1.0.0.202602081740/tools/bin/../lib/gcc/arm-none-eabi/14.3.1/../../../../arm-none-eabi/lib/thumb/v7e-m+fp/hard/libc_nano.a(libc_a-strtod.o)
 *fill*         0x08010c1c        0x4 
 .rodata.tinytens
                0x08010c20       0x28 /Applications/STM32CubeIDE.app/Contents/Eclipse/plugins/com.st.stm32cube.ide.mcu.externaltools.gnu-tools-for-stm32.14.3.rel1.macosaarch64_1.0.0.202602081740/tools/bin/../lib/gcc/arm-none-eabi/14.3.1/../../../../arm-none-eabi/lib/thumb/v7e-m+fp/hard/libc_nano.a(libc_a-strtod.o)
 .rodata._setlocale_r.str1.1
                0x08010c48        0x9 /Applications/STM32CubeIDE.app/Contents/Eclipse/plugins/com.st.stm32cube.ide.mcu.externaltools.gnu-tools-for-stm32.14.3.rel1.macosaarch64_1.0.0.202602081740/tools/bin/../lib/gcc/arm-none-eabi/14.3.1/../../../../arm-none-eabi/lib/thumb/v7e-m+fp/hard/libc_nano.a(libc_a-locale.o)
 .rodata.str1.1
                0x08010c48        0x2 /Applications/STM32CubeIDE.app/Contents/Eclipse/plugins/com.st.stm32cube.ide.mcu.externaltools.gnu-tools-for-stm32.14.3.rel1.macosaarch64_1.0.0.202602081740/tools/bin/../lib/gcc/arm-none-eabi/14.3.1/../../../../arm-none-eabi/lib/thumb/v7e-m+fp/hard/libc_nano.a(libc_a-locale.o)
 .rodata._ctype_
                0x08010c48      0x101 /Applications/STM32CubeIDE.app/Contents/Eclipse/plugins/com.st.stm32cube.ide.mcu.externaltools.gnu-tools-for-stm32.14.3.rel1.macosaarch64_1.0.0.202602081740/tools/bin/../lib/gcc/arm-none-eabi/14.3.1/../../../../arm-none-eabi/lib/thumb/v7e-m+fp/hard/libc_nano.a(libc_a-ctype_.o)
                0x08010c48                _ctype_
 .rodata.__gethex.str1.1
                0x08010d49       0x73 /Applications/STM32CubeIDE.app/Contents/Eclipse/plugins/com.st.stm32cube.ide.mcu.externaltools.gnu-tools-for-stm32.14.3.rel1.macosaarch64_1.0.0.202602081740/tools/bin/../lib/gcc/arm-none-eabi/14.3.1/../../../../arm-none-eabi/lib/thumb/v7e-m+fp/hard/libc_nano.a(libc_a-gdtoa-gethex.o)
 .rodata._Balloc.str1.1
                0x08010d49       0x70 /Applications/STM32CubeIDE.app/Contents/Eclipse/plugins/com.st.stm32cube.ide.mcu.externaltools.gnu-tools-for-stm32.14.3.rel1.macosaarch64_1.0.0.202602081740/tools/bin/../lib/gcc/arm-none-eabi/14.3.1/../../../../arm-none-eabi/lib/thumb/v7e-m+fp/hard/libc_nano.a(libc_a-mprec.o)
 .rodata.__multadd.str1.1
                0x08010d49       0x11 /Applications/STM32CubeIDE.app/Contents/Eclipse/plugins/com.st.stm32cube.ide.mcu.externaltools.gnu-tools-for-stm32.14.3.rel1.macosaarch64_1.0.0.202602081740/tools/bin/../lib/gcc/arm-none-eabi/14.3.1/../../../../arm-none-eabi/lib/thumb/v7e-m+fp/hard/libc_nano.a(libc_a-mprec.o)
 *fill*         0x08010d49        0x3 
 .rodata.p05.0  0x08010d4c        0xc /Applications/STM32CubeIDE.app/Contents/Eclipse/plugins/com.st.stm32cube.ide.mcu.externaltools.gnu-tools-for-stm32.14.3.rel1.macosaarch64_1.0.0.202602081740/tools/bin/../lib/gcc/arm-none-eabi/14.3.1/../../../../arm-none-eabi/lib/thumb/v7e-m+fp/hard/libc_nano.a(libc_a-mprec.o)
 .rodata.__mprec_bigtens
                0x08010d58       0x28 /Applications/STM32CubeIDE.app/Contents/Eclipse/plugins/com.st.stm32cube.ide.mcu.externaltools.gnu-tools-for-stm32.14.3.rel1.macosaarch64_1.0.0.202602081740/tools/bin/../lib/gcc/arm-none-eabi/14.3.1/../../../../arm-none-eabi/lib/thumb/v7e-m+fp/hard/libc_nano.a(libc_a-mprec.o)
                0x08010d58                __mprec_bigtens