../Core/Src/app_neo6m.c:589:26:NEO6M_RestartRxIT	0	static
../Core/Src/app_neo6m.c:43:12:hex_to_int	0	static
../Core/Src/app_neo6m.c:70:16:parse_latlon_to_e7	32	static
../Core/Src/app_neo6m.c:273:26:NEO6M_SendUbx.constprop	48	static
../Core/Src/app_neo6m.c:51:12:split_csv.constprop	16	static
../Core/Src/app_neo6m.c:594:19:NEO6M_App_Init	32	static
../Core/Src/app_neo6m.c:622:19:NEO6M_App_ReadLatest	16	static,ignoring_inline_asm
../Core/Src/app_neo6m.c:642:9:NEO6M_App_HasFix	0	static
../Core/Src/app_neo6m.c:647:9:NEO6M_App_HasNewData	0	static
../Core/Src/app_neo6m.c:652:6:NEO6M_App_ClearNewData	0	static
../Core/Src/app_neo6m.c:657:6:NEO6M_App_Process	240	static,ignoring_inline_asm
../Core/Src/app_neo6m.c:673:6:HAL_UART_RxCpltCallback	8	static
../Core/Src/app_neo6m.c:688:6:HAL_UART_ErrorCallback	8	static
