../Core/Src/bmi3.c:5055:15:null_ptr_check	0	static
../Core/Src/bmi3.c:4643:15:check_boundary_val	16	static
../Core/Src/bmi3.c:8438:15:check_data_index.isra	0	static
../Core/Src/bmi3.c:1878:8:bmi3_get_regs	152	static
../Core/Src/bmi3.c:4533:15:get_accel_config	16	static
../Core/Src/bmi3.c:7640:15:get_alternate_accel_config	16	static
../Core/Src/bmi3.c:7722:15:get_alternate_gyro_config	16	static
../Core/Src/bmi3.c:1928:8:bmi3_set_regs	16	static
../Core/Src/bmi3.c:4456:15:set_accel_config	32	static
../Core/Src/bmi3.c:7601:15:set_alternate_accel_config	16	static
../Core/Src/bmi3.c:7683:15:set_alternate_gyro_config	16	static
../Core/Src/bmi3.c:7259:15:disable_alt_conf_acc_gyr_mode	16	static
../Core/Src/bmi3.c:8875:15:upload_file	24	static
../Core/Src/bmi3.c:8794:15:load_config_array	32	static
../Core/Src/bmi3.c:2053:8:bmi3_set_command_register	16	static
../Core/Src/bmi3.c:1964:8:bmi3_soft_reset	48	static
../Core/Src/bmi3.c:1812:8:bmi3_init	16	static
../Core/Src/bmi3.c:2074:8:bmi3_get_int1_status	16	static
../Core/Src/bmi3.c:2104:8:bmi3_get_int2_status	16	static
../Core/Src/bmi3.c:2139:8:bmi3_get_remap_axes	24	static
../Core/Src/bmi3.c:2241:8:bmi3_set_sensor_config	64	static
../Core/Src/bmi3.c:2333:8:bmi3_get_sensor_config	136	static
../Core/Src/bmi3.c:8090:15:validate_foc_accel_axis	64	static
../Core/Src/bmi3.c:2425:8:bmi3_map_interrupt	32	static
../Core/Src/bmi3.c:2472:8:bmi3_select_sensor	32	static
../Core/Src/bmi3.c:2498:8:bmi3_read_reg_data	0	static
../Core/Src/bmi3.c:2512:8:bmi3_get_sensor_data	88	static
../Core/Src/bmi3.c:2595:8:bmi3_get_error_status	16	static
../Core/Src/bmi3.c:2649:8:bmi3_get_feature_engine_error_status	24	static
../Core/Src/bmi3.c:2195:8:bmi3_set_remap_axes	128	static
../Core/Src/bmi3.c:2684:8:bmi3_set_int_pin_config	24	static
../Core/Src/bmi3.c:2780:8:bmi3_get_int_pin_config	24	static
../Core/Src/bmi3.c:2845:8:bmi3_get_sensor_time	16	static
../Core/Src/bmi3.c:2874:8:bmi3_read_fifo_data	24	static
../Core/Src/bmi3.c:2926:8:bmi3_extract_accel	72	static
../Core/Src/bmi3.c:3016:8:bmi3_extract_temperature	56	static
../Core/Src/bmi3.c:3101:8:bmi3_extract_gyro	64	static
../Core/Src/bmi3.c:3186:8:bmi3_set_fifo_wm	16	static
../Core/Src/bmi3.c:3211:8:bmi3_get_fifo_wm	16	static
../Core/Src/bmi3.c:3240:8:bmi3_set_fifo_config	24	static
../Core/Src/bmi3.c:3275:8:bmi3_get_fifo_config	16	static
../Core/Src/bmi3.c:3305:8:bmi3_get_fifo_length	16	static
../Core/Src/bmi3.c:3350:8:bmi3_perform_self_test	120	static
../Core/Src/bmi3.c:3442:8:bmi3_configure_enhanced_flexibility	16	static
../Core/Src/bmi3.c:3484:8:bmi3_get_config_version	32	static
../Core/Src/bmi3.c:3536:8:bmi3_perform_gyro_sc	128	static
../Core/Src/bmi3.c:3609:8:bmi3_set_i3c_tc_sync_tph	24	static
../Core/Src/bmi3.c:3644:8:bmi3_get_i3c_tc_sync_tph	16	static
../Core/Src/bmi3.c:3675:8:bmi3_set_i3c_tc_sync_tu	24	static
../Core/Src/bmi3.c:3701:8:bmi3_get_i3c_tc_sync_tu	16	static
../Core/Src/bmi3.c:3730:8:bmi3_set_i3c_tc_sync_odr	24	static
../Core/Src/bmi3.c:3755:8:bmi3_get_i3c_tc_sync_odr	16	static
../Core/Src/bmi3.c:3784:8:bmi3_get_i3c_sync_i3c_tc_res	24	static
../Core/Src/bmi3.c:3840:8:bmi3_set_i3c_sync_i3c_tc_res	24	static
../Core/Src/bmi3.c:3872:8:bmi3_alternate_config_ctrl	24	static
../Core/Src/bmi3.c:3895:8:bmi3_read_alternate_status	16	static
../Core/Src/bmi3.c:3923:8:bmi3_get_acc_dp_off_dgain	40	static
../Core/Src/bmi3.c:3967:8:bmi3_get_gyro_dp_off_dgain	40	static
../Core/Src/bmi3.c:4011:8:bmi3_set_acc_dp_off_dgain	40	static
../Core/Src/bmi3.c:4064:8:bmi3_set_gyro_dp_off_dgain	32	static
../Core/Src/bmi3.c:4119:8:bmi3_get_user_acc_off_dgain	32	static
../Core/Src/bmi3.c:4164:8:bmi3_set_user_acc_off_dgain	40	static
../Core/Src/bmi3.c:4298:8:bmi3_get_sensor_status	16	static
../Core/Src/bmi3.c:8148:15:perform_accel_foc	136	static
../Core/Src/bmi3.c:4240:8:bmi3_perform_accel_foc	136	static
../Core/Src/bmi3.c:4324:8:bmi3_get_i3c_ibi_status	16	static
../Core/Src/bmi3.c:4353:8:bmi3_get_acc_gyr_off_gain_reset	24	static
../Core/Src/bmi3.c:4413:8:bmi3_set_acc_gyr_off_gain_reset	24	static
