../Core/Src/app_neo6m.c:38:12:hex_to_int	16	static
../Core/Src/app_neo6m.c:46:12:split_csv	32	static
../Core/Src/app_neo6m.c:65:16:parse_latlon_to_e7	72	static
../Core/Src/app_neo6m.c:100:17:parse_u16_scaled_10	24	static
../Core/Src/app_neo6m.c:123:16:parse_i16_scaled_10	24	static
../Core/Src/app_neo6m.c:151:17:knots_to_centi_kmh	32	static
../Core/Src/app_neo6m.c:176:17:degrees_to_cdeg	24	static
../Core/Src/app_neo6m.c:199:17:NEO6M_RingAdvance	16	static
../Core/Src/app_neo6m.c:210:13:NEO6M_RxPushByte	24	static
../Core/Src/app_neo6m.c:224:16:NEO6M_RxPopByte	32	static,ignoring_inline_asm
../Core/Src/app_neo6m.c:252:13:NEO6M_HandleRxOverflow	16	static,ignoring_inline_asm
../Core/Src/app_neo6m.c:268:16:NEO6M_ChecksumOk	40	static
../Core/Src/app_neo6m.c:308:13:NEO6M_ParseRMC	88	static
../Core/Src/app_neo6m.c:360:13:NEO6M_ParseGGA	88	static
../Core/Src/app_neo6m.c:386:13:NEO6M_ProcessLine	152	static
../Core/Src/app_neo6m.c:425:13:NEO6M_ProcessRxBuffer	16	static
../Core/Src/app_neo6m.c:477:26:NEO6M_RestartRxIT	8	static
../Core/Src/app_neo6m.c:482:19:NEO6M_App_Init	8	static
../Core/Src/app_neo6m.c:505:19:NEO6M_App_ReadLatest	24	static,ignoring_inline_asm
../Core/Src/app_neo6m.c:525:9:NEO6M_App_HasFix	4	static
../Core/Src/app_neo6m.c:530:9:NEO6M_App_HasNewData	4	static
../Core/Src/app_neo6m.c:535:6:NEO6M_App_ClearNewData	4	static
../Core/Src/app_neo6m.c:540:6:NEO6M_App_Process	8	static
../Core/Src/app_neo6m.c:556:6:HAL_UART_RxCpltCallback	16	static
../Core/Src/app_neo6m.c:571:6:HAL_UART_ErrorCallback	16	static
