../Core/Src/app_neo6m.c:43:12:hex_to_int	16	static
../Core/Src/app_neo6m.c:51:12:split_csv	32	static
../Core/Src/app_neo6m.c:70:16:parse_latlon_to_e7	72	static
../Core/Src/app_neo6m.c:105:17:parse_u16_scaled_10	24	static
../Core/Src/app_neo6m.c:128:16:parse_i16_scaled_10	24	static
../Core/Src/app_neo6m.c:156:17:knots_to_centi_kmh	32	static
../Core/Src/app_neo6m.c:181:17:degrees_to_cdeg	24	static
../Core/Src/app_neo6m.c:204:17:NEO6M_RingAdvance	16	static
../Core/Src/app_neo6m.c:215:13:NEO6M_RxPushByte	24	static
../Core/Src/app_neo6m.c:229:16:NEO6M_RxPopByte	32	static,ignoring_inline_asm
../Core/Src/app_neo6m.c:257:13:NEO6M_HandleRxOverflow	16	static,ignoring_inline_asm
../Core/Src/app_neo6m.c:273:26:NEO6M_SendUbx	56	static
../Core/Src/app_neo6m.c:316:26:NEO6M_SetMessageRate	24	static
../Core/Src/app_neo6m.c:327:26:NEO6M_ConfigureReceiver	16	static
../Core/Src/app_neo6m.c:380:16:NEO6M_ChecksumOk	40	static
../Core/Src/app_neo6m.c:420:13:NEO6M_ParseRMC	88	static
../Core/Src/app_neo6m.c:472:13:NEO6M_ParseGGA	88	static
../Core/Src/app_neo6m.c:498:13:NEO6M_ProcessLine	152	static
../Core/Src/app_neo6m.c:537:13:NEO6M_ProcessRxBuffer	16	static
../Core/Src/app_neo6m.c:589:26:NEO6M_RestartRxIT	8	static
../Core/Src/app_neo6m.c:594:19:NEO6M_App_Init	8	static
../Core/Src/app_neo6m.c:622:19:NEO6M_App_ReadLatest	24	static,ignoring_inline_asm
../Core/Src/app_neo6m.c:642:9:NEO6M_App_HasFix	4	static
../Core/Src/app_neo6m.c:647:9:NEO6M_App_HasNewData	4	static
../Core/Src/app_neo6m.c:652:6:NEO6M_App_ClearNewData	4	static
../Core/Src/app_neo6m.c:657:6:NEO6M_App_Process	8	static
../Core/Src/app_neo6m.c:673:6:HAL_UART_RxCpltCallback	16	static
../Core/Src/app_neo6m.c:688:6:HAL_UART_ErrorCallback	16	static
