../Core/Src/main.c:107:13:APP_LED_On	16	static
../Core/Src/main.c:112:13:APP_LED_Off	16	static
../Core/Src/main.c:117:13:APP_LED_Set	16	static
../Core/Src/main.c:129:13:APP_LED_AllOff	8	static
../Core/Src/main.c:135:6:Error_Handler_SetCode	16	static
../Core/Src/main.c:143:13:APP_ErrorDelayMs	16	static
../Core/Src/main.c:154:13:APP_ErrorPatternLoop	24	static
../Core/Src/main.c:182:13:APP_Heartbeat_Update	24	static
../Core/Src/main.c:202:26:CAN_App_Init	8	static
../Core/Src/main.c:214:13:APP_Init	8	static
../Core/Src/main.c:249:13:APP_Run	48	static
../Core/Src/main.c:320:5:main	8	static
../Core/Src/main.c:370:6:SystemClock_Config	88	static
../Core/Src/main.c:414:6:Error_Handler	8	static
../Core/Src/main.c:421:6:Error_HandlerEx	16	static,ignoring_inline_asm
