../Core/Src/main.c:132:13:APP_LED_On	16	static
../Core/Src/main.c:137:13:APP_LED_Off	16	static
../Core/Src/main.c:142:13:APP_LED_Set	16	static
../Core/Src/main.c:154:13:APP_LED_AllOff	8	static
../Core/Src/main.c:160:6:Error_Handler_SetCode	16	static
../Core/Src/main.c:168:13:APP_ErrorDelayMs	16	static
../Core/Src/main.c:179:13:APP_ErrorPatternLoop	24	static
../Core/Src/main.c:207:16:APP_GpsAltitudeIsValid	16	static
../Core/Src/main.c:225:16:APP_AltitudeDmToCm	16	static
../Core/Src/main.c:230:26:APP_BaroComputeSeaLevelPressure	32	static
../Core/Src/main.c:258:26:APP_BaroComputeAltitudeCm	40	static
../Core/Src/main.c:293:13:APP_RecomputeFusedAltitude	32	static
../Core/Src/main.c:346:13:APP_UpdateBaroReferenceFromGps	32	static
../Core/Src/main.c:374:13:APP_Heartbeat_Update	24	static
../Core/Src/main.c:394:26:CAN_App_Init	8	static
../Core/Src/main.c:406:13:APP_Init	8	static
../Core/Src/main.c:446:13:APP_Run	128	static
../Core/Src/main.c:544:5:main	8	static
../Core/Src/main.c:594:6:SystemClock_Config	88	static
../Core/Src/main.c:638:6:Error_Handler	8	static
../Core/Src/main.c:645:6:Error_HandlerEx	16	static,ignoring_inline_asm
