../Core/Src/main.c:138:13:APP_LED_On	16	static
../Core/Src/main.c:143:13:APP_LED_Off	16	static
../Core/Src/main.c:148:13:APP_LED_Set	16	static
../Core/Src/main.c:160:13:APP_LED_AllOff	8	static
../Core/Src/main.c:166:6:Error_Handler_SetCode	16	static
../Core/Src/main.c:174:13:APP_ErrorDelayMs	16	static
../Core/Src/main.c:185:13:APP_ErrorPatternLoop	24	static
../Core/Src/main.c:213:16:APP_GpsAltitudeIsValid	16	static
../Core/Src/main.c:231:16:APP_AltitudeDmToCm	16	static
../Core/Src/main.c:236:26:APP_BaroComputeSeaLevelPressure	32	static
../Core/Src/main.c:264:26:APP_BaroComputeAltitudeCm	40	static
../Core/Src/main.c:299:13:APP_RecomputeFusedAltitude	32	static
../Core/Src/main.c:352:13:APP_UpdateBaroReferenceFromGps	32	static
../Core/Src/main.c:380:13:APP_Heartbeat_Update	24	static
../Core/Src/main.c:400:26:CAN_App_Init	8	static
../Core/Src/main.c:426:13:APP_Init	8	static
../Core/Src/main.c:466:13:APP_Run	128	static
../Core/Src/main.c:564:5:main	8	static
../Core/Src/main.c:614:6:SystemClock_Config	88	static
../Core/Src/main.c:658:6:Error_Handler	8	static
../Core/Src/main.c:665:6:Error_HandlerEx	16	static,ignoring_inline_asm
